Archive member included to satisfy reference by file (symbol)

C:/WorkArea/Repositories/dwm-simple_example/dwm_ses_d14_dcdc/dwm/examples/dwm-timer/../../lib/libdwm.a(ble-server.o)
                              C:/WorkArea/Repositories/dwm-simple_example/dwm_ses_d14_dcdc/dwm/examples/dwm-timer/../../lib/dwm.o (ble_add_shell_cmds)
C:/WorkArea/Repositories/dwm-simple_example/dwm_ses_d14_dcdc/dwm/examples/dwm-timer/../../lib/libdwm.a(ble_srv_common.o)
                              C:/WorkArea/Repositories/dwm-simple_example/dwm_ses_d14_dcdc/dwm/examples/dwm-timer/../../lib/libdwm.a(ble-server.o) (ble_srv_is_notification_enabled)
C:/WorkArea/Repositories/dwm-simple_example/dwm_ses_d14_dcdc/dwm/examples/dwm-timer/../../lib/libdwm.a(dw1000.o)
                              C:/WorkArea/Repositories/dwm-simple_example/dwm_ses_d14_dcdc/dwm/examples/dwm-timer/../../lib/libdwm.a(ble-server.o) (dw_rand)
C:/WorkArea/Repositories/dwm-simple_example/dwm_ses_d14_dcdc/dwm/examples/dwm-timer/../../lib/libdwm.a(dwm-math.o)
                              C:/WorkArea/Repositories/dwm-simple_example/dwm_ses_d14_dcdc/dwm/examples/dwm-timer/../../lib/libdwm.a(dw1000.o) (flog10)
C:/WorkArea/Repositories/dwm-simple_example/dwm_ses_d14_dcdc/dwm/examples/dwm-timer/../../lib/libdwm.a(dwm.o)
                              C:/WorkArea/Repositories/dwm-simple_example/dwm_ses_d14_dcdc/dwm/examples/dwm-timer/output/compiler/dwm-timer.o (dwm_interrupt_register)
C:/WorkArea/Repositories/dwm-simple_example/dwm_ses_d14_dcdc/dwm/examples/dwm-timer/../../lib/libdwm.a(env-tlv.o)
                              C:/WorkArea/Repositories/dwm-simple_example/dwm_ses_d14_dcdc/dwm/examples/dwm-timer/../../lib/dwm.o (env_load)
C:/WorkArea/Repositories/dwm-simple_example/dwm_ses_d14_dcdc/dwm/examples/dwm-timer/../../lib/libdwm.a(fwup.o)
                              C:/WorkArea/Repositories/dwm-simple_example/dwm_ses_d14_dcdc/dwm/examples/dwm-timer/../../lib/libdwm.a(ble-server.o) (fwup_rcvr_in_progress)
C:/WorkArea/Repositories/dwm-simple_example/dwm_ses_d14_dcdc/dwm/examples/dwm-timer/../../lib/libdwm.a(hal.o)
                              C:/WorkArea/Repositories/dwm-simple_example/dwm_ses_d14_dcdc/dwm/examples/dwm-timer/../../lib/libdwm.a(dwm.o) (hal_factory_reset)
C:/WorkArea/Repositories/dwm-simple_example/dwm_ses_d14_dcdc/dwm/examples/dwm-timer/../../lib/libdwm.a(nrf_drv_rng.o)
                              C:/WorkArea/Repositories/dwm-simple_example/dwm_ses_d14_dcdc/dwm/examples/dwm-timer/../../lib/libdwm.a(hal.o) (nrf_drv_rng_init)
C:/WorkArea/Repositories/dwm-simple_example/dwm_ses_d14_dcdc/dwm/examples/dwm-timer/../../lib/libdwm.a(pm.o)
                              C:/WorkArea/Repositories/dwm-simple_example/dwm_ses_d14_dcdc/dwm/examples/dwm-timer/../../lib/libdwm.a(ble-server.o) (pm_sched_signal)
C:/WorkArea/Repositories/dwm-simple_example/dwm_ses_d14_dcdc/dwm/examples/dwm-timer/../../lib/libdwm.a(process-api.o)
                              C:/WorkArea/Repositories/dwm-simple_example/dwm_ses_d14_dcdc/dwm/examples/dwm-timer/../../lib/dwm.o (api_thread_start)
C:/WorkArea/Repositories/dwm-simple_example/dwm_ses_d14_dcdc/dwm/examples/dwm-timer/../../lib/libdwm.a(process-ble.o)
                              C:/WorkArea/Repositories/dwm-simple_example/dwm_ses_d14_dcdc/dwm/examples/dwm-timer/../../lib/libdwm.a(ble-server.o) (ble_server_evt_put)
C:/WorkArea/Repositories/dwm-simple_example/dwm_ses_d14_dcdc/dwm/examples/dwm-timer/../../lib/libdwm.a(process-le.o)
                              C:/WorkArea/Repositories/dwm-simple_example/dwm_ses_d14_dcdc/dwm/examples/dwm-timer/../../lib/dwm.o (le_init)
C:/WorkArea/Repositories/dwm-simple_example/dwm_ses_d14_dcdc/dwm/examples/dwm-timer/../../lib/libdwm.a(process-pm.o)
                              C:/WorkArea/Repositories/dwm-simple_example/dwm_ses_d14_dcdc/dwm/examples/dwm-timer/../../lib/dwm.o (hal_pm_init)
C:/WorkArea/Repositories/dwm-simple_example/dwm_ses_d14_dcdc/dwm/examples/dwm-timer/../../lib/libdwm.a(process-svc.o)
                              C:/WorkArea/Repositories/dwm-simple_example/dwm_ses_d14_dcdc/dwm/examples/dwm-timer/../../lib/dwm.o (svc_init)
C:/WorkArea/Repositories/dwm-simple_example/dwm_ses_d14_dcdc/dwm/examples/dwm-timer/../../lib/libdwm.a(process-uwbmac.o)
                              C:/WorkArea/Repositories/dwm-simple_example/dwm_ses_d14_dcdc/dwm/examples/dwm-timer/../../lib/dwm.o (uwbmac_init)
C:/WorkArea/Repositories/dwm-simple_example/dwm_ses_d14_dcdc/dwm/examples/dwm-timer/../../lib/libdwm.a(process-uwb.o)
                              C:/WorkArea/Repositories/dwm-simple_example/dwm_ses_d14_dcdc/dwm/examples/dwm-timer/../../lib/dwm.o (uwb_init)
C:/WorkArea/Repositories/dwm-simple_example/dwm_ses_d14_dcdc/dwm/examples/dwm-timer/../../lib/libdwm.a(serial.o)
                              C:/WorkArea/Repositories/dwm-simple_example/dwm_ses_d14_dcdc/dwm/examples/dwm-timer/../../lib/dwm.o (serial_start)
[...]
Memory Configuration

Name             Origin             Length             Attributes
sram             0x200035e0         0x0000ba20
flash            0x00044000         0x0003c000
*default*        0x00000000         0xffffffff

Linker script and memory map

LOAD C:/WorkArea/Repositories/dwm-simple_example/dwm_ses_d14_dcdc/dwm/examples/dwm-timer/../../lib\vectors.o
LOAD C:/WorkArea/Repositories/dwm-simple_example/dwm_ses_d14_dcdc/dwm/examples/dwm-timer/output/compiler/dwm-timer.o
LOAD C:/WorkArea/Repositories/dwm-simple_example/dwm_ses_d14_dcdc/dwm/examples/dwm-timer/output/compiler/nrf_drv_timer.o
LOAD C:/WorkArea/Repositories/dwm-simple_example/dwm_ses_d14_dcdc/dwm/examples/dwm-timer/../../lib/dwm.o
LOAD C:/WorkArea/Repositories/dwm-simple_example/dwm_ses_d14_dcdc/dwm/examples/dwm-timer/../../lib/libdwm.a
LOAD c:/program files (x86)/gnu tools arm embedded/5.4 2016q3/bin/../lib/gcc/arm-none-eabi/5.4.1/../../../../arm-none-eabi/lib/armv7e-m/fpu\libm.a
LOAD c:/program files (x86)/gnu tools arm embedded/5.4 2016q3/bin/../lib/gcc/arm-none-eabi/5.4.1/armv7e-m/fpu\libgcc.a
LOAD c:/program files (x86)/gnu tools arm embedded/5.4 2016q3/bin/../lib/gcc/arm-none-eabi/5.4.1/../../../../arm-none-eabi/lib/armv7e-m/fpu\libc.a
LOAD c:/program files (x86)/gnu tools arm embedded/5.4 2016q3/bin/../lib/gcc/arm-none-eabi/5.4.1/../../../../arm-none-eabi/lib/armv7e-m/fpu\libnosys.a
LOAD C:/WorkArea/Repositories/dwm-simple_example/dwm_ses_d14_dcdc/dwm/examples/dwm-timer/../../lib\extras.o
START GROUP
LOAD C:/WorkArea/Repositories/dwm-simple_example/dwm_ses_d14_dcdc/dwm/examples/dwm-timer/../../lib\libtarget.a
LOAD c:/program files (x86)/gnu tools arm embedded/5.4 2016q3/bin/../lib/gcc/arm-none-eabi/5.4.1/armv7e-m/fpu\libgcc.a
LOAD c:/program files (x86)/gnu tools arm embedded/5.4 2016q3/bin/../lib/gcc/arm-none-eabi/5.4.1/../../../../arm-none-eabi/lib/armv7e-m/fpu\libsupc++.a
END GROUP

.debug_aranges  0x00000000      0x178
 *(.debug_aranges)
 .debug_aranges
                0x00000000       0x50 C:/WorkArea/Repositories/dwm-simple_example/dwm_ses_d14_dcdc/dwm/examples/dwm-timer/output/compiler/dwm-timer.o
 .debug_aranges
                0x00000050      0x128 C:/WorkArea/Repositories/dwm-simple_example/dwm_ses_d14_dcdc/dwm/examples/dwm-timer/output/compiler/nrf_drv_timer.o

.debug_pubnames
 *(.debug_pubnames)

.debug_info     0x00000000     0x16ea
 *(.debug_info)
 .debug_info    0x00000000      0x6f4 C:/WorkArea/Repositories/dwm-simple_example/dwm_ses_d14_dcdc/dwm/examples/dwm-timer/output/compiler/dwm-timer.o
 .debug_info    0x000006f4      0xff6 C:/WorkArea/Repositories/dwm-simple_example/dwm_ses_d14_dcdc/dwm/examples/dwm-timer/output/compiler/nrf_drv_timer.o

.debug_abbrev   0x00000000      0x3f5
 *(.debug_abbrev)
 .debug_abbrev  0x00000000      0x1b2 C:/WorkArea/Repositories/dwm-simple_example/dwm_ses_d14_dcdc/dwm/examples/dwm-timer/output/compiler/dwm-timer.o
 .debug_abbrev  0x000001b2      0x243 C:/WorkArea/Repositories/dwm-simple_example/dwm_ses_d14_dcdc/dwm/examples/dwm-timer/output/compiler/nrf_drv_timer.o

.debug_line     0x00000000      0x81a
 *(.debug_line)
 .debug_line    0x00000000      0x2a4 C:/WorkArea/Repositories/dwm-simple_example/dwm_ses_d14_dcdc/dwm/examples/dwm-timer/output/compiler/dwm-timer.o
 .debug_line    0x000002a4      0x576 C:/WorkArea/Repositories/dwm-simple_example/dwm_ses_d14_dcdc/dwm/examples/dwm-timer/output/compiler/nrf_drv_timer.o

.debug_frame    0x00000000     0x1da8
 *(.debug_frame)
 .debug_frame   0x00000000      0x110 C:/WorkArea/Repositories/dwm-simple_example/dwm_ses_d14_dcdc/dwm/examples/dwm-timer/output/compiler/dwm-timer.o
 .debug_frame   0x00000110      0x528 C:/WorkArea/Repositories/dwm-simple_example/dwm_ses_d14_dcdc/dwm/examples/dwm-timer/output/compiler/nrf_drv_timer.o
 .debug_frame   0x00000638       0x30 c:/program files (x86)/gnu tools arm embedded/5.4 2016q3/bin/../lib/gcc/arm-none-eabi/5.4.1/../../../../arm-none-eabi/lib/armv7e-m/fpu\libm.a(lib_a-s_ceil.o)
 .debug_frame   0x00000668       0x30 c:/program files (x86)/gnu tools arm embedded/5.4 2016q3/bin/../lib/gcc/arm-none-eabi/5.4.1/../../../../arm-none-eabi/lib/armv7e-m/fpu\libm.a(lib_a-s_floor.o)
 .debug_frame   0x00000698       0x58 c:/program files (x86)/gnu tools arm embedded/5.4 2016q3/bin/../lib/gcc/arm-none-eabi/5.4.1/../../../../arm-none-eabi/lib/armv7e-m/fpu\libm.a(lib_a-w_sqrt.o)
 .debug_frame   0x000006f0       0x30 c:/program files (x86)/gnu tools arm embedded/5.4 2016q3/bin/../lib/gcc/arm-none-eabi/5.4.1/../../../../arm-none-eabi/lib/armv7e-m/fpu\libm.a(lib_a-e_sqrt.o)
 .debug_frame   0x00000720       0x20 c:/program files (x86)/gnu tools arm embedded/5.4 2016q3/bin/../lib/gcc/arm-none-eabi/5.4.1/../../../../arm-none-eabi/lib/armv7e-m/fpu\libm.a(lib_a-s_matherr.o)
 .debug_frame   0x00000740       0x44 c:/program files (x86)/gnu tools arm embedded/5.4 2016q3/bin/../lib/gcc/arm-none-eabi/5.4.1/armv7e-m/fpu\libgcc.a(_aeabi_ldivmod.o)
 .debug_frame   0x00000784       0x2c c:/program files (x86)/gnu tools arm embedded/5.4 2016q3/bin/../lib/gcc/arm-none-eabi/5.4.1/armv7e-m/fpu\libgcc.a(_aeabi_uldivmod.o)
 .debug_frame   0x000007b0       0x2c c:/program files (x86)/gnu tools arm embedded/5.4 2016q3/bin/../lib/gcc/arm-none-eabi/5.4.1/armv7e-m/fpu\libgcc.a(_fixunssfdi.o)
 .debug_frame   0x000007dc       0x2c c:/program files (x86)/gnu tools arm embedded/5.4 2016q3/bin/../lib/gcc/arm-none-eabi/5.4.1/armv7e-m/fpu\libgcc.a(_fixunsdfdi.o)
 .debug_frame   0x00000808       0x34 c:/program files (x86)/gnu tools arm embedded/5.4 2016q3/bin/../lib/gcc/arm-none-eabi/5.4.1/armv7e-m/fpu\libgcc.a(_udivmoddi4.o)
 .debug_frame   0x0000083c       0x30 c:/program files (x86)/gnu tools arm embedded/5.4 2016q3/bin/../lib/gcc/arm-none-eabi/5.4.1/../../../../arm-none-eabi/lib/armv7e-m/fpu\libc.a(lib_a-atoi.o)
 .debug_frame   0x0000086c       0x20 c:/program files (x86)/gnu tools arm embedded/5.4 2016q3/bin/../lib/gcc/arm-none-eabi/5.4.1/../../../../arm-none-eabi/lib/armv7e-m/fpu\libc.a(lib_a-calloc.o)
 .debug_frame   0x0000088c       0x28 c:/program files (x86)/gnu tools arm embedded/5.4 2016q3/bin/../lib/gcc/arm-none-eabi/5.4.1/../../../../arm-none-eabi/lib/armv7e-m/fpu\libc.a(lib_a-callocr.o)
 .debug_frame   0x000008b4       0x20 c:/program files (x86)/gnu tools arm embedded/5.4 2016q3/bin/../lib/gcc/arm-none-eabi/5.4.1/../../../../arm-none-eabi/lib/armv7e-m/fpu\libc.a(lib_a-errno.o)
 .debug_frame   0x000008d4       0x6c c:/program files (x86)/gnu tools arm embedded/5.4 2016q3/bin/../lib/gcc/arm-none-eabi/5.4.1/../../../../arm-none-eabi/lib/armv7e-m/fpu\libc.a(lib_a-fflush.o)
 .debug_frame   0x00000940      0x124 c:/program files (x86)/gnu tools arm embedded/5.4 2016q3/bin/../lib/gcc/arm-none-eabi/5.4.1/../../../../arm-none-eabi/lib/armv7e-m/fpu\libc.a(lib_a-findfp.o)
 .debug_frame   0x00000a64       0x74 c:/program files (x86)/gnu tools arm embedded/5.4 2016q3/bin/../lib/gcc/arm-none-eabi/5.4.1/../../../../arm-none-eabi/lib/armv7e-m/fpu\libc.a(lib_a-freer.o)
 .debug_frame   0x00000ad8       0x54 c:/program files (x86)/gnu tools arm embedded/5.4 2016q3/bin/../lib/gcc/arm-none-eabi/5.4.1/../../../../arm-none-eabi/lib/armv7e-m/fpu\libc.a(lib_a-fwalk.o)
 .debug_frame   0x00000b2c       0x30 c:/program files (x86)/gnu tools arm embedded/5.4 2016q3/bin/../lib/gcc/arm-none-eabi/5.4.1/../../../../arm-none-eabi/lib/armv7e-m/fpu\libc.a(lib_a-malloc.o)
 .debug_frame   0x00000b5c       0x58 c:/program files (x86)/gnu tools arm embedded/5.4 2016q3/bin/../lib/gcc/arm-none-eabi/5.4.1/../../../../arm-none-eabi/lib/armv7e-m/fpu\libc.a(lib_a-mallocr.o)
 .debug_frame   0x00000bb4       0x38 c:/program files (x86)/gnu tools arm embedded/5.4 2016q3/bin/../lib/gcc/arm-none-eabi/5.4.1/../../../../arm-none-eabi/lib/armv7e-m/fpu\libc.a(lib_a-memcmp.o)
 .debug_frame   0x00000bec       0x34 c:/program files (x86)/gnu tools arm embedded/5.4 2016q3/bin/../lib/gcc/arm-none-eabi/5.4.1/../../../../arm-none-eabi/lib/armv7e-m/fpu\libc.a(lib_a-memset.o)
 .debug_frame   0x00000c20       0x30 c:/program files (x86)/gnu tools arm embedded/5.4 2016q3/bin/../lib/gcc/arm-none-eabi/5.4.1/../../../../arm-none-eabi/lib/armv7e-m/fpu\libc.a(lib_a-mlock.o)
 .debug_frame   0x00000c50       0x80 c:/program files (x86)/gnu tools arm embedded/5.4 2016q3/bin/../lib/gcc/arm-none-eabi/5.4.1/../../../../arm-none-eabi/lib/armv7e-m/fpu\libc.a(lib_a-mstats.o)
 .debug_frame   0x00000cd0       0x74 c:/program files (x86)/gnu tools arm embedded/5.4 2016q3/bin/../lib/gcc/arm-none-eabi/5.4.1/../../../../arm-none-eabi/lib/armv7e-m/fpu\libc.a(lib_a-printf.o)
 .debug_frame   0x00000d44       0x30 c:/program files (x86)/gnu tools arm embedded/5.4 2016q3/bin/../lib/gcc/arm-none-eabi/5.4.1/../../../../arm-none-eabi/lib/armv7e-m/fpu\libc.a(lib_a-putchar.o)
 .debug_frame   0x00000d74       0x48 c:/program files (x86)/gnu tools arm embedded/5.4 2016q3/bin/../lib/gcc/arm-none-eabi/5.4.1/../../../../arm-none-eabi/lib/armv7e-m/fpu\libc.a(lib_a-puts.o)
 .debug_frame   0x00000dbc       0x2c c:/program files (x86)/gnu tools arm embedded/5.4 2016q3/bin/../lib/gcc/arm-none-eabi/5.4.1/../../../../arm-none-eabi/lib/armv7e-m/fpu\libc.a(lib_a-sbrkr.o)
 .debug_frame   0x00000de8       0xd0 c:/program files (x86)/gnu tools arm embedded/5.4 2016q3/bin/../lib/gcc/arm-none-eabi/5.4.1/../../../../arm-none-eabi/lib/armv7e-m/fpu\libc.a(lib_a-snprintf.o)
 .debug_frame   0x00000eb8       0x88 c:/program files (x86)/gnu tools arm embedded/5.4 2016q3/bin/../lib/gcc/arm-none-eabi/5.4.1/../../../../arm-none-eabi/lib/armv7e-m/fpu\libc.a(lib_a-stdio.o)
 .debug_frame   0x00000f40       0x68 c:/program files (x86)/gnu tools arm embedded/5.4 2016q3/bin/../lib/gcc/arm-none-eabi/5.4.1/../../../../arm-none-eabi/lib/armv7e-m/fpu\libc.a(lib_a-strcmp.o)
 .debug_frame   0x00000fa8       0x54 c:/program files (x86)/gnu tools arm embedded/5.4 2016q3/bin/../lib/gcc/arm-none-eabi/5.4.1/../../../../arm-none-eabi/lib/armv7e-m/fpu\libc.a(lib_a-strncmp.o)
 .debug_frame   0x00000ffc       0x30 c:/program files (x86)/gnu tools arm embedded/5.4 2016q3/bin/../lib/gcc/arm-none-eabi/5.4.1/../../../../arm-none-eabi/lib/armv7e-m/fpu\libc.a(lib_a-strnlen.o)
 .debug_frame   0x0000102c       0x20 c:/program files (x86)/gnu tools arm embedded/5.4 2016q3/bin/../lib/gcc/arm-none-eabi/5.4.1/../../../../arm-none-eabi/lib/armv7e-m/fpu\libc.a(lib_a-strtok.o)
 .debug_frame   0x0000104c       0x48 c:/program files (x86)/gnu tools arm embedded/5.4 2016q3/bin/../lib/gcc/arm-none-eabi/5.4.1/../../../../arm-none-eabi/lib/armv7e-m/fpu\libc.a(lib_a-strtok_r.o)
 .debug_frame   0x00001094       0x98 c:/program files (x86)/gnu tools arm embedded/5.4 2016q3/bin/../lib/gcc/arm-none-eabi/5.4.1/../../../../arm-none-eabi/lib/armv7e-m/fpu\libc.a(lib_a-strtol.o)
 .debug_frame   0x0000112c       0x98 c:/program files (x86)/gnu tools arm embedded/5.4 2016q3/bin/../lib/gcc/arm-none-eabi/5.4.1/../../../../arm-none-eabi/lib/armv7e-m/fpu\libc.a(lib_a-strtoul.o)
 .debug_frame   0x000011c4       0x44 c:/program files (x86)/gnu tools arm embedded/5.4 2016q3/bin/../lib/gcc/arm-none-eabi/5.4.1/../../../../arm-none-eabi/lib/armv7e-m/fpu\libc.a(lib_a-svfprintf.o)
 .debug_frame   0x00001208       0x88 c:/program files (x86)/gnu tools arm embedded/5.4 2016q3/bin/../lib/gcc/arm-none-eabi/5.4.1/../../../../arm-none-eabi/lib/armv7e-m/fpu\libc.a(lib_a-vfprintf.o)
 .debug_frame   0x00001290       0x2c c:/program files (x86)/gnu tools arm embedded/5.4 2016q3/bin/../lib/gcc/arm-none-eabi/5.4.1/../../../../arm-none-eabi/lib/armv7e-m/fpu\libc.a(lib_a-writer.o)
 .debug_frame   0x000012bc       0x2c c:/program files (x86)/gnu tools arm embedded/5.4 2016q3/bin/../lib/gcc/arm-none-eabi/5.4.1/../../../../arm-none-eabi/lib/armv7e-m/fpu\libc.a(lib_a-wsetup.o)
 .debug_frame   0x000012e8       0x2c c:/program files (x86)/gnu tools arm embedded/5.4 2016q3/bin/../lib/gcc/arm-none-eabi/5.4.1/../../../../arm-none-eabi/lib/armv7e-m/fpu\libc.a(lib_a-closer.o)
 .debug_frame   0x00001314       0x88 c:/program files (x86)/gnu tools arm embedded/5.4 2016q3/bin/../lib/gcc/arm-none-eabi/5.4.1/../../../../arm-none-eabi/lib/armv7e-m/fpu\libc.a(lib_a-dtoa.o)
 .debug_frame   0x0000139c       0x44 c:/program files (x86)/gnu tools arm embedded/5.4 2016q3/bin/../lib/gcc/arm-none-eabi/5.4.1/../../../../arm-none-eabi/lib/armv7e-m/fpu\libc.a(lib_a-fclose.o)
 .debug_frame   0x000013e0       0x68 c:/program files (x86)/gnu tools arm embedded/5.4 2016q3/bin/../lib/gcc/arm-none-eabi/5.4.1/../../../../arm-none-eabi/lib/armv7e-m/fpu\libc.a(lib_a-fvwrite.o)
 .debug_frame   0x00001448       0x84 c:/program files (x86)/gnu tools arm embedded/5.4 2016q3/bin/../lib/gcc/arm-none-eabi/5.4.1/../../../../arm-none-eabi/lib/armv7e-m/fpu\libc.a(lib_a-locale.o)
 .debug_frame   0x000014cc       0x40 c:/program files (x86)/gnu tools arm embedded/5.4 2016q3/bin/../lib/gcc/arm-none-eabi/5.4.1/../../../../arm-none-eabi/lib/armv7e-m/fpu\libc.a(lib_a-localeconv.o)
 .debug_frame   0x0000150c       0x2c c:/program files (x86)/gnu tools arm embedded/5.4 2016q3/bin/../lib/gcc/arm-none-eabi/5.4.1/../../../../arm-none-eabi/lib/armv7e-m/fpu\libc.a(lib_a-lseekr.o)
 .debug_frame   0x00001538       0x68 c:/program files (x86)/gnu tools arm embedded/5.4 2016q3/bin/../lib/gcc/arm-none-eabi/5.4.1/../../../../arm-none-eabi/lib/armv7e-m/fpu\libc.a(lib_a-makebuf.o)
 .debug_frame   0x000015a0       0x50 c:/program files (x86)/gnu tools arm embedded/5.4 2016q3/bin/../lib/gcc/arm-none-eabi/5.4.1/../../../../arm-none-eabi/lib/armv7e-m/fpu\libc.a(lib_a-mallinfor.o)
 .debug_frame   0x000015f0       0x4c c:/program files (x86)/gnu tools arm embedded/5.4 2016q3/bin/../lib/gcc/arm-none-eabi/5.4.1/../../../../arm-none-eabi/lib/armv7e-m/fpu\libc.a(lib_a-mbtowc_r.o)
 .debug_frame   0x0000163c       0x30 c:/program files (x86)/gnu tools arm embedded/5.4 2016q3/bin/../lib/gcc/arm-none-eabi/5.4.1/../../../../arm-none-eabi/lib/armv7e-m/fpu\libc.a(lib_a-memmove.o)
 .debug_frame   0x0000166c      0x264 c:/program files (x86)/gnu tools arm embedded/5.4 2016q3/bin/../lib/gcc/arm-none-eabi/5.4.1/../../../../arm-none-eabi/lib/armv7e-m/fpu\libc.a(lib_a-mprec.o)
 .debug_frame   0x000018d0       0x58 c:/program files (x86)/gnu tools arm embedded/5.4 2016q3/bin/../lib/gcc/arm-none-eabi/5.4.1/../../../../arm-none-eabi/lib/armv7e-m/fpu\libc.a(lib_a-putc.o)
 .debug_frame   0x00001928       0x2c c:/program files (x86)/gnu tools arm embedded/5.4 2016q3/bin/../lib/gcc/arm-none-eabi/5.4.1/../../../../arm-none-eabi/lib/armv7e-m/fpu\libc.a(lib_a-readr.o)
 .debug_frame   0x00001954       0x60 c:/program files (x86)/gnu tools arm embedded/5.4 2016q3/bin/../lib/gcc/arm-none-eabi/5.4.1/../../../../arm-none-eabi/lib/armv7e-m/fpu\libc.a(lib_a-reallocr.o)
 .debug_frame   0x000019b4       0x58 c:/program files (x86)/gnu tools arm embedded/5.4 2016q3/bin/../lib/gcc/arm-none-eabi/5.4.1/../../../../arm-none-eabi/lib/armv7e-m/fpu\libc.a(lib_a-reent.o)
 .debug_frame   0x00001a0c       0x78 c:/program files (x86)/gnu tools arm embedded/5.4 2016q3/bin/../lib/gcc/arm-none-eabi/5.4.1/../../../../arm-none-eabi/lib/armv7e-m/fpu\libc.a(lib_a-svfiprintf.o)
 .debug_frame   0x00001a84       0xc8 c:/program files (x86)/gnu tools arm embedded/5.4 2016q3/bin/../lib/gcc/arm-none-eabi/5.4.1/../../../../arm-none-eabi/lib/armv7e-m/fpu\libc.a(lib_a-vfiprintf.o)
 .debug_frame   0x00001b4c       0x40 c:/program files (x86)/gnu tools arm embedded/5.4 2016q3/bin/../lib/gcc/arm-none-eabi/5.4.1/../../../../arm-none-eabi/lib/armv7e-m/fpu\libc.a(lib_a-wbuf.o)
 .debug_frame   0x00001b8c       0x3c c:/program files (x86)/gnu tools arm embedded/5.4 2016q3/bin/../lib/gcc/arm-none-eabi/5.4.1/../../../../arm-none-eabi/lib/armv7e-m/fpu\libc.a(lib_a-wctomb_r.o)
 .debug_frame   0x00001bc8       0x8c c:/program files (x86)/gnu tools arm embedded/5.4 2016q3/bin/../lib/gcc/arm-none-eabi/5.4.1/../../../../arm-none-eabi/lib/armv7e-m/fpu\libc.a(lib_a-fputwc.o)
 .debug_frame   0x00001c54       0x2c c:/program files (x86)/gnu tools arm embedded/5.4 2016q3/bin/../lib/gcc/arm-none-eabi/5.4.1/../../../../arm-none-eabi/lib/armv7e-m/fpu\libc.a(lib_a-fstatr.o)
 .debug_frame   0x00001c80       0x2c c:/program files (x86)/gnu tools arm embedded/5.4 2016q3/bin/../lib/gcc/arm-none-eabi/5.4.1/../../../../arm-none-eabi/lib/armv7e-m/fpu\libc.a(lib_a-isattyr.o)
 .debug_frame   0x00001cac       0x5c c:/program files (x86)/gnu tools arm embedded/5.4 2016q3/bin/../lib/gcc/arm-none-eabi/5.4.1/../../../../arm-none-eabi/lib/armv7e-m/fpu\libc.a(lib_a-wcrtomb.o)
 .debug_frame   0x00001d08       0x20 c:/program files (x86)/gnu tools arm embedded/5.4 2016q3/bin/../lib/gcc/arm-none-eabi/5.4.1/../../../../arm-none-eabi/lib/armv7e-m/fpu\libnosys.a(close.o)
 .debug_frame   0x00001d28       0x20 c:/program files (x86)/gnu tools arm embedded/5.4 2016q3/bin/../lib/gcc/arm-none-eabi/5.4.1/../../../../arm-none-eabi/lib/armv7e-m/fpu\libnosys.a(fstat.o)
 .debug_frame   0x00001d48       0x20 c:/program files (x86)/gnu tools arm embedded/5.4 2016q3/bin/../lib/gcc/arm-none-eabi/5.4.1/../../../../arm-none-eabi/lib/armv7e-m/fpu\libnosys.a(isatty.o)
 .debug_frame   0x00001d68       0x20 c:/program files (x86)/gnu tools arm embedded/5.4 2016q3/bin/../lib/gcc/arm-none-eabi/5.4.1/../../../../arm-none-eabi/lib/armv7e-m/fpu\libnosys.a(lseek.o)
 .debug_frame   0x00001d88       0x20 c:/program files (x86)/gnu tools arm embedded/5.4 2016q3/bin/../lib/gcc/arm-none-eabi/5.4.1/../../../../arm-none-eabi/lib/armv7e-m/fpu\libsupc++.a(atexit_arm.o)

.debug_str      0x00000000     0x125a
 *(.debug_str)
 .debug_str     0x00000000      0x8b3 C:/WorkArea/Repositories/dwm-simple_example/dwm_ses_d14_dcdc/dwm/examples/dwm-timer/output/compiler/dwm-timer.o
                                0x90a (size before relaxing)
 .debug_str     0x000008b3      0x9a7 C:/WorkArea/Repositories/dwm-simple_example/dwm_ses_d14_dcdc/dwm/examples/dwm-timer/output/compiler/nrf_drv_timer.o
                               0x117e (size before relaxing)

.debug_loc
 *(.debug_loc)

.debug_macinfo
 *(.debug_macinfo)

.note.arm.ident
 *(.note.arm.ident)

/DISCARD/
 *(.fini_array*)

.rom_vectors    0x00044000        0x8
                0x00044000                __rom_vectors_vma = ABSOLUTE (.)
                0x00044000                . = .
 *(.vectors)
 .vectors       0x00044000        0x8 C:/WorkArea/Repositories/dwm-simple_example/dwm_ses_d14_dcdc/dwm/examples/dwm-timer/../../lib\vectors.o
                0x00044000                __rom_vectors_lma = LOADADDR (.rom_vectors)

.rel.text
 *(.rel.text)
 *(.rel.text.*)
 *(.rel.gnu.linkonce.t*)

.rela.text
 *(.rela.text)
 *(.rela.text.*)
 *(.rela.gnu.linkonce.t*)

.rel.data
 *(.rel.data)
 *(.rel.data.*)
 *(.rel.gnu.linkonce.d*)

.rela.data
 *(.rela.data)
 *(.rela.data.*)
 *(.rela.gnu.linkonce.d*)

.rel.rodata
 *(.rel.rodata)
 *(.rel.rodata.*)
 *(.rel.gnu.linkonce.r*)

.rela.rodata
 *(.rela.rodata)
 *(.rela.rodata.*)
 *(.rela.gnu.linkonce.r*)

.rel.got
 *(.rel.got)

.rela.got
 *(.rela.got)

.rel.ctors
 *(.rel.ctors)

.rela.ctors
 *(.rela.ctors)

.rel.dtors
 *(.rel.dtors)

.rela.dtors
 *(.rela.dtors)

.rel.init
 *(.rel.init)

.rela.init
 *(.rela.init)

.rel.fini
 *(.rel.fini)

.rela.fini
 *(.rela.fini)

.rel.bss
 *(.rel.bss)

.rela.bss
 *(.rela.bss)

.rel.plt
 *(.rel.plt)

.rela.plt
 *(.rela.plt)

.rel.dyn        0x00044008        0x0
 *(.rel.dyn)
 .rel.iplt      0x00044008        0x0 C:/WorkArea/Repositories/dwm-simple_example/dwm_ses_d14_dcdc/dwm/examples/dwm-timer/../../lib\vectors.o

.ARM.extab      0x00044008        0x0
                [!provide]                PROVIDE (__stext, ABSOLUTE (.))
                0x00044008                _stext = ABSOLUTE (.)
                0x00044008                . = .
 *(.ARM.extab* .gnu.linkonce.armextab.*)
                0x00044008                . = ALIGN (0x8)
                0x00044008                __exidx_start = ABSOLUTE (.)

.ARM.exidx      0x00044008        0x8
 *(.ARM.exidx* .gnu.linkonce.armexidx.*)
 .ARM.exidx     0x00044008        0x8 c:/program files (x86)/gnu tools arm embedded/5.4 2016q3/bin/../lib/gcc/arm-none-eabi/5.4.1/armv7e-m/fpu\libgcc.a(_udivmoddi4.o)
 .ARM.exidx.text.__aeabi_atexit
                0x00044010        0x0 c:/program files (x86)/gnu tools arm embedded/5.4 2016q3/bin/../lib/gcc/arm-none-eabi/5.4.1/../../../../arm-none-eabi/lib/armv7e-m/fpu\libsupc++.a(atexit_arm.o)
                                  0x8 (size before relaxing)
                0x00044010                . = .
                0x00044010                __exidx_end = ABSOLUTE (.)

.text           0x00044010    0x2c19c
 *(.text*)
 .text          0x00044010       0xec C:/WorkArea/Repositories/dwm-simple_example/dwm_ses_d14_dcdc/dwm/examples/dwm-timer/../../lib\vectors.o
                0x00044010                reset_vector
                0x0004401c                hal_switch_state_vsr
                0x0004403c                hal_default_exception_vsr
                0x0004406e                hal_default_interrupt_vsr
                0x00044082                hal_pendable_svc_vsr
                0x000440a8                hal_interrupt_end_done
                0x000440ac                hal_interrupt_end_vsr
                0x000440ba                hal_call_dsrs_vsr
                0x000440be                hal_default_svc_vsr
                0x000440cc                hal_usagefault_exception_vsr
                0x000440f4                hal_boot_jump_asm
 .text.nrf_timer_frequency_get
                0x000440fc       0x1c C:/WorkArea/Repositories/dwm-simple_example/dwm_ses_d14_dcdc/dwm/examples/dwm-timer/output/compiler/dwm-timer.o
 .text.nrf_timer_ms_to_ticks
                0x00044118       0x2c C:/WorkArea/Repositories/dwm-simple_example/dwm_ses_d14_dcdc/dwm/examples/dwm-timer/output/compiler/dwm-timer.o
 .text.nrf_drv_timer_ms_to_ticks
                0x00044144       0x28 C:/WorkArea/Repositories/dwm-simple_example/dwm_ses_d14_dcdc/dwm/examples/dwm-timer/output/compiler/dwm-timer.o
 .text.timer2_event_handler
                0x0004416c       0x40 C:/WorkArea/Repositories/dwm-simple_example/dwm_ses_d14_dcdc/dwm/examples/dwm-timer/output/compiler/dwm-timer.o
                0x0004416c                timer2_event_handler
 .text.dwm_irq_hndlr
                0x000441ac       0x14 C:/WorkArea/Repositories/dwm-simple_example/dwm_ses_d14_dcdc/dwm/examples/dwm-timer/output/compiler/dwm-timer.o
                0x000441ac                dwm_irq_hndlr
 .text.app_thread_entry
                0x000441c0       0xbc C:/WorkArea/Repositories/dwm-simple_example/dwm_ses_d14_dcdc/dwm/examples/dwm-timer/output/compiler/dwm-timer.o
                0x000441c0                app_thread_entry
 .text.dwm_user_start
                0x0004427c       0x58 C:/WorkArea/Repositories/dwm-simple_example/dwm_ses_d14_dcdc/dwm/examples/dwm-timer/output/compiler/dwm-timer.o
                0x0004427c                dwm_user_start
 .text.nrf_timer_task_trigger
                0x000442d4       0x24 C:/WorkArea/Repositories/dwm-simple_example/dwm_ses_d14_dcdc/dwm/examples/dwm-timer/output/compiler/nrf_drv_timer.o
 .text.nrf_timer_event_clear
                0x000442f8       0x30 C:/WorkArea/Repositories/dwm-simple_example/dwm_ses_d14_dcdc/dwm/examples/dwm-timer/output/compiler/nrf_drv_timer.o
 .text.nrf_timer_event_check
                0x00044328       0x2c C:/WorkArea/Repositories/dwm-simple_example/dwm_ses_d14_dcdc/dwm/examples/dwm-timer/output/compiler/nrf_drv_timer.o
 .text.nrf_timer_shorts_enable
                0x00044354       0x28 C:/WorkArea/Repositories/dwm-simple_example/dwm_ses_d14_dcdc/dwm/examples/dwm-timer/output/compiler/nrf_drv_timer.o
 .text.nrf_timer_shorts_disable
                0x0004437c       0x28 C:/WorkArea/Repositories/dwm-simple_example/dwm_ses_d14_dcdc/dwm/examples/dwm-timer/output/compiler/nrf_drv_timer.o
 .text.nrf_timer_int_enable
                0x000443a4       0x20 C:/WorkArea/Repositories/dwm-simple_example/dwm_ses_d14_dcdc/dwm/examples/dwm-timer/output/compiler/nrf_drv_timer.o
 .text.nrf_timer_int_disable
                0x000443c4       0x20 C:/WorkArea/Repositories/dwm-simple_example/dwm_ses_d14_dcdc/dwm/examples/dwm-timer/output/compiler/nrf_drv_timer.o
 .text.nrf_timer_int_enable_check
                0x000443e4       0x2c C:/WorkArea/Repositories/dwm-simple_example/dwm_ses_d14_dcdc/dwm/examples/dwm-timer/output/compiler/nrf_drv_timer.o
 .text.nrf_timer_mode_set
                0x00044410       0x30 C:/WorkArea/Repositories/dwm-simple_example/dwm_ses_d14_dcdc/dwm/examples/dwm-timer/output/compiler/nrf_drv_timer.o
 .text.nrf_timer_bit_width_set
                0x00044440       0x30 C:/WorkArea/Repositories/dwm-simple_example/dwm_ses_d14_dcdc/dwm/examples/dwm-timer/output/compiler/nrf_drv_timer.o
 .text.nrf_timer_frequency_set
                0x00044470       0x30 C:/WorkArea/Repositories/dwm-simple_example/dwm_ses_d14_dcdc/dwm/examples/dwm-timer/output/compiler/nrf_drv_timer.o
 .text.nrf_timer_cc_write
                0x000444a0       0x28 C:/WorkArea/Repositories/dwm-simple_example/dwm_ses_d14_dcdc/dwm/examples/dwm-timer/output/compiler/nrf_drv_timer.o
 .text.nrf_timer_compare_event_get
                0x000444c8       0x20 C:/WorkArea/Repositories/dwm-simple_example/dwm_ses_d14_dcdc/dwm/examples/dwm-timer/output/compiler/nrf_drv_timer.o
 .text.nrf_timer_compare_int_get
                0x000444e8       0x20 C:/WorkArea/Repositories/dwm-simple_example/dwm_ses_d14_dcdc/dwm/examples/dwm-timer/output/compiler/nrf_drv_timer.o
 .text.nrf_drv_get_IRQn
                0x00044508       0x20 C:/WorkArea/Repositories/dwm-simple_example/dwm_ses_d14_dcdc/dwm/examples/dwm-timer/output/compiler/nrf_drv_timer.o
 .text.nrf_drv_timer_init
                0x00044528       0xd0 C:/WorkArea/Repositories/dwm-simple_example/dwm_ses_d14_dcdc/dwm/examples/dwm-timer/output/compiler/nrf_drv_timer.o
                0x00044528                nrf_drv_timer_init
 .text.nrf_drv_timer_enable
                0x000445f8       0x38 C:/WorkArea/Repositories/dwm-simple_example/dwm_ses_d14_dcdc/dwm/examples/dwm-timer/output/compiler/nrf_drv_timer.o
                0x000445f8                nrf_drv_timer_enable
 .text.nrf_drv_timer_compare
                0x00044630       0x54 C:/WorkArea/Repositories/dwm-simple_example/dwm_ses_d14_dcdc/dwm/examples/dwm-timer/output/compiler/nrf_drv_timer.o
                0x00044630                nrf_drv_timer_compare
 .text.nrf_drv_timer_extended_compare
                0x00044684       0x54 C:/WorkArea/Repositories/dwm-simple_example/dwm_ses_d14_dcdc/dwm/examples/dwm-timer/output/compiler/nrf_drv_timer.o
                0x00044684                nrf_drv_timer_extended_compare
 .text.irq_handler
                0x000446d8       0x78 C:/WorkArea/Repositories/dwm-simple_example/dwm_ses_d14_dcdc/dwm/examples/dwm-timer/output/compiler/nrf_drv_timer.o
 .text.TIMER2_IRQHandler
                0x00044750       0x1c C:/WorkArea/Repositories/dwm-simple_example/dwm_ses_d14_dcdc/dwm/examples/dwm-timer/output/compiler/nrf_drv_timer.o
                0x00044750                TIMER2_IRQHandler
 .text.user_thread_create
                0x0004476c       0x84 C:/WorkArea/Repositories/dwm-simple_example/dwm_ses_d14_dcdc/dwm/examples/dwm-timer/../../lib/dwm.o
                0x0004476c                user_thread_create
 .text.user_thread_resume
                0x000447f0       0x38 C:/WorkArea/Repositories/dwm-simple_example/dwm_ses_d14_dcdc/dwm/examples/dwm-timer/../../lib/dwm.o
                0x000447f0                user_thread_resume
 .text.dwm_shell_add_commands
                0x00044828       0x6c C:/WorkArea/Repositories/dwm-simple_example/dwm_ses_d14_dcdc/dwm/examples/dwm-timer/../../lib/dwm.o
                0x00044828                dwm_shell_add_commands
 .text.cyg_user_start
                0x00044894      0x13c C:/WorkArea/Repositories/dwm-simple_example/dwm_ses_d14_dcdc/dwm/examples/dwm-timer/../../lib/dwm.o
                0x00044894                cyg_user_start
 .text.sd_ble_gap_addr_set
                0x000449d0        0x4 C:/WorkArea/Repositories/dwm-simple_example/dwm_ses_d14_dcdc/dwm/examples/dwm-timer/../../lib/libdwm.a(ble-server.o)
 .text.sd_ble_gap_addr_get
                0x000449d4        0x4 C:/WorkArea/Repositories/dwm-simple_example/dwm_ses_d14_dcdc/dwm/examples/dwm-timer/../../lib/libdwm.a(ble-server.o)
 .text.sd_ble_gap_disconnect
                0x000449d8        0x4 C:/WorkArea/Repositories/dwm-simple_example/dwm_ses_d14_dcdc/dwm/examples/dwm-timer/../../lib/libdwm.a(ble-server.o)
 .text.sd_ble_gap_device_name_set
                0x000449dc        0x4 C:/WorkArea/Repositories/dwm-simple_example/dwm_ses_d14_dcdc/dwm/examples/dwm-timer/../../lib/libdwm.a(ble-server.o)
 .text.sd_ble_gatts_service_add
                0x000449e0        0x4 C:/WorkArea/Repositories/dwm-simple_example/dwm_ses_d14_dcdc/dwm/examples/dwm-timer/../../lib/libdwm.a(ble-server.o)
 .text.sd_ble_gatts_characteristic_add
                0x000449e4        0x4 C:/WorkArea/Repositories/dwm-simple_example/dwm_ses_d14_dcdc/dwm/examples/dwm-timer/../../lib/libdwm.a(ble-server.o)
 .text.sd_ble_gatts_value_set
                0x000449e8        0x4 C:/WorkArea/Repositories/dwm-simple_example/dwm_ses_d14_dcdc/dwm/examples/dwm-timer/../../lib/libdwm.a(ble-server.o)
 .text.sd_ble_gatts_value_get
                0x000449ec        0x4 C:/WorkArea/Repositories/dwm-simple_example/dwm_ses_d14_dcdc/dwm/examples/dwm-timer/../../lib/libdwm.a(ble-server.o)
 .text.sd_ble_gatts_hvx
                0x000449f0        0x4 C:/WorkArea/Repositories/dwm-simple_example/dwm_ses_d14_dcdc/dwm/examples/dwm-timer/../../lib/libdwm.a(ble-server.o)
 .text.sd_ble_gatts_exchange_mtu_reply
                0x000449f4        0x4 C:/WorkArea/Repositories/dwm-simple_example/dwm_ses_d14_dcdc/dwm/examples/dwm-timer/../../lib/libdwm.a(ble-server.o)
 .text.sd_ble_tx_packet_count_get
                0x000449f8        0x4 C:/WorkArea/Repositories/dwm-simple_example/dwm_ses_d14_dcdc/dwm/examples/dwm-timer/../../lib/libdwm.a(ble-server.o)
 .text.sd_ble_uuid_vs_add
                0x000449fc        0x4 C:/WorkArea/Repositories/dwm-simple_example/dwm_ses_d14_dcdc/dwm/examples/dwm-timer/../../lib/libdwm.a(ble-server.o)
 .text.NVIC_SystemReset
                0x00044a00       0x24 C:/WorkArea/Repositories/dwm-simple_example/dwm_ses_d14_dcdc/dwm/examples/dwm-timer/../../lib/libdwm.a(ble-server.o)
 .text.sd_clock_hfclk_release
                0x00044a24        0x4 C:/WorkArea/Repositories/dwm-simple_example/dwm_ses_d14_dcdc/dwm/examples/dwm-timer/../../lib/libdwm.a(ble-server.o)
 .text.sd_clock_hfclk_is_running
                0x00044a28        0x4 C:/WorkArea/Repositories/dwm-simple_example/dwm_ses_d14_dcdc/dwm/examples/dwm-timer/../../lib/libdwm.a(ble-server.o)
 .text.sd_softdevice_disable
                0x00044a2c        0x4 C:/WorkArea/Repositories/dwm-simple_example/dwm_ses_d14_dcdc/dwm/examples/dwm-timer/../../lib/libdwm.a(ble-server.o)
 .text.conn_params_error_handler
                0x00044a30        0x2 C:/WorkArea/Repositories/dwm-simple_example/dwm_ses_d14_dcdc/dwm/examples/dwm-timer/../../lib/libdwm.a(ble-server.o)
 *fill*         0x00044a32        0x2 
 .text.opt_flag_set
                0x00044a34       0x18 C:/WorkArea/Repositories/dwm-simple_example/dwm_ses_d14_dcdc/dwm/examples/dwm-timer/../../lib/libdwm.a(ble-server.o)
 .text.opt_flag_clear
                0x00044a4c       0x18 C:/WorkArea/Repositories/dwm-simple_example/dwm_ses_d14_dcdc/dwm/examples/dwm-timer/../../lib/libdwm.a(ble-server.o)
 .text.ch_read  0x00044a64       0x24 C:/WorkArea/Repositories/dwm-simple_example/dwm_ses_d14_dcdc/dwm/examples/dwm-timer/../../lib/libdwm.a(ble-server.o)
 .text.ch_write
                0x00044a88       0x16 C:/WorkArea/Repositories/dwm-simple_example/dwm_ses_d14_dcdc/dwm/examples/dwm-timer/../../lib/libdwm.a(ble-server.o)
 *fill*         0x00044a9e        0x2 
 .text._ble_mac_stat_set
                0x00044aa0       0x40 C:/WorkArea/Repositories/dwm-simple_example/dwm_ses_d14_dcdc/dwm/examples/dwm-timer/../../lib/libdwm.a(ble-server.o)
 .text.advertising_counter_inc
                0x00044ae0       0x30 C:/WorkArea/Repositories/dwm-simple_example/dwm_ses_d14_dcdc/dwm/examples/dwm-timer/../../lib/libdwm.a(ble-server.o)
 .text._ble_pan_id_set
                0x00044b10       0x38 C:/WorkArea/Repositories/dwm-simple_example/dwm_ses_d14_dcdc/dwm/examples/dwm-timer/../../lib/libdwm.a(ble-server.o)
 .text.ble_pm_suspend
                0x00044b48       0x38 C:/WorkArea/Repositories/dwm-simple_example/dwm_ses_d14_dcdc/dwm/examples/dwm-timer/../../lib/libdwm.a(ble-server.o)
 .text.on_advertising_evt
                0x00044b80        0x8 C:/WorkArea/Repositories/dwm-simple_example/dwm_ses_d14_dcdc/dwm/examples/dwm-timer/../../lib/libdwm.a(ble-server.o)
 .text._ble_addr_set
                0x00044b88       0x18 C:/WorkArea/Repositories/dwm-simple_example/dwm_ses_d14_dcdc/dwm/examples/dwm-timer/../../lib/libdwm.a(ble-server.o)
 .text._add_shell_cmds
                0x00044ba0       0x10 C:/WorkArea/Repositories/dwm-simple_example/dwm_ses_d14_dcdc/dwm/examples/dwm-timer/../../lib/libdwm.a(ble-server.o)
 .text.uwbmac_cb
                0x00044bb0       0xc8 C:/WorkArea/Repositories/dwm-simple_example/dwm_ses_d14_dcdc/dwm/examples/dwm-timer/../../lib/libdwm.a(ble-server.o)
 .text.ch_notify
                0x00044c78       0x44 C:/WorkArea/Repositories/dwm-simple_example/dwm_ses_d14_dcdc/dwm/examples/dwm-timer/../../lib/libdwm.a(ble-server.o)
 .text.fwup_resp_notify
                0x00044cbc       0x50 C:/WorkArea/Repositories/dwm-simple_example/dwm_ses_d14_dcdc/dwm/examples/dwm-timer/../../lib/libdwm.a(ble-server.o)
 .text.encode_dist.part.1
                0x00044d0c       0x62 C:/WorkArea/Repositories/dwm-simple_example/dwm_ses_d14_dcdc/dwm/examples/dwm-timer/../../lib/libdwm.a(ble-server.o)
 *fill*         0x00044d6e        0x2 
 .text._ble_proxy_set
                0x00044d70       0x90 C:/WorkArea/Repositories/dwm-simple_example/dwm_ses_d14_dcdc/dwm/examples/dwm-timer/../../lib/libdwm.a(ble-server.o)
                0x00044d70                _ble_proxy_set
 .text._ble_label_set
                0x00044e00       0x30 C:/WorkArea/Repositories/dwm-simple_example/dwm_ses_d14_dcdc/dwm/examples/dwm-timer/../../lib/libdwm.a(ble-server.o)
                0x00044e00                _ble_label_set
 .text._ble_ur_set
                0x00044e30       0x50 C:/WorkArea/Repositories/dwm-simple_example/dwm_ses_d14_dcdc/dwm/examples/dwm-timer/../../lib/libdwm.a(ble-server.o)
 .text.on_conn_params_evt
                0x00044e80       0x68 C:/WorkArea/Repositories/dwm-simple_example/dwm_ses_d14_dcdc/dwm/examples/dwm-timer/../../lib/libdwm.a(ble-server.o)
 .text._ble_an_list_set
                0x00044ee8       0x58 C:/WorkArea/Repositories/dwm-simple_example/dwm_ses_d14_dcdc/dwm/examples/dwm-timer/../../lib/libdwm.a(ble-server.o)
 .text._ble_mac_cl_info_set
                0x00044f40       0x48 C:/WorkArea/Repositories/dwm-simple_example/dwm_ses_d14_dcdc/dwm/examples/dwm-timer/../../lib/libdwm.a(ble-server.o)
 .text._ble_addr_get
                0x00044f88       0x48 C:/WorkArea/Repositories/dwm-simple_example/dwm_ses_d14_dcdc/dwm/examples/dwm-timer/../../lib/libdwm.a(ble-server.o)
 .text._ble_stop
                0x00044fd0       0x20 C:/WorkArea/Repositories/dwm-simple_example/dwm_ses_d14_dcdc/dwm/examples/dwm-timer/../../lib/libdwm.a(ble-server.o)
 .text.ble_register_wakeup_button
                0x00044ff0       0x28 C:/WorkArea/Repositories/dwm-simple_example/dwm_ses_d14_dcdc/dwm/examples/dwm-timer/../../lib/libdwm.a(ble-server.o)
 .text._ble_start
                0x00045018       0x4a C:/WorkArea/Repositories/dwm-simple_example/dwm_ses_d14_dcdc/dwm/examples/dwm-timer/../../lib/libdwm.a(ble-server.o)
 .text.ch_uuid_vs_add.isra.22
                0x00045062       0xee C:/WorkArea/Repositories/dwm-simple_example/dwm_ses_d14_dcdc/dwm/examples/dwm-timer/../../lib/libdwm.a(ble-server.o)
 .text.on_advertising_error
                0x00045150        0x2 C:/WorkArea/Repositories/dwm-simple_example/dwm_ses_d14_dcdc/dwm/examples/dwm-timer/../../lib/libdwm.a(ble-server.o)
 .text.gpio_ble_wakeup_intr
                0x00045152       0x1e C:/WorkArea/Repositories/dwm-simple_example/dwm_ses_d14_dcdc/dwm/examples/dwm-timer/../../lib/libdwm.a(ble-server.o)
 .text.ble_uuid128_service_get
                0x00045170        0x8 C:/WorkArea/Repositories/dwm-simple_example/dwm_ses_d14_dcdc/dwm/examples/dwm-timer/../../lib/libdwm.a(ble-server.o)
                0x00045170                ble_uuid128_service_get
 .text.ble_adv_is_enabled
                0x00045178        0xc C:/WorkArea/Repositories/dwm-simple_example/dwm_ses_d14_dcdc/dwm/examples/dwm-timer/../../lib/libdwm.a(ble-server.o)
                0x00045178                ble_adv_is_enabled
 .text.ble_add_shell_cmds
                0x00045184       0x10 C:/WorkArea/Repositories/dwm-simple_example/dwm_ses_d14_dcdc/dwm/examples/dwm-timer/../../lib/libdwm.a(ble-server.o)
                0x00045184                ble_add_shell_cmds
 .text.ble_start
                0x00045194       0x10 C:/WorkArea/Repositories/dwm-simple_example/dwm_ses_d14_dcdc/dwm/examples/dwm-timer/../../lib/libdwm.a(ble-server.o)
                0x00045194                ble_start
 .text.ble_stop
                0x000451a4       0x10 C:/WorkArea/Repositories/dwm-simple_example/dwm_ses_d14_dcdc/dwm/examples/dwm-timer/../../lib/libdwm.a(ble-server.o)
                0x000451a4                ble_stop
 .text.ble_req_stop
                0x000451b4       0x10 C:/WorkArea/Repositories/dwm-simple_example/dwm_ses_d14_dcdc/dwm/examples/dwm-timer/../../lib/libdwm.a(ble-server.o)
                0x000451b4                ble_req_stop
 .text.ble_stop_is_needed
                0x000451c4        0xc C:/WorkArea/Repositories/dwm-simple_example/dwm_ses_d14_dcdc/dwm/examples/dwm-timer/../../lib/libdwm.a(ble-server.o)
                0x000451c4                ble_stop_is_needed
 .text.ble_autosuspend_disable
                0x000451d0        0xc C:/WorkArea/Repositories/dwm-simple_example/dwm_ses_d14_dcdc/dwm/examples/dwm-timer/../../lib/libdwm.a(ble-server.o)
                0x000451d0                ble_autosuspend_disable
 .text.ble_autosuspend_enable
                0x000451dc        0xc C:/WorkArea/Repositories/dwm-simple_example/dwm_ses_d14_dcdc/dwm/examples/dwm-timer/../../lib/libdwm.a(ble-server.o)
                0x000451dc                ble_autosuspend_enable
 .text.ble_pos_dist_set
                0x000451e8      0x15c C:/WorkArea/Repositories/dwm-simple_example/dwm_ses_d14_dcdc/dwm/examples/dwm-timer/../../lib/libdwm.a(ble-server.o)
                0x000451e8                ble_pos_dist_set
 .text.ble_label_set
                0x00045344       0x10 C:/WorkArea/Repositories/dwm-simple_example/dwm_ses_d14_dcdc/dwm/examples/dwm-timer/../../lib/libdwm.a(ble-server.o)
                0x00045344                ble_label_set
 .text.ble_ur_set
                0x00045354       0x10 C:/WorkArea/Repositories/dwm-simple_example/dwm_ses_d14_dcdc/dwm/examples/dwm-timer/../../lib/libdwm.a(ble-server.o)
                0x00045354                ble_ur_set
 .text.ble_pan_id_set
                0x00045364       0x10 C:/WorkArea/Repositories/dwm-simple_example/dwm_ses_d14_dcdc/dwm/examples/dwm-timer/../../lib/libdwm.a(ble-server.o)
                0x00045364                ble_pan_id_set
 .text.ble_addr_set
                0x00045374       0x14 C:/WorkArea/Repositories/dwm-simple_example/dwm_ses_d14_dcdc/dwm/examples/dwm-timer/../../lib/libdwm.a(ble-server.o)
                0x00045374                ble_addr_set
 .text.ble_addr_get
                0x00045388       0x14 C:/WorkArea/Repositories/dwm-simple_example/dwm_ses_d14_dcdc/dwm/examples/dwm-timer/../../lib/libdwm.a(ble-server.o)
                0x00045388                ble_addr_get
 .text._ble_sys_info
                0x0004539c       0x90 C:/WorkArea/Repositories/dwm-simple_example/dwm_ses_d14_dcdc/dwm/examples/dwm-timer/../../lib/libdwm.a(ble-server.o)
 .text.ble_an_list_set
                0x0004542c       0x10 C:/WorkArea/Repositories/dwm-simple_example/dwm_ses_d14_dcdc/dwm/examples/dwm-timer/../../lib/libdwm.a(ble-server.o)
                0x0004542c                ble_an_list_set
 .text.ble_mac_cl_info_set
                0x0004543c       0x10 C:/WorkArea/Repositories/dwm-simple_example/dwm_ses_d14_dcdc/dwm/examples/dwm-timer/../../lib/libdwm.a(ble-server.o)
                0x0004543c                ble_mac_cl_info_set
 .text.ble_mac_stat_set
                0x0004544c       0x10 C:/WorkArea/Repositories/dwm-simple_example/dwm_ses_d14_dcdc/dwm/examples/dwm-timer/../../lib/libdwm.a(ble-server.o)
                0x0004544c                ble_mac_stat_set
 .text.ble_proxy_set
                0x0004545c       0x14 C:/WorkArea/Repositories/dwm-simple_example/dwm_ses_d14_dcdc/dwm/examples/dwm-timer/../../lib/libdwm.a(ble-server.o)
                0x0004545c                ble_proxy_set
 .text.ble_advertising_enable
                0x00045470       0x60 C:/WorkArea/Repositories/dwm-simple_example/dwm_ses_d14_dcdc/dwm/examples/dwm-timer/../../lib/libdwm.a(ble-server.o)
                0x00045470                ble_advertising_enable
 .text.ble_server_on_ble_evt
                0x000454d0      0x9a4 C:/WorkArea/Repositories/dwm-simple_example/dwm_ses_d14_dcdc/dwm/examples/dwm-timer/../../lib/libdwm.a(ble-server.o)
                0x000454d0                ble_server_on_ble_evt
 .text.ble_sys_info
                0x00045e74       0x10 C:/WorkArea/Repositories/dwm-simple_example/dwm_ses_d14_dcdc/dwm/examples/dwm-timer/../../lib/libdwm.a(ble-server.o)
                0x00045e74                ble_sys_info
 .text.ble_compile
                0x00045e84       0xc0 C:/WorkArea/Repositories/dwm-simple_example/dwm_ses_d14_dcdc/dwm/examples/dwm-timer/../../lib/libdwm.a(ble-server.o)
                0x00045e84                ble_compile
 .text.ble_server_init
                0x00045f44      0x690 C:/WorkArea/Repositories/dwm-simple_example/dwm_ses_d14_dcdc/dwm/examples/dwm-timer/../../lib/libdwm.a(ble-server.o)
                0x00045f44                ble_server_init
 .text.ble_server_uninit
                0x000465d4       0x2c C:/WorkArea/Repositories/dwm-simple_example/dwm_ses_d14_dcdc/dwm/examples/dwm-timer/../../lib/libdwm.a(ble-server.o)
                0x000465d4                ble_server_uninit
 .text.ble_srv_is_notification_enabled
                0x00046600        0x8 C:/WorkArea/Repositories/dwm-simple_example/dwm_ses_d14_dcdc/dwm/examples/dwm-timer/../../lib/libdwm.a(ble_srv_common.o)
                0x00046600                ble_srv_is_notification_enabled
 .text.dw_usec_to_devt
                0x00046608       0x20 C:/WorkArea/Repositories/dwm-simple_example/dwm_ses_d14_dcdc/dwm/examples/dwm-timer/../../lib/libdwm.a(dw1000.o)
                0x00046608                dw_usec_to_devt
 .text.dw_read_sys_time
                0x00046628       0x40 C:/WorkArea/Repositories/dwm-simple_example/dwm_ses_d14_dcdc/dwm/examples/dwm-timer/../../lib/libdwm.a(dw1000.o)
                0x00046628                dw_read_sys_time
 .text.dw_rand  0x00046668       0x18 C:/WorkArea/Repositories/dwm-simple_example/dwm_ses_d14_dcdc/dwm/examples/dwm-timer/../../lib/libdwm.a(dw1000.o)
                0x00046668                dw_rand
 .text.dw_near_timeout
                0x00046680       0x50 C:/WorkArea/Repositories/dwm-simple_example/dwm_ses_d14_dcdc/dwm/examples/dwm-timer/../../lib/libdwm.a(dw1000.o)
                0x00046680                dw_near_timeout
 .text.dw_tx_reset
                0x000466d0       0x3a C:/WorkArea/Repositories/dwm-simple_example/dwm_ses_d14_dcdc/dwm/examples/dwm-timer/../../lib/libdwm.a(dw1000.o)
                0x000466d0                dw_tx_reset
 .text.dw_buf_write
                0x0004670a       0xd4 C:/WorkArea/Repositories/dwm-simple_example/dwm_ses_d14_dcdc/dwm/examples/dwm-timer/../../lib/libdwm.a(dw1000.o)
                0x0004670a                dw_buf_write
 .text.dw_buf_start
                0x000467de       0x90 C:/WorkArea/Repositories/dwm-simple_example/dwm_ses_d14_dcdc/dwm/examples/dwm-timer/../../lib/libdwm.a(dw1000.o)
                0x000467de                dw_buf_start
 .text.dw_buf_await_send
                0x0004686e       0x54 C:/WorkArea/Repositories/dwm-simple_example/dwm_ses_d14_dcdc/dwm/examples/dwm-timer/../../lib/libdwm.a(dw1000.o)
                0x0004686e                dw_buf_await_send
 .text.dw_buf_send
                0x000468c2       0x1e C:/WorkArea/Repositories/dwm-simple_example/dwm_ses_d14_dcdc/dwm/examples/dwm-timer/../../lib/libdwm.a(dw1000.o)
                0x000468c2                dw_buf_send
 .text.dw_rx_on
                0x000468e0       0x20 C:/WorkArea/Repositories/dwm-simple_example/dwm_ses_d14_dcdc/dwm/examples/dwm-timer/../../lib/libdwm.a(dw1000.o)
                0x000468e0                dw_rx_on
 .text.dw_rxto_on
                0x00046900       0x40 C:/WorkArea/Repositories/dwm-simple_example/dwm_ses_d14_dcdc/dwm/examples/dwm-timer/../../lib/libdwm.a(dw1000.o)
                0x00046900                dw_rxto_on
 .text.dw_get_preamble_len
                0x00046940       0x18 C:/WorkArea/Repositories/dwm-simple_example/dwm_ses_d14_dcdc/dwm/examples/dwm-timer/../../lib/libdwm.a(dw1000.o)
                0x00046940                dw_get_preamble_len
 .text.dw_get_frame_len
                0x00046958      0x124 C:/WorkArea/Repositories/dwm-simple_example/dwm_ses_d14_dcdc/dwm/examples/dwm-timer/../../lib/libdwm.a(dw1000.o)
                0x00046958                dw_get_frame_len
 *fill*         0x00046a7c        0x4 
 .text.dw_get_qf
                0x00046a80      0x16c C:/WorkArea/Repositories/dwm-simple_example/dwm_ses_d14_dcdc/dwm/examples/dwm-timer/../../lib/libdwm.a(dw1000.o)
                0x00046a80                dw_get_qf
 *fill*         0x00046bec        0x4 
 .text.dw_get_rssi
                0x00046bf0       0xb8 C:/WorkArea/Repositories/dwm-simple_example/dwm_ses_d14_dcdc/dwm/examples/dwm-timer/../../lib/libdwm.a(dw1000.o)
                0x00046bf0                dw_get_rssi
 .text.dw_set_ch_cfg
                0x00046ca8        0xa C:/WorkArea/Repositories/dwm-simple_example/dwm_ses_d14_dcdc/dwm/examples/dwm-timer/../../lib/libdwm.a(dw1000.o)
                0x00046ca8                dw_set_ch_cfg
 .text.dw_set_tx_cfg
                0x00046cb2       0x1a C:/WorkArea/Repositories/dwm-simple_example/dwm_ses_d14_dcdc/dwm/examples/dwm-timer/../../lib/libdwm.a(dw1000.o)
                0x00046cb2                dw_set_tx_cfg
 .text.dw_set_ant_tx_delay
                0x00046ccc        0x8 C:/WorkArea/Repositories/dwm-simple_example/dwm_ses_d14_dcdc/dwm/examples/dwm-timer/../../lib/libdwm.a(dw1000.o)
                0x00046ccc                dw_set_ant_tx_delay
 .text.dw_get_temp
                0x00046cd4       0x36 C:/WorkArea/Repositories/dwm-simple_example/dwm_ses_d14_dcdc/dwm/examples/dwm-timer/../../lib/libdwm.a(dw1000.o)
                0x00046cd4                dw_get_temp
 .text.dw_rsl_workaround
                0x00046d0a       0x1c C:/WorkArea/Repositories/dwm-simple_example/dwm_ses_d14_dcdc/dwm/examples/dwm-timer/../../lib/libdwm.a(dw1000.o)
                0x00046d0a                dw_rsl_workaround
 *fill*         0x00046d26        0x2 
 .text.dw_bw_txpwr_comp
                0x00046d28      0x1f8 C:/WorkArea/Repositories/dwm-simple_example/dwm_ses_d14_dcdc/dwm/examples/dwm-timer/../../lib/libdwm.a(dw1000.o)
                0x00046d28                dw_bw_txpwr_comp
 .text.dw_tx_cb
                0x00046f20       0x7c C:/WorkArea/Repositories/dwm-simple_example/dwm_ses_d14_dcdc/dwm/examples/dwm-timer/../../lib/libdwm.a(dw1000.o)
                0x00046f20                dw_tx_cb
 .text.dw_rx_cb
                0x00046f9c      0x18a C:/WorkArea/Repositories/dwm-simple_example/dwm_ses_d14_dcdc/dwm/examples/dwm-timer/../../lib/libdwm.a(dw1000.o)
                0x00046f9c                dw_rx_cb
 .text.dw_sleep
                0x00047126       0x54 C:/WorkArea/Repositories/dwm-simple_example/dwm_ses_d14_dcdc/dwm/examples/dwm-timer/../../lib/libdwm.a(dw1000.o)
                0x00047126                dw_sleep
 .text.dw_rxdata_read
                0x0004717a       0x10 C:/WorkArea/Repositories/dwm-simple_example/dwm_ses_d14_dcdc/dwm/examples/dwm-timer/../../lib/libdwm.a(dw1000.o)
                0x0004717a                dw_rxdata_read
 *fill*         0x0004718a        0x2 
 .text.dw_init  0x0004718c       0xac C:/WorkArea/Repositories/dwm-simple_example/dwm_ses_d14_dcdc/dwm/examples/dwm-timer/../../lib/libdwm.a(dw1000.o)
                0x0004718c                dw_init
 .text.dw_set_src_addr
                0x00047238       0x7a C:/WorkArea/Repositories/dwm-simple_example/dwm_ses_d14_dcdc/dwm/examples/dwm-timer/../../lib/libdwm.a(dw1000.o)
                0x00047238                dw_set_src_addr
 .text.dw_get_src_addr
                0x000472b2        0xc C:/WorkArea/Repositories/dwm-simple_example/dwm_ses_d14_dcdc/dwm/examples/dwm-timer/../../lib/libdwm.a(dw1000.o)
                0x000472b2                dw_get_src_addr
 .text.dw_get_event
                0x000472be       0x70 C:/WorkArea/Repositories/dwm-simple_example/dwm_ses_d14_dcdc/dwm/examples/dwm-timer/../../lib/libdwm.a(dw1000.o)
                0x000472be                dw_get_event
 *fill*         0x0004732e        0x2 
 .text.uwb_get_if
                0x00047330       0x10 C:/WorkArea/Repositories/dwm-simple_example/dwm_ses_d14_dcdc/dwm/examples/dwm-timer/../../lib/libdwm.a(dw1000.o)
                0x00047330                uwb_get_if
 .text.dw1000_init
                0x00047340       0xd8 C:/WorkArea/Repositories/dwm-simple_example/dwm_ses_d14_dcdc/dwm/examples/dwm-timer/../../lib/libdwm.a(dw1000.o)
                0x00047340                dw1000_init
 .text.dw_dump_cfg
                0x00047418      0x278 C:/WorkArea/Repositories/dwm-simple_example/dwm_ses_d14_dcdc/dwm/examples/dwm-timer/../../lib/libdwm.a(dw1000.o)
                0x00047418                dw_dump_cfg
 .text.uwb_sys_info
                0x00047690      0x100 C:/WorkArea/Repositories/dwm-simple_example/dwm_ses_d14_dcdc/dwm/examples/dwm-timer/../../lib/libdwm.a(dw1000.o)
                0x00047690                uwb_sys_info
 .text.fact     0x00047790       0x12 C:/WorkArea/Repositories/dwm-simple_example/dwm_ses_d14_dcdc/dwm/examples/dwm-timer/../../lib/libdwm.a(dwm-math.o)
                0x00047790                fact
 *fill*         0x000477a2        0x2 
 .text.flog10   0x000477a4       0x28 C:/WorkArea/Repositories/dwm-simple_example/dwm_ses_d14_dcdc/dwm/examples/dwm-timer/../../lib/libdwm.a(dwm-math.o)
                0x000477a4                flog10
 .text.get_dist
                0x000477cc       0xc4 C:/WorkArea/Repositories/dwm-simple_example/dwm_ses_d14_dcdc/dwm/examples/dwm-timer/../../lib/libdwm.a(dwm-math.o)
                0x000477cc                get_dist
 .text.dsr      0x00047890       0x14 C:/WorkArea/Repositories/dwm-simple_example/dwm_ses_d14_dcdc/dwm/examples/dwm-timer/../../lib/libdwm.a(dwm.o)
 .text.isr      0x000478a4       0x12 C:/WorkArea/Repositories/dwm-simple_example/dwm_ses_d14_dcdc/dwm/examples/dwm-timer/../../lib/libdwm.a(dwm.o)
 *fill*         0x000478b6        0x2 
 .text.dwm_pm_init
                0x000478b8       0x34 C:/WorkArea/Repositories/dwm-simple_example/dwm_ses_d14_dcdc/dwm/examples/dwm-timer/../../lib/libdwm.a(dwm.o)
 .text.dwm_interrupt_register
                0x000478ec       0x5c C:/WorkArea/Repositories/dwm-simple_example/dwm_ses_d14_dcdc/dwm/examples/dwm-timer/../../lib/libdwm.a(dwm.o)
                0x000478ec                dwm_interrupt_register
 .text.dwm_thread_create
                0x00047948       0x20 C:/WorkArea/Repositories/dwm-simple_example/dwm_ses_d14_dcdc/dwm/examples/dwm-timer/../../lib/libdwm.a(dwm.o)
                0x00047948                dwm_thread_create
 .text.dwm_thread_resume
                0x00047968       0x10 C:/WorkArea/Repositories/dwm-simple_example/dwm_ses_d14_dcdc/dwm/examples/dwm-timer/../../lib/libdwm.a(dwm.o)
                0x00047968                dwm_thread_resume
 .text.dwm_cfg_anchor_set
                0x00047978       0x52 C:/WorkArea/Repositories/dwm-simple_example/dwm_ses_d14_dcdc/dwm/examples/dwm-timer/../../lib/libdwm.a(dwm.o)
                0x00047978                dwm_cfg_anchor_set
 .text.dwm_cfg_tag_set
                0x000479ca       0x66 C:/WorkArea/Repositories/dwm-simple_example/dwm_ses_d14_dcdc/dwm/examples/dwm-timer/../../lib/libdwm.a(dwm.o)
                0x000479ca                dwm_cfg_tag_set
 .text.dwm_pos_set
                0x00047a30       0x2e C:/WorkArea/Repositories/dwm-simple_example/dwm_ses_d14_dcdc/dwm/examples/dwm-timer/../../lib/libdwm.a(dwm.o)
                0x00047a30                dwm_pos_set
 .text.dwm_pos_get
                0x00047a5e       0x36 C:/WorkArea/Repositories/dwm-simple_example/dwm_ses_d14_dcdc/dwm/examples/dwm-timer/../../lib/libdwm.a(dwm.o)
                0x00047a5e                dwm_pos_get
 .text.dwm_upd_rate_set
                0x00047a94       0x20 C:/WorkArea/Repositories/dwm-simple_example/dwm_ses_d14_dcdc/dwm/examples/dwm-timer/../../lib/libdwm.a(dwm.o)
                0x00047a94                dwm_upd_rate_set
 .text.dwm_upd_rate_get
                0x00047ab4       0x34 C:/WorkArea/Repositories/dwm-simple_example/dwm_ses_d14_dcdc/dwm/examples/dwm-timer/../../lib/libdwm.a(dwm.o)
                0x00047ab4                dwm_upd_rate_get
 .text.dwm_nvm_usr_data_get
                0x00047ae8       0x2c C:/WorkArea/Repositories/dwm-simple_example/dwm_ses_d14_dcdc/dwm/examples/dwm-timer/../../lib/libdwm.a(dwm.o)
                0x00047ae8                dwm_nvm_usr_data_get
 .text.dwm_nvm_usr_data_set
                0x00047b14       0x22 C:/WorkArea/Repositories/dwm-simple_example/dwm_ses_d14_dcdc/dwm/examples/dwm-timer/../../lib/libdwm.a(dwm.o)
                0x00047b14                dwm_nvm_usr_data_set
 .text.dwm_ble_compile
                0x00047b36        0x4 C:/WorkArea/Repositories/dwm-simple_example/dwm_ses_d14_dcdc/dwm/examples/dwm-timer/../../lib/libdwm.a(dwm.o)
                0x00047b36                dwm_ble_compile
 .text.dwm_le_compile
                0x00047b3a        0x4 C:/WorkArea/Repositories/dwm-simple_example/dwm_ses_d14_dcdc/dwm/examples/dwm-timer/../../lib/libdwm.a(dwm.o)
                0x00047b3a                dwm_le_compile
 .text.dwm_shell_compile
                0x00047b3e        0x4 C:/WorkArea/Repositories/dwm-simple_example/dwm_ses_d14_dcdc/dwm/examples/dwm-timer/../../lib/libdwm.a(dwm.o)
                0x00047b3e                dwm_shell_compile
 *fill*         0x00047b42        0x2 
 .text.env_get_end
                0x00047b44       0x28 C:/WorkArea/Repositories/dwm-simple_example/dwm_ses_d14_dcdc/dwm/examples/dwm-timer/../../lib/libdwm.a(env-tlv.o)
 .text.env_save
                0x00047b6c       0x60 C:/WorkArea/Repositories/dwm-simple_example/dwm_ses_d14_dcdc/dwm/examples/dwm-timer/../../lib/libdwm.a(env-tlv.o)
                0x00047b6c                env_save
 .text.env_load
                0x00047bcc       0xe4 C:/WorkArea/Repositories/dwm-simple_example/dwm_ses_d14_dcdc/dwm/examples/dwm-timer/../../lib/libdwm.a(env-tlv.o)
                0x00047bcc                env_load
 .text.env_clear
                0x00047cb0       0x48 C:/WorkArea/Repositories/dwm-simple_example/dwm_ses_d14_dcdc/dwm/examples/dwm-timer/../../lib/libdwm.a(env-tlv.o)
                0x00047cb0                env_clear
 .text.env_get  0x00047cf8       0x30 C:/WorkArea/Repositories/dwm-simple_example/dwm_ses_d14_dcdc/dwm/examples/dwm-timer/../../lib/libdwm.a(env-tlv.o)
                0x00047cf8                env_get
 .text.env_set  0x00047d28       0xa8 C:/WorkArea/Repositories/dwm-simple_example/dwm_ses_d14_dcdc/dwm/examples/dwm-timer/../../lib/libdwm.a(env-tlv.o)
                0x00047d28                env_set
 .text.fwup_reset
                0x00047dd0        0x8 C:/WorkArea/Repositories/dwm-simple_example/dwm_ses_d14_dcdc/dwm/examples/dwm-timer/../../lib/libdwm.a(fwup.o)
                0x00047dd0                fwup_reset
 .text.fwup_sndr_init
                0x00047dd8       0x6a C:/WorkArea/Repositories/dwm-simple_example/dwm_ses_d14_dcdc/dwm/examples/dwm-timer/../../lib/libdwm.a(fwup.o)
                0x00047dd8                fwup_sndr_init
 .text.fwup_rcvr_in_progress
                0x00047e42       0x1a C:/WorkArea/Repositories/dwm-simple_example/dwm_ses_d14_dcdc/dwm/examples/dwm-timer/../../lib/libdwm.a(fwup.o)
                0x00047e42                fwup_rcvr_in_progress
 .text.fwup_rcvr_stop
                0x00047e5c       0x16 C:/WorkArea/Repositories/dwm-simple_example/dwm_ses_d14_dcdc/dwm/examples/dwm-timer/../../lib/libdwm.a(fwup.o)
                0x00047e5c                fwup_rcvr_stop
 .text.fwup_rcvr_start
                0x00047e72       0x4c C:/WorkArea/Repositories/dwm-simple_example/dwm_ses_d14_dcdc/dwm/examples/dwm-timer/../../lib/libdwm.a(fwup.o)
                0x00047e72                fwup_rcvr_start
 .text.fwup_rcvr_rxbuf_space
                0x00047ebe       0x12 C:/WorkArea/Repositories/dwm-simple_example/dwm_ses_d14_dcdc/dwm/examples/dwm-timer/../../lib/libdwm.a(fwup.o)
                0x00047ebe                fwup_rcvr_rxbuf_space
 .text.fwup_rcvr_data_handler
                0x00047ed0       0x60 C:/WorkArea/Repositories/dwm-simple_example/dwm_ses_d14_dcdc/dwm/examples/dwm-timer/../../lib/libdwm.a(fwup.o)
                0x00047ed0                fwup_rcvr_data_handler
 .text.fwup_rcvr_data_write
                0x00047f30      0x160 C:/WorkArea/Repositories/dwm-simple_example/dwm_ses_d14_dcdc/dwm/examples/dwm-timer/../../lib/libdwm.a(fwup.o)
                0x00047f30                fwup_rcvr_data_write
 .text.fwup_rcvr_is_finished
                0x00048090       0x36 C:/WorkArea/Repositories/dwm-simple_example/dwm_ses_d14_dcdc/dwm/examples/dwm-timer/../../lib/libdwm.a(fwup.o)
                0x00048090                fwup_rcvr_is_finished
 .text.nrf_gpio_pins_toggle
                0x000480c6       0x18 C:/WorkArea/Repositories/dwm-simple_example/dwm_ses_d14_dcdc/dwm/examples/dwm-timer/../../lib/libdwm.a(hal.o)
 .text.sd_rand_application_bytes_available_get
                0x000480de        0x4 C:/WorkArea/Repositories/dwm-simple_example/dwm_ses_d14_dcdc/dwm/examples/dwm-timer/../../lib/libdwm.a(hal.o)
 .text.sd_rand_application_vector_get
                0x000480e2        0x4 C:/WorkArea/Repositories/dwm-simple_example/dwm_ses_d14_dcdc/dwm/examples/dwm-timer/../../lib/libdwm.a(hal.o)
 .text.sd_clock_hfclk_request
                0x000480e6        0x4 C:/WorkArea/Repositories/dwm-simple_example/dwm_ses_d14_dcdc/dwm/examples/dwm-timer/../../lib/libdwm.a(hal.o)
 .text.sd_clock_hfclk_release
                0x000480ea        0x4 C:/WorkArea/Repositories/dwm-simple_example/dwm_ses_d14_dcdc/dwm/examples/dwm-timer/../../lib/libdwm.a(hal.o)
 .text.sd_app_evt_wait
                0x000480ee        0x4 C:/WorkArea/Repositories/dwm-simple_example/dwm_ses_d14_dcdc/dwm/examples/dwm-timer/../../lib/libdwm.a(hal.o)
 .text.sd_ecb_block_encrypt
                0x000480f2        0x4 C:/WorkArea/Repositories/dwm-simple_example/dwm_ses_d14_dcdc/dwm/examples/dwm-timer/../../lib/libdwm.a(hal.o)
 .text.sd_temp_get
                0x000480f6        0x4 C:/WorkArea/Repositories/dwm-simple_example/dwm_ses_d14_dcdc/dwm/examples/dwm-timer/../../lib/libdwm.a(hal.o)
 .text._led_dummy
                0x000480fa        0x2 C:/WorkArea/Repositories/dwm-simple_example/dwm_ses_d14_dcdc/dwm/examples/dwm-timer/../../lib/libdwm.a(hal.o)
 .text._led_orange_on
                0x000480fc        0xe C:/WorkArea/Repositories/dwm-simple_example/dwm_ses_d14_dcdc/dwm/examples/dwm-timer/../../lib/libdwm.a(hal.o)
 .text._led_orange_off
                0x0004810a        0xe C:/WorkArea/Repositories/dwm-simple_example/dwm_ses_d14_dcdc/dwm/examples/dwm-timer/../../lib/libdwm.a(hal.o)
 .text._led_orange_toggle
                0x00048118        0x8 C:/WorkArea/Repositories/dwm-simple_example/dwm_ses_d14_dcdc/dwm/examples/dwm-timer/../../lib/libdwm.a(hal.o)
 .text._led_red_on
                0x00048120        0xe C:/WorkArea/Repositories/dwm-simple_example/dwm_ses_d14_dcdc/dwm/examples/dwm-timer/../../lib/libdwm.a(hal.o)
 .text._led_red_off
                0x0004812e        0xe C:/WorkArea/Repositories/dwm-simple_example/dwm_ses_d14_dcdc/dwm/examples/dwm-timer/../../lib/libdwm.a(hal.o)
 .text._led_red_toggle
                0x0004813c        0x8 C:/WorkArea/Repositories/dwm-simple_example/dwm_ses_d14_dcdc/dwm/examples/dwm-timer/../../lib/libdwm.a(hal.o)
 .text._led_green_on
                0x00048144        0xe C:/WorkArea/Repositories/dwm-simple_example/dwm_ses_d14_dcdc/dwm/examples/dwm-timer/../../lib/libdwm.a(hal.o)
 .text._led_green_off
                0x00048152        0xe C:/WorkArea/Repositories/dwm-simple_example/dwm_ses_d14_dcdc/dwm/examples/dwm-timer/../../lib/libdwm.a(hal.o)
 .text._led_green_toggle
                0x00048160        0x8 C:/WorkArea/Repositories/dwm-simple_example/dwm_ses_d14_dcdc/dwm/examples/dwm-timer/../../lib/libdwm.a(hal.o)
 .text.wdt_handler
                0x00048168        0x2 C:/WorkArea/Repositories/dwm-simple_example/dwm_ses_d14_dcdc/dwm/examples/dwm-timer/../../lib/libdwm.a(hal.o)
 *fill*         0x0004816a        0x2 
 .text.hal_factory_reset
                0x0004816c       0x30 C:/WorkArea/Repositories/dwm-simple_example/dwm_ses_d14_dcdc/dwm/examples/dwm-timer/../../lib/libdwm.a(hal.o)
                0x0004816c                hal_factory_reset
 .text.is_user_app_pin
                0x0004819c       0x5c C:/WorkArea/Repositories/dwm-simple_example/dwm_ses_d14_dcdc/dwm/examples/dwm-timer/../../lib/libdwm.a(hal.o)
                0x0004819c                is_user_app_pin
 .text.hal_sd_enabled
                0x000481f8        0x8 C:/WorkArea/Repositories/dwm-simple_example/dwm_ses_d14_dcdc/dwm/examples/dwm-timer/../../lib/libdwm.a(hal.o)
                0x000481f8                hal_sd_enabled
 .text.hal_flash_erase
                0x00048200       0x14 C:/WorkArea/Repositories/dwm-simple_example/dwm_ses_d14_dcdc/dwm/examples/dwm-timer/../../lib/libdwm.a(hal.o)
                0x00048200                hal_flash_erase
 .text.hal_flash_write_page
                0x00048214        0x6 C:/WorkArea/Repositories/dwm-simple_example/dwm_ses_d14_dcdc/dwm/examples/dwm-timer/../../lib/libdwm.a(hal.o)
                0x00048214                hal_flash_write_page
 .text.hal_fw_get_chksum
                0x0004821a       0x42 C:/WorkArea/Repositories/dwm-simple_example/dwm_ses_d14_dcdc/dwm/examples/dwm-timer/../../lib/libdwm.a(hal.o)
                0x0004821a                hal_fw_get_chksum
 .text.hal_fw_is_compat
                0x0004825c       0x10 C:/WorkArea/Repositories/dwm-simple_example/dwm_ses_d14_dcdc/dwm/examples/dwm-timer/../../lib/libdwm.a(hal.o)
                0x0004825c                hal_fw_is_compat
 .text.hal_time_hfclk_start
                0x0004826c       0x1a C:/WorkArea/Repositories/dwm-simple_example/dwm_ses_d14_dcdc/dwm/examples/dwm-timer/../../lib/libdwm.a(hal.o)
                0x0004826c                hal_time_hfclk_start
 .text.hal_time_hfclk_stop
                0x00048286       0x1c C:/WorkArea/Repositories/dwm-simple_example/dwm_ses_d14_dcdc/dwm/examples/dwm-timer/../../lib/libdwm.a(hal.o)
                0x00048286                hal_time_hfclk_stop
 *fill*         0x000482a2        0x2 
 .text.hal_wdt_app_init
                0x000482a4       0x10 C:/WorkArea/Repositories/dwm-simple_example/dwm_ses_d14_dcdc/dwm/examples/dwm-timer/../../lib/libdwm.a(hal.o)
                0x000482a4                hal_wdt_app_init
 .text.hal_wdt_app_reset
                0x000482b4        0x4 C:/WorkArea/Repositories/dwm-simple_example/dwm_ses_d14_dcdc/dwm/examples/dwm-timer/../../lib/libdwm.a(hal.o)
                0x000482b4                hal_wdt_app_reset
 .text.hal_temp_get
                0x000482b8       0x80 C:/WorkArea/Repositories/dwm-simple_example/dwm_ses_d14_dcdc/dwm/examples/dwm-timer/../../lib/libdwm.a(hal.o)
                0x000482b8                hal_temp_get
 .text.hal_sleep
                0x00048338       0xe4 C:/WorkArea/Repositories/dwm-simple_example/dwm_ses_d14_dcdc/dwm/examples/dwm-timer/../../lib/libdwm.a(hal.o)
                0x00048338                hal_sleep
 .text.hal_uptime
                0x0004841c       0x20 C:/WorkArea/Repositories/dwm-simple_example/dwm_ses_d14_dcdc/dwm/examples/dwm-timer/../../lib/libdwm.a(hal.o)
                0x0004841c                hal_uptime
 .text.hal_print_ps
                0x0004843c       0x80 C:/WorkArea/Repositories/dwm-simple_example/dwm_ses_d14_dcdc/dwm/examples/dwm-timer/../../lib/libdwm.a(hal.o)
                0x0004843c                hal_print_ps
 .text.hal_print_free
                0x000484bc       0x50 C:/WorkArea/Repositories/dwm-simple_example/dwm_ses_d14_dcdc/dwm/examples/dwm-timer/../../lib/libdwm.a(hal.o)
                0x000484bc                hal_print_free
 .text.hal_print_uptime
                0x0004850c       0xbc C:/WorkArea/Repositories/dwm-simple_example/dwm_ses_d14_dcdc/dwm/examples/dwm-timer/../../lib/libdwm.a(hal.o)
                0x0004850c                hal_print_uptime
 .text.hal_print_sys_info
                0x000485c8      0x130 C:/WorkArea/Repositories/dwm-simple_example/dwm_ses_d14_dcdc/dwm/examples/dwm-timer/../../lib/libdwm.a(hal.o)
                0x000485c8                hal_print_sys_info
 .text.hal_critical_region_enter
                0x000486f8       0x58 C:/WorkArea/Repositories/dwm-simple_example/dwm_ses_d14_dcdc/dwm/examples/dwm-timer/../../lib/libdwm.a(hal.o)
                0x000486f8                hal_critical_region_enter
 .text.hal_critical_region_exit
                0x00048750       0x38 C:/WorkArea/Repositories/dwm-simple_example/dwm_ses_d14_dcdc/dwm/examples/dwm-timer/../../lib/libdwm.a(hal.o)
                0x00048750                hal_critical_region_exit
 .text.leds_enable
                0x00048788       0xbc C:/WorkArea/Repositories/dwm-simple_example/dwm_ses_d14_dcdc/dwm/examples/dwm-timer/../../lib/libdwm.a(hal.o)
                0x00048788                leds_enable
 .text.leds_disable
                0x00048844       0x74 C:/WorkArea/Repositories/dwm-simple_example/dwm_ses_d14_dcdc/dwm/examples/dwm-timer/../../lib/libdwm.a(hal.o)
                0x00048844                leds_disable
 .text.hal_crypto_rng_get
                0x000488b8       0xa8 C:/WorkArea/Repositories/dwm-simple_example/dwm_ses_d14_dcdc/dwm/examples/dwm-timer/../../lib/libdwm.a(hal.o)
                0x000488b8                hal_crypto_rng_get
 .text.hal_crypto_set_key
                0x00048960       0x60 C:/WorkArea/Repositories/dwm-simple_example/dwm_ses_d14_dcdc/dwm/examples/dwm-timer/../../lib/libdwm.a(hal.o)
                0x00048960                hal_crypto_set_key
 .text.hal_crypto_mac_get
                0x000489c0      0x128 C:/WorkArea/Repositories/dwm-simple_example/dwm_ses_d14_dcdc/dwm/examples/dwm-timer/../../lib/libdwm.a(hal.o)
                0x000489c0                hal_crypto_mac_get
 .text.hal_crypto_crypt
                0x00048ae8       0xc8 C:/WorkArea/Repositories/dwm-simple_example/dwm_ses_d14_dcdc/dwm/examples/dwm-timer/../../lib/libdwm.a(hal.o)
                0x00048ae8                hal_crypto_crypt
 .text._read    0x00048bb0        0x8 C:/WorkArea/Repositories/dwm-simple_example/dwm_ses_d14_dcdc/dwm/examples/dwm-timer/../../lib/libdwm.a(hal.o)
                0x00048bb0                _read
 .text._write   0x00048bb8       0x2a C:/WorkArea/Repositories/dwm-simple_example/dwm_ses_d14_dcdc/dwm/examples/dwm-timer/../../lib/libdwm.a(hal.o)
                0x00048bb8                _write
 *fill*         0x00048be2        0x2 
 .text._sbrk    0x00048be4       0x2c C:/WorkArea/Repositories/dwm-simple_example/dwm_ses_d14_dcdc/dwm/examples/dwm-timer/../../lib/libdwm.a(hal.o)
                0x00048be4                _sbrk
 .text.rng_isr  0x00048c10       0x14 C:/WorkArea/Repositories/dwm-simple_example/dwm_ses_d14_dcdc/dwm/examples/dwm-timer/../../lib/libdwm.a(nrf_drv_rng.o)
 .text.rng_start
                0x00048c24       0x38 C:/WorkArea/Repositories/dwm-simple_example/dwm_ses_d14_dcdc/dwm/examples/dwm-timer/../../lib/libdwm.a(nrf_drv_rng.o)
 .text.nrf_drv_rng_init
                0x00048c5c       0x98 C:/WorkArea/Repositories/dwm-simple_example/dwm_ses_d14_dcdc/dwm/examples/dwm-timer/../../lib/libdwm.a(nrf_drv_rng.o)
                0x00048c5c                nrf_drv_rng_init
 .text.nrf_drv_rng_bytes_available
                0x00048cf4       0x14 C:/WorkArea/Repositories/dwm-simple_example/dwm_ses_d14_dcdc/dwm/examples/dwm-timer/../../lib/libdwm.a(nrf_drv_rng.o)
                0x00048cf4                nrf_drv_rng_bytes_available
 .text.nrf_drv_rng_rand
                0x00048d08       0x3c C:/WorkArea/Repositories/dwm-simple_example/dwm_ses_d14_dcdc/dwm/examples/dwm-timer/../../lib/libdwm.a(nrf_drv_rng.o)
                0x00048d08                nrf_drv_rng_rand
 .text.RNG_IRQHandler
                0x00048d44       0x54 C:/WorkArea/Repositories/dwm-simple_example/dwm_ses_d14_dcdc/dwm/examples/dwm-timer/../../lib/libdwm.a(nrf_drv_rng.o)
                0x00048d44                RNG_IRQHandler
 .text.rng_dsr  0x00048d98       0x10 C:/WorkArea/Repositories/dwm-simple_example/dwm_ses_d14_dcdc/dwm/examples/dwm-timer/../../lib/libdwm.a(nrf_drv_rng.o)
 .text.pm_can_sleep
                0x00048da8       0x44 C:/WorkArea/Repositories/dwm-simple_example/dwm_ses_d14_dcdc/dwm/examples/dwm-timer/../../lib/libdwm.a(pm.o)
                0x00048da8                pm_can_sleep
 .text.pm_task_get_next
                0x00048dec       0x54 C:/WorkArea/Repositories/dwm-simple_example/dwm_ses_d14_dcdc/dwm/examples/dwm-timer/../../lib/libdwm.a(pm.o)
                0x00048dec                pm_task_get_next
 .text.pm_sched_signal
                0x00048e40        0xc C:/WorkArea/Repositories/dwm-simple_example/dwm_ses_d14_dcdc/dwm/examples/dwm-timer/../../lib/libdwm.a(pm.o)
                0x00048e40                pm_sched_signal
 .text.pm_sched_wait
                0x00048e4c        0xc C:/WorkArea/Repositories/dwm-simple_example/dwm_ses_d14_dcdc/dwm/examples/dwm-timer/../../lib/libdwm.a(pm.o)
                0x00048e4c                pm_sched_wait
 .text.pm_task_lock
                0x00048e58       0x26 C:/WorkArea/Repositories/dwm-simple_example/dwm_ses_d14_dcdc/dwm/examples/dwm-timer/../../lib/libdwm.a(pm.o)
                0x00048e58                pm_task_lock
 .text.pm_task_unlock
                0x00048e7e       0x2c C:/WorkArea/Repositories/dwm-simple_example/dwm_ses_d14_dcdc/dwm/examples/dwm-timer/../../lib/libdwm.a(pm.o)
                0x00048e7e                pm_task_unlock
 *fill*         0x00048eaa        0x2 
 .text.pm_task_unlock_set_alarm
                0x00048eac       0x98 C:/WorkArea/Repositories/dwm-simple_example/dwm_ses_d14_dcdc/dwm/examples/dwm-timer/../../lib/libdwm.a(pm.o)
                0x00048eac                pm_task_unlock_set_alarm
 .text.pm_task_wakeup
                0x00048f44        0x4 C:/WorkArea/Repositories/dwm-simple_example/dwm_ses_d14_dcdc/dwm/examples/dwm-timer/../../lib/libdwm.a(pm.o)
                0x00048f44                pm_task_wakeup
 .text.pm_task_alloc
                0x00048f48       0x64 C:/WorkArea/Repositories/dwm-simple_example/dwm_ses_d14_dcdc/dwm/examples/dwm-timer/../../lib/libdwm.a(pm.o)
                0x00048f48                pm_task_alloc
 .text.pm_task_free
                0x00048fac       0x58 C:/WorkArea/Repositories/dwm-simple_example/dwm_ses_d14_dcdc/dwm/examples/dwm-timer/../../lib/libdwm.a(pm.o)
                0x00048fac                pm_task_free
 .text.pm_init  0x00049004       0x54 C:/WorkArea/Repositories/dwm-simple_example/dwm_ses_d14_dcdc/dwm/examples/dwm-timer/../../lib/libdwm.a(pm.o)
                0x00049004                pm_init
 .text.pm_dump  0x00049058       0x84 C:/WorkArea/Repositories/dwm-simple_example/dwm_ses_d14_dcdc/dwm/examples/dwm-timer/../../lib/libdwm.a(pm.o)
                0x00049058                pm_dump
 .text.api_thread_start
                0x000490dc       0x10 C:/WorkArea/Repositories/dwm-simple_example/dwm_ses_d14_dcdc/dwm/examples/dwm-timer/../../lib/libdwm.a(process-api.o)
                0x000490dc                api_thread_start
 .text.api_thread_init
                0x000490ec       0x3c C:/WorkArea/Repositories/dwm-simple_example/dwm_ses_d14_dcdc/dwm/examples/dwm-timer/../../lib/libdwm.a(process-api.o)
                0x000490ec                api_thread_init
 .text.ble_thread_entry
                0x00049128       0x78 C:/WorkArea/Repositories/dwm-simple_example/dwm_ses_d14_dcdc/dwm/examples/dwm-timer/../../lib/libdwm.a(process-ble.o)
 .text.ble_server_evt_put
                0x000491a0       0x1c C:/WorkArea/Repositories/dwm-simple_example/dwm_ses_d14_dcdc/dwm/examples/dwm-timer/../../lib/libdwm.a(process-ble.o)
                0x000491a0                ble_server_evt_put
 .text.ble_server_thread_start
                0x000491bc       0x10 C:/WorkArea/Repositories/dwm-simple_example/dwm_ses_d14_dcdc/dwm/examples/dwm-timer/../../lib/libdwm.a(process-ble.o)
                0x000491bc                ble_server_thread_start
 .text.ble_server_thread_stop
                0x000491cc       0x38 C:/WorkArea/Repositories/dwm-simple_example/dwm_ses_d14_dcdc/dwm/examples/dwm-timer/../../lib/libdwm.a(process-ble.o)
                0x000491cc                ble_server_thread_stop
 .text.ble_server_thread_init
                0x00049204       0x4c C:/WorkArea/Repositories/dwm-simple_example/dwm_ses_d14_dcdc/dwm/examples/dwm-timer/../../lib/libdwm.a(process-ble.o)
                0x00049204                ble_server_thread_init
 .text.ble_init_ready
                0x00049250        0xc C:/WorkArea/Repositories/dwm-simple_example/dwm_ses_d14_dcdc/dwm/examples/dwm-timer/../../lib/libdwm.a(process-ble.o)
                0x00049250                ble_init_ready
 .text.le_print_disable
                0x0004925c       0x10 C:/WorkArea/Repositories/dwm-simple_example/dwm_ses_d14_dcdc/dwm/examples/dwm-timer/../../lib/libdwm.a(process-le.o)
 .text.nole_thread_entry
                0x0004926c      0x2a8 C:/WorkArea/Repositories/dwm-simple_example/dwm_ses_d14_dcdc/dwm/examples/dwm-timer/../../lib/libdwm.a(process-le.o)
 *fill*         0x00049514        0x4 
 .text.le_thread_entry
                0x00049518      0x48c C:/WorkArea/Repositories/dwm-simple_example/dwm_ses_d14_dcdc/dwm/examples/dwm-timer/../../lib/libdwm.a(process-le.o)
 .text.le_post_loc_data
                0x000499a4       0x60 C:/WorkArea/Repositories/dwm-simple_example/dwm_ses_d14_dcdc/dwm/examples/dwm-timer/../../lib/libdwm.a(process-le.o)
                0x000499a4                le_post_loc_data
 .text.le_init  0x00049a04       0x7c C:/WorkArea/Repositories/dwm-simple_example/dwm_ses_d14_dcdc/dwm/examples/dwm-timer/../../lib/libdwm.a(process-le.o)
                0x00049a04                le_init
 .text.le_start
                0x00049a80       0x18 C:/WorkArea/Repositories/dwm-simple_example/dwm_ses_d14_dcdc/dwm/examples/dwm-timer/../../lib/libdwm.a(process-le.o)
                0x00049a80                le_start
 .text.le_post_meas
                0x00049a98       0x78 C:/WorkArea/Repositories/dwm-simple_example/dwm_ses_d14_dcdc/dwm/examples/dwm-timer/../../lib/libdwm.a(process-le.o)
                0x00049a98                le_post_meas
 .text.le_pos_get
                0x00049b10       0x64 C:/WorkArea/Repositories/dwm-simple_example/dwm_ses_d14_dcdc/dwm/examples/dwm-timer/../../lib/libdwm.a(process-le.o)
                0x00049b10                le_pos_get
 .text.le_loc_get
                0x00049b74      0x104 C:/WorkArea/Repositories/dwm-simple_example/dwm_ses_d14_dcdc/dwm/examples/dwm-timer/../../lib/libdwm.a(process-le.o)
                0x00049b74                le_loc_get
 .text.le_loc_print_toggle
                0x00049c78       0x28 C:/WorkArea/Repositories/dwm-simple_example/dwm_ses_d14_dcdc/dwm/examples/dwm-timer/../../lib/libdwm.a(process-le.o)
                0x00049c78                le_loc_print_toggle
 .text.le_loc_ts_print_toggle
                0x00049ca0       0x24 C:/WorkArea/Repositories/dwm-simple_example/dwm_ses_d14_dcdc/dwm/examples/dwm-timer/../../lib/libdwm.a(process-le.o)
                0x00049ca0                le_loc_ts_print_toggle
 .text.le_loc_csv_print_toggle
                0x00049cc4       0x28 C:/WorkArea/Repositories/dwm-simple_example/dwm_ses_d14_dcdc/dwm/examples/dwm-timer/../../lib/libdwm.a(process-le.o)
                0x00049cc4                le_loc_csv_print_toggle
 .text.le_loc_csv_ts_print_toggle
                0x00049cec       0x28 C:/WorkArea/Repositories/dwm-simple_example/dwm_ses_d14_dcdc/dwm/examples/dwm-timer/../../lib/libdwm.a(process-le.o)
                0x00049cec                le_loc_csv_ts_print_toggle
 .text.le_pos_csv_print_toggle
                0x00049d14       0x24 C:/WorkArea/Repositories/dwm-simple_example/dwm_ses_d14_dcdc/dwm/examples/dwm-timer/../../lib/libdwm.a(process-le.o)
                0x00049d14                le_pos_csv_print_toggle
 .text.le_compile
                0x00049d38       0x18 C:/WorkArea/Repositories/dwm-simple_example/dwm_ses_d14_dcdc/dwm/examples/dwm-timer/../../lib/libdwm.a(process-le.o)
                0x00049d38                le_compile
 .text.pm_thread_entry
                0x00049d50       0x98 C:/WorkArea/Repositories/dwm-simple_example/dwm_ses_d14_dcdc/dwm/examples/dwm-timer/../../lib/libdwm.a(process-pm.o)
 .text.hal_pm_init
                0x00049de8       0x70 C:/WorkArea/Repositories/dwm-simple_example/dwm_ses_d14_dcdc/dwm/examples/dwm-timer/../../lib/libdwm.a(process-pm.o)
                0x00049de8                hal_pm_init
 .text.hal_pm_start
                0x00049e58        0xc C:/WorkArea/Repositories/dwm-simple_example/dwm_ses_d14_dcdc/dwm/examples/dwm-timer/../../lib/libdwm.a(process-pm.o)
                0x00049e58                hal_pm_start
 .text.uwb0_recover.part.0
                0x00049e64       0x1c C:/WorkArea/Repositories/dwm-simple_example/dwm_ses_d14_dcdc/dwm/examples/dwm-timer/../../lib/libdwm.a(process-svc.o)
 .text.svc_thread_entry
                0x00049e80      0x2b0 C:/WorkArea/Repositories/dwm-simple_example/dwm_ses_d14_dcdc/dwm/examples/dwm-timer/../../lib/libdwm.a(process-svc.o)
 .text.svc_init
                0x0004a130       0x3c C:/WorkArea/Repositories/dwm-simple_example/dwm_ses_d14_dcdc/dwm/examples/dwm-timer/../../lib/libdwm.a(process-svc.o)
                0x0004a130                svc_init
 .text.svc_start
                0x0004a16c        0xc C:/WorkArea/Repositories/dwm-simple_example/dwm_ses_d14_dcdc/dwm/examples/dwm-timer/../../lib/libdwm.a(process-svc.o)
                0x0004a16c                svc_start
 .text.svc_post_event
                0x0004a178       0x64 C:/WorkArea/Repositories/dwm-simple_example/dwm_ses_d14_dcdc/dwm/examples/dwm-timer/../../lib/libdwm.a(process-svc.o)
                0x0004a178                svc_post_event
 .text.svc_suspend
                0x0004a1dc       0x30 C:/WorkArea/Repositories/dwm-simple_example/dwm_ses_d14_dcdc/dwm/examples/dwm-timer/../../lib/libdwm.a(process-svc.o)
                0x0004a1dc                svc_suspend
 .text.svc_resume
                0x0004a20c       0x28 C:/WorkArea/Repositories/dwm-simple_example/dwm_ses_d14_dcdc/dwm/examples/dwm-timer/../../lib/libdwm.a(process-svc.o)
                0x0004a20c                svc_resume
 .text.uwbmac_wkr_thread_entry
                0x0004a234       0x1c C:/WorkArea/Repositories/dwm-simple_example/dwm_ses_d14_dcdc/dwm/examples/dwm-timer/../../lib/libdwm.a(process-uwbmac.o)
 .text.uwbmac_thread_entry
                0x0004a250      0x12c C:/WorkArea/Repositories/dwm-simple_example/dwm_ses_d14_dcdc/dwm/examples/dwm-timer/../../lib/libdwm.a(process-uwbmac.o)
 .text.uwbmac_init
                0x0004a37c       0x6c C:/WorkArea/Repositories/dwm-simple_example/dwm_ses_d14_dcdc/dwm/examples/dwm-timer/../../lib/libdwm.a(process-uwbmac.o)
                0x0004a37c                uwbmac_init
 .text.uwbmac_start
                0x0004a3e8       0x18 C:/WorkArea/Repositories/dwm-simple_example/dwm_ses_d14_dcdc/dwm/examples/dwm-timer/../../lib/libdwm.a(process-uwbmac.o)
                0x0004a3e8                uwbmac_start
 .text.dw_intr  0x0004a400        0xc C:/WorkArea/Repositories/dwm-simple_example/dwm_ses_d14_dcdc/dwm/examples/dwm-timer/../../lib/libdwm.a(process-uwb.o)
                0x0004a400                dw_intr
 .text.uwb_init_uwb0
                0x0004a40c      0x42c C:/WorkArea/Repositories/dwm-simple_example/dwm_ses_d14_dcdc/dwm/examples/dwm-timer/../../lib/libdwm.a(process-uwb.o)
                0x0004a40c                uwb_init_uwb0
 .text.uwb_thread_entry
                0x0004a838       0xac C:/WorkArea/Repositories/dwm-simple_example/dwm_ses_d14_dcdc/dwm/examples/dwm-timer/../../lib/libdwm.a(process-uwb.o)
 .text.uwb_init
                0x0004a8e4       0x3c C:/WorkArea/Repositories/dwm-simple_example/dwm_ses_d14_dcdc/dwm/examples/dwm-timer/../../lib/libdwm.a(process-uwb.o)
                0x0004a8e4                uwb_init
 .text.uwb_start
                0x0004a920        0xc C:/WorkArea/Repositories/dwm-simple_example/dwm_ses_d14_dcdc/dwm/examples/dwm-timer/../../lib/libdwm.a(process-uwb.o)
                0x0004a920                uwb_start
 .text.uwb_init_ready_await
                0x0004a92c       0x18 C:/WorkArea/Repositories/dwm-simple_example/dwm_ses_d14_dcdc/dwm/examples/dwm-timer/../../lib/libdwm.a(process-uwb.o)
                0x0004a92c                uwb_init_ready_await
 .text.serial_sleep
                0x0004a944       0x10 C:/WorkArea/Repositories/dwm-simple_example/dwm_ses_d14_dcdc/dwm/examples/dwm-timer/../../lib/libdwm.a(serial.o)
                0x0004a944                serial_sleep
 .text.serial_uart_reinit
                0x0004a954       0x10 C:/WorkArea/Repositories/dwm-simple_example/dwm_ses_d14_dcdc/dwm/examples/dwm-timer/../../lib/libdwm.a(serial.o)
                0x0004a954                serial_uart_reinit
 .text.serial_status_change_ntfy
                0x0004a964       0x10 C:/WorkArea/Repositories/dwm-simple_example/dwm_ses_d14_dcdc/dwm/examples/dwm-timer/../../lib/libdwm.a(serial.o)
                0x0004a964                serial_status_change_ntfy
 .text.serial_start
                0x0004a974       0x10 C:/WorkArea/Repositories/dwm-simple_example/dwm_ses_d14_dcdc/dwm/examples/dwm-timer/../../lib/libdwm.a(serial.o)
                0x0004a974                serial_start
 .text.serial_is_uart_compiled
                0x0004a984        0xc C:/WorkArea/Repositories/dwm-simple_example/dwm_ses_d14_dcdc/dwm/examples/dwm-timer/../../lib/libdwm.a(serial.o)
                0x0004a984                serial_is_uart_compiled
 .text.serial_is_compiled
                0x0004a990        0xc C:/WorkArea/Repositories/dwm-simple_example/dwm_ses_d14_dcdc/dwm/examples/dwm-timer/../../lib/libdwm.a(serial.o)
                0x0004a990                serial_is_compiled
 .text.cmd_enc_key_clear
                0x0004a99c       0x34 C:/WorkArea/Repositories/dwm-simple_example/dwm_ses_d14_dcdc/dwm/examples/dwm-timer/../../lib/libdwm.a(shell-api.o)
                0x0004a99c                cmd_enc_key_clear
 .text.cmd_nvm_usr_data_clear
                0x0004a9d0       0x38 C:/WorkArea/Repositories/dwm-simple_example/dwm_ses_d14_dcdc/dwm/examples/dwm-timer/../../lib/libdwm.a(shell-api.o)
 .text.cmd_nvm_usr_data_set
                0x0004aa08       0xb8 C:/WorkArea/Repositories/dwm-simple_example/dwm_ses_d14_dcdc/dwm/examples/dwm-timer/../../lib/libdwm.a(shell-api.o)
 .text.cmd_tlv  0x0004aac0       0xb0 C:/WorkArea/Repositories/dwm-simple_example/dwm_ses_d14_dcdc/dwm/examples/dwm-timer/../../lib/libdwm.a(shell-api.o)
 .text.api_cb   0x0004ab70       0x44 C:/WorkArea/Repositories/dwm-simple_example/dwm_ses_d14_dcdc/dwm/examples/dwm-timer/../../lib/libdwm.a(shell-api.o)
 .text.cmd_enc_key_set
                0x0004abb4       0x94 C:/WorkArea/Repositories/dwm-simple_example/dwm_ses_d14_dcdc/dwm/examples/dwm-timer/../../lib/libdwm.a(shell-api.o)
                0x0004abb4                cmd_enc_key_set
 .text.cmd_nvm_usr_data_get
                0x0004ac48       0x64 C:/WorkArea/Repositories/dwm-simple_example/dwm_ses_d14_dcdc/dwm/examples/dwm-timer/../../lib/libdwm.a(shell-api.o)
 .text.cmd_cfg_tn_set
                0x0004acac      0x120 C:/WorkArea/Repositories/dwm-simple_example/dwm_ses_d14_dcdc/dwm/examples/dwm-timer/../../lib/libdwm.a(shell-api.o)
 .text.cmd_cfg_an_set
                0x0004adcc       0xf4 C:/WorkArea/Repositories/dwm-simple_example/dwm_ses_d14_dcdc/dwm/examples/dwm-timer/../../lib/libdwm.a(shell-api.o)
 .text.cmd_pos_set
                0x0004aec0       0x88 C:/WorkArea/Repositories/dwm-simple_example/dwm_ses_d14_dcdc/dwm/examples/dwm-timer/../../lib/libdwm.a(shell-api.o)
 .text.cmd_pos_get
                0x0004af48       0x48 C:/WorkArea/Repositories/dwm-simple_example/dwm_ses_d14_dcdc/dwm/examples/dwm-timer/../../lib/libdwm.a(shell-api.o)
 .text.cmd_ur_get
                0x0004af90       0x4c C:/WorkArea/Repositories/dwm-simple_example/dwm_ses_d14_dcdc/dwm/examples/dwm-timer/../../lib/libdwm.a(shell-api.o)
 .text.cmd_ur_set
                0x0004afdc       0x7c C:/WorkArea/Repositories/dwm-simple_example/dwm_ses_d14_dcdc/dwm/examples/dwm-timer/../../lib/libdwm.a(shell-api.o)
 .text.cmd_ble_disable
                0x0004b058        0x4 C:/WorkArea/Repositories/dwm-simple_example/dwm_ses_d14_dcdc/dwm/examples/dwm-timer/../../lib/libdwm.a(shell-ble.o)
 .text.cmd_ble_enable
                0x0004b05c       0x10 C:/WorkArea/Repositories/dwm-simple_example/dwm_ses_d14_dcdc/dwm/examples/dwm-timer/../../lib/libdwm.a(shell-ble.o)
 .text.cmd_ble_addr_get
                0x0004b06c        0x4 C:/WorkArea/Repositories/dwm-simple_example/dwm_ses_d14_dcdc/dwm/examples/dwm-timer/../../lib/libdwm.a(shell-ble.o)
 .text.cmd_ble_addr_set
                0x0004b070       0x50 C:/WorkArea/Repositories/dwm-simple_example/dwm_ses_d14_dcdc/dwm/examples/dwm-timer/../../lib/libdwm.a(shell-ble.o)
 .text.cmd_le_show_loc
                0x0004b0c0       0x2c C:/WorkArea/Repositories/dwm-simple_example/dwm_ses_d14_dcdc/dwm/examples/dwm-timer/../../lib/libdwm.a(shell-le.o)
                0x0004b0c0                cmd_le_show_loc
 .text.cmd_le_show_loc_csv
                0x0004b0ec       0x2c C:/WorkArea/Repositories/dwm-simple_example/dwm_ses_d14_dcdc/dwm/examples/dwm-timer/../../lib/libdwm.a(shell-le.o)
                0x0004b0ec                cmd_le_show_loc_csv
 .text.cmd_le_show_pos_csv
                0x0004b118        0x4 C:/WorkArea/Repositories/dwm-simple_example/dwm_ses_d14_dcdc/dwm/examples/dwm-timer/../../lib/libdwm.a(shell-le.o)
                0x0004b118                cmd_le_show_pos_csv
 .text._shell_stop
                0x0004b11c        0xc C:/WorkArea/Repositories/dwm-simple_example/dwm_ses_d14_dcdc/dwm/examples/dwm-timer/../../lib/libdwm.a(shell.o)
 .text._shell_add_cmds
                0x0004b128       0x24 C:/WorkArea/Repositories/dwm-simple_example/dwm_ses_d14_dcdc/dwm/examples/dwm-timer/../../lib/libdwm.a(shell.o)
 .text._get_argc
                0x0004b14c       0x1c C:/WorkArea/Repositories/dwm-simple_example/dwm_ses_d14_dcdc/dwm/examples/dwm-timer/../../lib/libdwm.a(shell.o)
 .text._shell_get_arg
                0x0004b168       0x14 C:/WorkArea/Repositories/dwm-simple_example/dwm_ses_d14_dcdc/dwm/examples/dwm-timer/../../lib/libdwm.a(shell.o)
 .text._shell_set_init_print
                0x0004b17c        0xc C:/WorkArea/Repositories/dwm-simple_example/dwm_ses_d14_dcdc/dwm/examples/dwm-timer/../../lib/libdwm.a(shell.o)
 .text._shell_show_hidden
                0x0004b188        0xc C:/WorkArea/Repositories/dwm-simple_example/dwm_ses_d14_dcdc/dwm/examples/dwm-timer/../../lib/libdwm.a(shell.o)
 .text._shell_init_ready_await
                0x0004b194       0x18 C:/WorkArea/Repositories/dwm-simple_example/dwm_ses_d14_dcdc/dwm/examples/dwm-timer/../../lib/libdwm.a(shell.o)
 .text.shell_init_print_fnc
                0x0004b1ac        0xc C:/WorkArea/Repositories/dwm-simple_example/dwm_ses_d14_dcdc/dwm/examples/dwm-timer/../../lib/libdwm.a(shell.o)
 .text._shell_print_hex
                0x0004b1b8       0x48 C:/WorkArea/Repositories/dwm-simple_example/dwm_ses_d14_dcdc/dwm/examples/dwm-timer/../../lib/libdwm.a(shell.o)
 .text._shell_get_arg_int
                0x0004b200       0x4c C:/WorkArea/Repositories/dwm-simple_example/dwm_ses_d14_dcdc/dwm/examples/dwm-timer/../../lib/libdwm.a(shell.o)
 .text._shell_start
                0x0004b24c        0x4 C:/WorkArea/Repositories/dwm-simple_example/dwm_ses_d14_dcdc/dwm/examples/dwm-timer/../../lib/libdwm.a(shell.o)
 .text._shell_uninit
                0x0004b250       0x3c C:/WorkArea/Repositories/dwm-simple_example/dwm_ses_d14_dcdc/dwm/examples/dwm-timer/../../lib/libdwm.a(shell.o)
 .text._shell_init
                0x0004b28c       0x44 C:/WorkArea/Repositories/dwm-simple_example/dwm_ses_d14_dcdc/dwm/examples/dwm-timer/../../lib/libdwm.a(shell.o)
 .text.shell_fsm_entry
                0x0004b2d0      0x29c C:/WorkArea/Repositories/dwm-simple_example/dwm_ses_d14_dcdc/dwm/examples/dwm-timer/../../lib/libdwm.a(shell.o)
 .text.shell_thread_entry
                0x0004b56c       0x88 C:/WorkArea/Repositories/dwm-simple_example/dwm_ses_d14_dcdc/dwm/examples/dwm-timer/../../lib/libdwm.a(shell.o)
                0x0004b56c                shell_thread_entry
 .text.dwm_shell_init
                0x0004b5f4       0x10 C:/WorkArea/Repositories/dwm-simple_example/dwm_ses_d14_dcdc/dwm/examples/dwm-timer/../../lib/libdwm.a(shell.o)
                0x0004b5f4                dwm_shell_init
 .text.shell_init
                0x0004b604       0x10 C:/WorkArea/Repositories/dwm-simple_example/dwm_ses_d14_dcdc/dwm/examples/dwm-timer/../../lib/libdwm.a(shell.o)
                0x0004b604                shell_init
 .text.shell_uninit
                0x0004b614       0x10 C:/WorkArea/Repositories/dwm-simple_example/dwm_ses_d14_dcdc/dwm/examples/dwm-timer/../../lib/libdwm.a(shell.o)
                0x0004b614                shell_uninit
 .text._shell_delete_if_unused
                0x0004b624       0x2c C:/WorkArea/Repositories/dwm-simple_example/dwm_ses_d14_dcdc/dwm/examples/dwm-timer/../../lib/libdwm.a(shell.o)
 .text.shell_start
                0x0004b650       0x10 C:/WorkArea/Repositories/dwm-simple_example/dwm_ses_d14_dcdc/dwm/examples/dwm-timer/../../lib/libdwm.a(shell.o)
                0x0004b650                shell_start
 .text.shell_stop
                0x0004b660       0x10 C:/WorkArea/Repositories/dwm-simple_example/dwm_ses_d14_dcdc/dwm/examples/dwm-timer/../../lib/libdwm.a(shell.o)
                0x0004b660                shell_stop
 .text.shell_quit
                0x0004b670       0x14 C:/WorkArea/Repositories/dwm-simple_example/dwm_ses_d14_dcdc/dwm/examples/dwm-timer/../../lib/libdwm.a(shell.o)
 .text.shell_delete_if_unused
                0x0004b684       0x10 C:/WorkArea/Repositories/dwm-simple_example/dwm_ses_d14_dcdc/dwm/examples/dwm-timer/../../lib/libdwm.a(shell.o)
                0x0004b684                shell_delete_if_unused
 .text.shell_add_cmds
                0x0004b694       0x10 C:/WorkArea/Repositories/dwm-simple_example/dwm_ses_d14_dcdc/dwm/examples/dwm-timer/../../lib/libdwm.a(shell.o)
                0x0004b694                shell_add_cmds
 .text.get_argc
                0x0004b6a4       0x10 C:/WorkArea/Repositories/dwm-simple_example/dwm_ses_d14_dcdc/dwm/examples/dwm-timer/../../lib/libdwm.a(shell.o)
                0x0004b6a4                get_argc
 .text.shell_get_arg
                0x0004b6b4       0x10 C:/WorkArea/Repositories/dwm-simple_example/dwm_ses_d14_dcdc/dwm/examples/dwm-timer/../../lib/libdwm.a(shell.o)
                0x0004b6b4                shell_get_arg
 .text._get_argv
                0x0004b6c4        0x4 C:/WorkArea/Repositories/dwm-simple_example/dwm_ses_d14_dcdc/dwm/examples/dwm-timer/../../lib/libdwm.a(shell.o)
 .text.shell_get_arg_int
                0x0004b6c8       0x10 C:/WorkArea/Repositories/dwm-simple_example/dwm_ses_d14_dcdc/dwm/examples/dwm-timer/../../lib/libdwm.a(shell.o)
                0x0004b6c8                shell_get_arg_int
 .text.shell_set_init_print
                0x0004b6d8       0x10 C:/WorkArea/Repositories/dwm-simple_example/dwm_ses_d14_dcdc/dwm/examples/dwm-timer/../../lib/libdwm.a(shell.o)
                0x0004b6d8                shell_set_init_print
 .text._dwm_shell_init
                0x0004b6e8       0x70 C:/WorkArea/Repositories/dwm-simple_example/dwm_ses_d14_dcdc/dwm/examples/dwm-timer/../../lib/libdwm.a(shell.o)
                0x0004b6e8                _dwm_shell_init
 .text.shell_show_hidden
                0x0004b758       0x10 C:/WorkArea/Repositories/dwm-simple_example/dwm_ses_d14_dcdc/dwm/examples/dwm-timer/../../lib/libdwm.a(shell.o)
                0x0004b758                shell_show_hidden
 .text.shell_help
                0x0004b768       0xa8 C:/WorkArea/Repositories/dwm-simple_example/dwm_ses_d14_dcdc/dwm/examples/dwm-timer/../../lib/libdwm.a(shell.o)
 .text.shell_show_hidden_enabled
                0x0004b810       0x14 C:/WorkArea/Repositories/dwm-simple_example/dwm_ses_d14_dcdc/dwm/examples/dwm-timer/../../lib/libdwm.a(shell.o)
                0x0004b810                shell_show_hidden_enabled
 .text.shell_is_compiled
                0x0004b824        0xc C:/WorkArea/Repositories/dwm-simple_example/dwm_ses_d14_dcdc/dwm/examples/dwm-timer/../../lib/libdwm.a(shell.o)
                0x0004b824                shell_is_compiled
 .text.shell_compile