Archive member included to satisfy reference by file (symbol)

/usr/local/Cellar/arm-none-eabi-gcc/8-2018-q4-major/gcc/bin/../lib/gcc/arm-none-eabi/8.2.1/../../../../arm-none-eabi/lib/thumb/v7e-m+fp/hard/libc.a(lib_a-abs.o)
                              _build/kobukiActuator.o (abs)
/usr/local/Cellar/arm-none-eabi-gcc/8-2018-q4-major/gcc/bin/../lib/gcc/arm-none-eabi/8.2.1/../../../../arm-none-eabi/lib/thumb/v7e-m+fp/hard/libc.a(lib_a-ctype_.o)
                              _build/nrf_log_str_formatter.o (_ctype_)
/usr/local/Cellar/arm-none-eabi-gcc/8-2018-q4-major/gcc/bin/../lib/gcc/arm-none-eabi/8.2.1/../../../../arm-none-eabi/lib/thumb/v7e-m+fp/hard/libc.a(lib_a-exit.o)
                              /usr/local/Cellar/arm-none-eabi-gcc/8-2018-q4-major/gcc/bin/../lib/gcc/arm-none-eabi/8.2.1/../../../../arm-none-eabi/lib/thumb/v7e-m+fp/hard/crt0.o (exit)
/usr/local/Cellar/arm-none-eabi-gcc/8-2018-q4-major/gcc/bin/../lib/gcc/arm-none-eabi/8.2.1/../../../../arm-none-eabi/lib/thumb/v7e-m+fp/hard/libc.a(lib_a-impure.o)
                              /usr/local/Cellar/arm-none-eabi-gcc/8-2018-q4-major/gcc/bin/../lib/gcc/arm-none-eabi/8.2.1/../../../../arm-none-eabi/lib/thumb/v7e-m+fp/hard/libc.a(lib_a-exit.o) (_global_impure_ptr)
/usr/local/Cellar/arm-none-eabi-gcc/8-2018-q4-major/gcc/bin/../lib/gcc/arm-none-eabi/8.2.1/../../../../arm-none-eabi/lib/thumb/v7e-m+fp/hard/libc.a(lib_a-init.o)
                              /usr/local/Cellar/arm-none-eabi-gcc/8-2018-q4-major/gcc/bin/../lib/gcc/arm-none-eabi/8.2.1/../../../../arm-none-eabi/lib/thumb/v7e-m+fp/hard/crt0.o (__libc_init_array)
/usr/local/Cellar/arm-none-eabi-gcc/8-2018-q4-major/gcc/bin/../lib/gcc/arm-none-eabi/8.2.1/../../../../arm-none-eabi/lib/thumb/v7e-m+fp/hard/libc.a(lib_a-memcmp.o)
                              _build/nrf_twi_mngr.o (memcmp)
/usr/local/Cellar/arm-none-eabi-gcc/8-2018-q4-major/gcc/bin/../lib/gcc/arm-none-eabi/8.2.1/../../../../arm-none-eabi/lib/thumb/v7e-m+fp/hard/libc.a(lib_a-memcpy.o)
                              _build/kobukiActuator.o (memcpy)
/usr/local/Cellar/arm-none-eabi-gcc/8-2018-q4-major/gcc/bin/../lib/gcc/arm-none-eabi/8.2.1/../../../../arm-none-eabi/lib/thumb/v7e-m+fp/hard/libc.a(lib_a-memset.o)
                              /usr/local/Cellar/arm-none-eabi-gcc/8-2018-q4-major/gcc/bin/../lib/gcc/arm-none-eabi/8.2.1/../../../../arm-none-eabi/lib/thumb/v7e-m+fp/hard/crt0.o (memset)
/usr/local/Cellar/arm-none-eabi-gcc/8-2018-q4-major/gcc/bin/../lib/gcc/arm-none-eabi/8.2.1/../../../../arm-none-eabi/lib/thumb/v7e-m+fp/hard/libc.a(lib_a-printf.o)
                              _build/main.o (printf)
/usr/local/Cellar/arm-none-eabi-gcc/8-2018-q4-major/gcc/bin/../lib/gcc/arm-none-eabi/8.2.1/../../../../arm-none-eabi/lib/thumb/v7e-m+fp/hard/libc.a(lib_a-setbuf.o)
                              _build/before_startup.o (setbuf)
/usr/local/Cellar/arm-none-eabi-gcc/8-2018-q4-major/gcc/bin/../lib/gcc/arm-none-eabi/8.2.1/../../../../arm-none-eabi/lib/thumb/v7e-m+fp/hard/libc.a(lib_a-setvbuf.o)
                              /usr/local/Cellar/arm-none-eabi-gcc/8-2018-q4-major/gcc/bin/../lib/gcc/arm-none-eabi/8.2.1/../../../../arm-none-eabi/lib/thumb/v7e-m+fp/hard/libc.a(lib_a-setbuf.o) (setvbuf)
/usr/local/Cellar/arm-none-eabi-gcc/8-2018-q4-major/gcc/bin/../lib/gcc/arm-none-eabi/8.2.1/../../../../arm-none-eabi/lib/thumb/v7e-m+fp/hard/libc.a(lib_a-strcpy.o)
                              _build/SEGGER_RTT.o (strcpy)
/usr/local/Cellar/arm-none-eabi-gcc/8-2018-q4-major/gcc/bin/../lib/gcc/arm-none-eabi/8.2.1/../../../../arm-none-eabi/lib/thumb/v7e-m+fp/hard/libc.a(lib_a-strlen.o)
                              _build/display.o (strlen)
/usr/local/Cellar/arm-none-eabi-gcc/8-2018-q4-major/gcc/bin/../lib/gcc/arm-none-eabi/8.2.1/../../../../arm-none-eabi/lib/thumb/v7e-m+fp/hard/libc.a(lib_a-vfprintf.o)
                              /usr/local/Cellar/arm-none-eabi-gcc/8-2018-q4-major/gcc/bin/../lib/gcc/arm-none-eabi/8.2.1/../../../../arm-none-eabi/lib/thumb/v7e-m+fp/hard/libc.a(lib_a-printf.o) (_vfprintf_r)
/usr/local/Cellar/arm-none-eabi-gcc/8-2018-q4-major/gcc/bin/../lib/gcc/arm-none-eabi/8.2.1/../../../../arm-none-eabi/lib/thumb/v7e-m+fp/hard/libc.a(lib_a-vsnprintf.o)
                              _build/simple_logger.o (vsnprintf)
/usr/local/Cellar/arm-none-eabi-gcc/8-2018-q4-major/gcc/bin/../lib/gcc/arm-none-eabi/8.2.1/../../../../arm-none-eabi/lib/thumb/v7e-m+fp/hard/libc.a(lib_a-wsetup.o)
                              /usr/local/Cellar/arm-none-eabi-gcc/8-2018-q4-major/gcc/bin/../lib/gcc/arm-none-eabi/8.2.1/../../../../arm-none-eabi/lib/thumb/v7e-m+fp/hard/libc.a(lib_a-vfprintf.o) (__swsetup_r)
/usr/local/Cellar/arm-none-eabi-gcc/8-2018-q4-major/gcc/bin/../lib/gcc/arm-none-eabi/8.2.1/../../../../arm-none-eabi/lib/thumb/v7e-m+fp/hard/libc.a(lib_a-__call_atexit.o)
[...]
Memory Configuration

Name             Origin             Length             Attributes
FLASH            0x0000000000026000 0x0000000000059000 xr
RAM              0x00000000200098a8 0x0000000000006758 xrw
bootloader_settings_page 0x000000000007f000 0x0000000000001000 r
uicr_bootloader_start_address 0x0000000010001014 0x0000000000000004 r
*default*        0x0000000000000000 0xffffffffffffffff

Linker script and memory map


.text           0x0000000000026000     0xaed0
 *(.isr_vector)
 .isr_vector    0x0000000000026000      0x200 _build/gcc_startup_nrf52.os
                0x0000000000026000                __isr_vector
 *(.text*)
 .text          0x0000000000026200       0x40 /usr/local/Cellar/arm-none-eabi-gcc/8-2018-q4-major/gcc/bin/../lib/gcc/arm-none-eabi/8.2.1/thumb/v7e-m+fp/hard/crtbegin.o
 .text          0x0000000000026240       0x74 /usr/local/Cellar/arm-none-eabi-gcc/8-2018-q4-major/gcc/bin/../lib/gcc/arm-none-eabi/8.2.1/../../../../arm-none-eabi/lib/thumb/v7e-m+fp/hard/crt0.o
                0x0000000000026240                _mainCRTStartup
                0x0000000000026240                _start
 .text.startup.main
                0x00000000000262b4       0xa4 _build/main.o
                0x00000000000262b4                main
 .text._GetAvailWriteSpace
                0x0000000000026358       0x1c _build/SEGGER_RTT.o
 .text._WriteNoCheck
                0x0000000000026374       0x34 _build/SEGGER_RTT.o
 .text._WriteBlocking
                0x00000000000263a8       0x52 _build/SEGGER_RTT.o
 *fill*         0x00000000000263fa        0x2 
 .text._DoInit  0x00000000000263fc       0x60 _build/SEGGER_RTT.o
 .text.SEGGER_RTT_WriteNoLock
                0x000000000002645c       0x68 _build/SEGGER_RTT.o
                0x000000000002645c                SEGGER_RTT_WriteNoLock
 .text.SEGGER_RTT_Write
                0x00000000000264c4       0x40 _build/SEGGER_RTT.o
                0x00000000000264c4                SEGGER_RTT_Write
 .text.SEGGER_RTT_Init
                0x0000000000026504        0x4 _build/SEGGER_RTT.o
                0x0000000000026504                SEGGER_RTT_Init
 .text._write_r
                0x0000000000026508       0x12 _build/SEGGER_RTT_Syscalls_GCC.o
                0x0000000000026508                _write_r
 *fill*         0x000000000002651a        0x2 
 .text.app_error_save_and_stop
                0x000000000002651c       0x58 _build/app_error.o
                0x000000000002651c                app_error_save_and_stop
 .text.app_error_handler
                0x0000000000026574       0x1a _build/app_error_handler_gcc.o
                0x0000000000026574                app_error_handler
 *fill*         0x000000000002658e        0x2 
 .text.user_op_alloc
                0x0000000000026590       0x2c _build/app_timer.o
 .text.timer_stop_op_schedule
                0x00000000000265bc       0x50 _build/app_timer.o
 .text.nrfx_coredep_delay_us.part.0.constprop.4
                0x000000000002660c       0x10 _build/app_timer.o
 .text.RTC1_IRQHandler
                0x000000000002661c       0x9c _build/app_timer.o
                0x000000000002661c                RTC1_IRQHandler
 .text.SWI0_EGU0_IRQHandler
                0x00000000000266b8      0x2b0 _build/app_timer.o
                0x00000000000266b8                SWI0_EGU0_IRQHandler
 .text.app_timer_start
                0x0000000000026968       0x8c _build/app_timer.o
                0x0000000000026968                app_timer_start
 .text.app_timer_stop
                0x00000000000269f4       0x20 _build/app_timer.o
                0x00000000000269f4                app_timer_stop
 .text.privilege_level_get
                0x0000000000026a14       0x1a _build/app_util_platform.o
                0x0000000000026a14                privilege_level_get
 *fill*         0x0000000000026a2e        0x2 
 .text.app_util_critical_region_enter
                0x0000000000026a30       0x60 _build/app_util_platform.o
                0x0000000000026a30                app_util_critical_region_enter
 .text.app_util_critical_region_exit
                0x0000000000026a90       0x40 _build/app_util_platform.o
                0x0000000000026a90                app_util_critical_region_exit
 .text.startup.called_first
                0x0000000000026ad0       0x10 _build/before_startup.o
                0x0000000000026ad0                called_first
 .text.HardFault_Handler
                0x0000000000026ae0       0x34 _build/hardfault_handler_gcc.o
                0x0000000000026ae0                HardFault_Handler
 .text.HardFault_process
                0x0000000000026b14       0x24 _build/hardfault_implementation.o
                0x0000000000026b14                HardFault_process
 .text.HardFault_c_handler
                0x0000000000026b38      0x104 _build/hardfault_implementation.o
                0x0000000000026b38                HardFault_c_handler
 .text.nrf_atomic_u32_fetch_store
                0x0000000000026c3c       0x14 _build/nrf_atomic.o
                0x0000000000026c3c                nrf_atomic_u32_fetch_store
 .text.nrf_atomic_u32_or
                0x0000000000026c50       0x16 _build/nrf_atomic.o
                0x0000000000026c50                nrf_atomic_u32_or
 .text.nrf_atomic_u32_fetch_and
                0x0000000000026c66       0x16 _build/nrf_atomic.o
                0x0000000000026c66                nrf_atomic_u32_fetch_and
 .text.nrf_atomic_u32_add
                0x0000000000026c7c       0x16 _build/nrf_atomic.o
                0x0000000000026c7c                nrf_atomic_u32_add
 .text.nrf_atomic_u32_sub
                0x0000000000026c92       0x16 _build/nrf_atomic.o
                0x0000000000026c92                nrf_atomic_u32_sub
 .text.nrf_atomic_flag_set
                0x0000000000026ca8        0x6 _build/nrf_atomic.o
                0x0000000000026ca8                nrf_atomic_flag_set
 .text.nrf_atomic_flag_clear_fetch
                0x0000000000026cae        0x6 _build/nrf_atomic.o
                0x0000000000026cae                nrf_atomic_flag_clear_fetch
 .text.nrf_balloc_init
                0x0000000000026cb4       0x7c _build/nrf_balloc.o
                0x0000000000026cb4                nrf_balloc_init
 .text.nrf_balloc_alloc
                0x0000000000026d30       0x5c _build/nrf_balloc.o
                0x0000000000026d30                nrf_balloc_alloc
 .text.nrf_balloc_free
                0x0000000000026d8c       0x50 _build/nrf_balloc.o
                0x0000000000026d8c                nrf_balloc_free
 .text.clock_clk_started_notify
                0x0000000000026ddc       0x24 _build/nrf_drv_clock.o
 .text.clock_irq_handler
                0x0000000000026e00       0x1c _build/nrf_drv_clock.o
 .text.soc_evt_handler
                0x0000000000026e1c       0x14 _build/nrf_drv_clock.o
 .text.nrf_drv_clock_init
                0x0000000000026e30       0x38 _build/nrf_drv_clock.o
                0x0000000000026e30                nrf_drv_clock_init
 .text.nrf_drv_clock_lfclk_release
                0x0000000000026e68       0x64 _build/nrf_drv_clock.o
                0x0000000000026e68                nrf_drv_clock_lfclk_release
 .text.sd_state_evt_handler
                0x0000000000026ecc       0x6c _build/nrf_drv_clock.o
 .text.nrf_fprintf_buffer_flush
                0x0000000000026f38       0x24 _build/nrf_fprintf.o
                0x0000000000026f38                nrf_fprintf_buffer_flush
 .text.nrf_fprintf
                0x0000000000026f5c       0x54 _build/nrf_fprintf.o
                0x0000000000026f5c                nrf_fprintf
 .text.buffer_add
                0x0000000000026fb0       0x1e _build/nrf_fprintf_format.o
 *fill*         0x0000000000026fce        0x2 
 .text.unsigned_print
                0x0000000000026fd0       0xb0 _build/nrf_fprintf_format.o
 .text.nrf_fprintf_fmt
                0x0000000000027080      0x2b4 _build/nrf_fprintf_format.o
                0x0000000000027080                nrf_fprintf_fmt
 .text.nrf_log_backend_rtt_flush
                0x0000000000027334        0x2 _build/nrf_log_backend_rtt.o
 *fill*         0x0000000000027336        0x2 
 .text.nrf_log_backend_rtt_put
                0x0000000000027338       0x1c _build/nrf_log_backend_rtt.o
 .text.serial_tx
                0x0000000000027354       0x50 _build/nrf_log_backend_rtt.o
 .text.nrf_log_backend_rtt_panic_set
                0x00000000000273a4        0x2 _build/nrf_log_backend_rtt.o
 .text.nrf_log_backend_rtt_init
                0x00000000000273a6        0x4 _build/nrf_log_backend_rtt.o
                0x00000000000273a6                nrf_log_backend_rtt_init
 .text.nrf_log_backend_serial_put
                0x00000000000273aa       0xc0 _build/nrf_log_backend_serial.o
                0x00000000000273aa                nrf_log_backend_serial_put
 *fill*         0x000000000002746a        0x2 
 .text.nrf_log_default_backends_init
                0x000000000002746c       0x30 _build/nrf_log_default_backends.o
                0x000000000002746c                nrf_log_default_backends_init
 .text.invalid_packets_omit
                0x000000000002749c       0x3a _build/nrf_log_frontend.o
 *fill*         0x00000000000274d6        0x2 
 .text.buf_prealloc
                0x00000000000274d8      0x14c _build/nrf_log_frontend.o
 .text.nrf_log_init
                0x0000000000027624       0x3c _build/nrf_log_frontend.o
                0x0000000000027624                nrf_log_init
 .text.nrf_log_module_name_get
                0x0000000000027660       0x38 _build/nrf_log_frontend.o
                0x0000000000027660                nrf_log_module_name_get
 .text.nrf_log_color_id_get
                0x0000000000027698       0x2c _build/nrf_log_frontend.o
                0x0000000000027698                nrf_log_color_id_get
 .text.buffer_is_empty
                0x00000000000276c4       0x14 _build/nrf_log_frontend.o
                0x00000000000276c4                buffer_is_empty
 .text.nrf_log_frontend_dequeue
                0x00000000000276d8      0x224 _build/nrf_log_frontend.o
                0x00000000000276d8                nrf_log_frontend_dequeue
 .text.std_n    0x00000000000278fc       0xd4 _build/nrf_log_frontend.o
 .text.nrf_log_frontend_std_0
                0x00000000000279d0        0x8 _build/nrf_log_frontend.o
                0x00000000000279d0                nrf_log_frontend_std_0
 .text.nrf_log_frontend_std_1
                0x00000000000279d8       0x12 _build/nrf_log_frontend.o
                0x00000000000279d8                nrf_log_frontend_std_1
 .text.nrf_log_frontend_std_2
                0x00000000000279ea       0x14 _build/nrf_log_frontend.o
                0x00000000000279ea                nrf_log_frontend_std_2
 .text.nrf_log_frontend_std_3
                0x00000000000279fe       0x18 _build/nrf_log_frontend.o
                0x00000000000279fe                nrf_log_frontend_std_3
 .text.nrf_log_frontend_std_4
                0x0000000000027a16       0x1c _build/nrf_log_frontend.o
                0x0000000000027a16                nrf_log_frontend_std_4
 .text.nrf_log_frontend_std_5
                0x0000000000027a32       0x20 _build/nrf_log_frontend.o
                0x0000000000027a32                nrf_log_frontend_std_5
 *fill*         0x0000000000027a52        0x2 
 .text.nrf_log_backend_add
                0x0000000000027a54       0x54 _build/nrf_log_frontend.o
                0x0000000000027a54                nrf_log_backend_add
 .text.nrf_log_panic
                0x0000000000027aa8       0x2c _build/nrf_log_frontend.o
                0x0000000000027aa8                nrf_log_panic
 .text.postfix_process
                0x0000000000027ad4       0x3c _build/nrf_log_str_formatter.o
 .text.prefix_process
                0x0000000000027b10       0x78 _build/nrf_log_str_formatter.o
 .text.nrf_log_std_entry_process
                0x0000000000027b88       0xc8 _build/nrf_log_str_formatter.o
                0x0000000000027b88                nrf_log_std_entry_process
 .text.nrf_log_hexdump_entry_process
                0x0000000000027c50       0xbc _build/nrf_log_str_formatter.o
                0x0000000000027c50                nrf_log_hexdump_entry_process
 .text.memobj_op
                0x0000000000027d0c       0xa4 _build/nrf_memobj.o
 .text.nrf_memobj_pool_init
                0x0000000000027db0        0x4 _build/nrf_memobj.o
                0x0000000000027db0                nrf_memobj_pool_init
 .text.nrf_memobj_free
                0x0000000000027db4       0x2c _build/nrf_memobj.o
                0x0000000000027db4                nrf_memobj_free
 .text.nrf_memobj_alloc
                0x0000000000027de0       0x5e _build/nrf_memobj.o
                0x0000000000027de0                nrf_memobj_alloc
 .text.nrf_memobj_get
                0x0000000000027e3e        0x8 _build/nrf_memobj.o
                0x0000000000027e3e                nrf_memobj_get
 .text.nrf_memobj_put
                0x0000000000027e46       0x1e _build/nrf_memobj.o
                0x0000000000027e46                nrf_memobj_put
 .text.nrf_memobj_write
                0x0000000000027e64       0x28 _build/nrf_memobj.o
                0x0000000000027e64                nrf_memobj_write
 .text.nrf_memobj_read
                0x0000000000027e8c       0x28 _build/nrf_memobj.o
                0x0000000000027e8c                nrf_memobj_read
 .text.nrf_ringbuf_init
                0x0000000000027eb4       0x1c _build/nrf_ringbuf.o
                0x0000000000027eb4                nrf_ringbuf_init
 .text.nrf_section_iter_init
                0x0000000000027ed0       0x30 _build/nrf_section_iter.o
                0x0000000000027ed0                nrf_section_iter_init
 .text.nrf_section_iter_next
                0x0000000000027f00       0x38 _build/nrf_section_iter.o
                0x0000000000027f00                nrf_section_iter_next
 .text.nrf_strerror_find
                0x0000000000027f38       0x3c _build/nrf_strerror.o
                0x0000000000027f38                nrf_strerror_find
 .text.nrf_strerror_get
                0x0000000000027f74       0x14 _build/nrf_strerror.o
                0x0000000000027f74                nrf_strerror_get
 .text.nrfx_clock_init
                0x0000000000027f88       0x28 _build/nrfx_clock.o
                0x0000000000027f88                nrfx_clock_init
 .text.nrfx_clock_enable
                0x0000000000027fb0       0x3c _build/nrfx_clock.o
                0x0000000000027fb0                nrfx_clock_enable
 .text.nrfx_clock_lfclk_stop
                0x0000000000027fec       0x30 _build/nrfx_clock.o
                0x0000000000027fec                nrfx_clock_lfclk_stop
 .text.POWER_CLOCK_IRQHandler
                0x000000000002801c       0x64 _build/nrfx_clock.o
                0x000000000002801c                POWER_CLOCK_IRQHandler
 .text.nrf_gpiote_event_clear
                0x0000000000028080       0x18 _build/nrfx_gpiote.o
 .text.channel_free
                0x0000000000028098       0x1c _build/nrfx_gpiote.o
 .text.nrf_gpio_pin_port_decode.isra.0.part.1
                0x00000000000280b4       0x10 _build/nrfx_gpiote.o
 .text.nrf_gpio_cfg_sense_set
                0x00000000000280c4       0x2e _build/nrfx_gpiote.o
 *fill*         0x00000000000280f2        0x2 
 .text.nrfx_gpiote_init
                0x00000000000280f4       0x70 _build/nrfx_gpiote.o
                0x00000000000280f4                nrfx_gpiote_init
 .text.nrfx_gpiote_is_init
                0x0000000000028164       0x14 _build/nrfx_gpiote.o
                0x0000000000028164                nrfx_gpiote_is_init
 .text.nrfx_gpiote_out_init
                0x0000000000028178      0x11c _build/nrfx_gpiote.o
                0x0000000000028178                nrfx_gpiote_out_init
 .text.GPIOTE_IRQHandler
                0x0000000000028294      0x190 _build/nrfx_gpiote.o
                0x0000000000028294                GPIOTE_IRQHandler
 .text.UARTE0_UART0_IRQHandler
                0x0000000000028424       0x20 _build/nrfx_prs.o
                0x0000000000028424                UARTE0_UART0_IRQHandler
 .text.nrf_pwm_event_clear
                0x0000000000028444       0x10 _build/nrfx_pwm.o
 .text.irq_handler
                0x0000000000028454       0x80 _build/nrfx_pwm.o
 .text.PWM0_IRQHandler
                0x00000000000284d4       0x10 _build/nrfx_pwm.o
                0x00000000000284d4                PWM0_IRQHandler
 .text.PWM1_IRQHandler
                0x00000000000284e4       0x10 _build/nrfx_pwm.o
                0x00000000000284e4                PWM1_IRQHandler
 .text.PWM2_IRQHandler
                0x00000000000284f4       0x10 _build/nrfx_pwm.o
                0x00000000000284f4                PWM2_IRQHandler
 .text.nrf_saadc_event_clear
                0x0000000000028504       0x18 _build/nrfx_saadc.o
 .text.SAADC_IRQHandler
                0x000000000002851c      0x16c _build/nrfx_saadc.o
                0x000000000002851c                SAADC_IRQHandler
 .text.nrf_gpio_pin_port_decode.isra.0.part.1
                0x0000000000028688       0x10 _build/nrfx_spim.o
 .text.nrf_gpio_pin_clear
                0x0000000000028698       0x1a _build/nrfx_spim.o
 .text.nrf_gpio_pin_set
                0x00000000000286b2       0x1a _build/nrfx_spim.o
 .text.SPIM1_SPIS1_TWIM1_TWIS1_SPI1_TWI1_IRQHandler
                0x00000000000286cc       0x64 _build/nrfx_spim.o
                0x00000000000286cc                SPIM1_SPIS1_TWIM1_TWIS1_SPI1_TWI1_IRQHandler
 .text.irq_handler.constprop.0
                0x0000000000028730       0x4c _build/nrfx_timer.o
 .text.TIMER0_IRQHandler
                0x000000000002877c       0x10 _build/nrfx_timer.o
                0x000000000002877c                TIMER0_IRQHandler
 .text.TIMER1_IRQHandler
                0x000000000002878c       0x10 _build/nrfx_timer.o
                0x000000000002878c                TIMER1_IRQHandler
 .text.nrf_twim_event_clear
                0x000000000002879c       0x10 _build/nrfx_twim.o
 .text.SPIM0_SPIS0_TWIM0_TWIS0_SPI0_TWI0_IRQHandler
                0x00000000000287ac      0x158 _build/nrfx_twim.o
                0x00000000000287ac                SPIM0_SPIS0_TWIM0_TWIS0_SPI0_TWI0_IRQHandler
 .text.ble_advdata_search
                0x0000000000028904       0x38 _build/ble_advdata.o
                0x0000000000028904                ble_advdata_search
 .text.ble_advdata_parse
                0x000000000002893c       0x20 _build/ble_advdata.o
                0x000000000002893c                ble_advdata_parse
 .text.sd_ble_gap_adv_set_configure
                0x000000000002895c        0x4 _build/ble_advertising.o
 .text.sd_ble_gap_adv_start
                0x0000000000028960        0x4 _build/ble_advertising.o
 .text.flags_set
                0x0000000000028964       0x2c _build/ble_advertising.o
 .text.ble_advertising_start
                0x0000000000028990      0x21a _build/ble_advertising.o
                0x0000000000028990                ble_advertising_start
 .text.ble_advertising_on_ble_evt
                0x0000000000028baa       0x6a _build/ble_advertising.o
                0x0000000000028baa                ble_advertising_on_ble_evt
 .text.ble_advertising_on_sys_evt
                0x0000000000028c14        0x2 _build/ble_advertising.o
                0x0000000000028c14                ble_advertising_on_sys_evt
 *fill*         0x0000000000028c16        0x2 
 .text.instance_get
                0x0000000000028c18       0x14 _build/ble_conn_params.o
 .text.send_error_evt
                0x0000000000028c2c       0x10 _build/ble_conn_params.o
 .text.conn_params_negotiation
                0x0000000000028c3c       0x48 _build/ble_conn_params.o
 .text.is_conn_params_ok.constprop.3
                0x0000000000028c84       0x34 _build/ble_conn_params.o
 .text.ble_evt_handler
                0x0000000000028cb8       0xe0 _build/ble_conn_params.o
 .text.ble_srv_is_notification_enabled
                0x0000000000028d98        0x8 _build/ble_srv_common.o
                0x0000000000028d98                ble_srv_is_notification_enabled
 .text.sd_ble_gap_data_length_update
                0x0000000000028da0        0x4 _build/nrf_ble_gatt.o
 .text.sd_ble_gattc_exchange_mtu_request
                0x0000000000028da4        0x4 _build/nrf_ble_gatt.o
 .text.sd_ble_gatts_exchange_mtu_reply
                0x0000000000028da8        0x4 _build/nrf_ble_gatt.o
 .text.data_length_update
                0x0000000000028dac       0x80 _build/nrf_ble_gatt.o
 .text.nrf_ble_gatt_on_ble_evt
                0x0000000000028e2c      0x198 _build/nrf_ble_gatt.o
                0x0000000000028e2c                nrf_ble_gatt_on_ble_evt
 .text.sd_ble_gatts_rw_authorize_reply
                0x0000000000028fc4        0x4 _build/nrf_ble_qwr.o
 .text.sd_ble_user_mem_reply
                0x0000000000028fc8        0x4 _build/nrf_ble_qwr.o
 .text.user_mem_reply.part.0
                0x0000000000028fcc       0x24 _build/nrf_ble_qwr.o
 .text.nrf_ble_qwr_conn_handle_assign
                0x0000000000028ff0       0x16 _build/nrf_ble_qwr.o
                0x0000000000028ff0                nrf_ble_qwr_conn_handle_assign
 .text.nrf_ble_qwr_on_ble_evt
                0x0000000000029006       0xa0 _build/nrf_ble_qwr.o
                0x0000000000029006                nrf_ble_qwr_on_ble_evt
 *fill*         0x00000000000290a6        0x2 
 .text.nrf_sdh_is_enabled
                0x00000000000290a8        0xc _build/nrf_sdh.o
                0x00000000000290a8                nrf_sdh_is_enabled
 .text.nrf_sdh_evts_poll
                0x00000000000290b4       0x28 _build/nrf_sdh.o
                0x00000000000290b4                nrf_sdh_evts_poll
 .text.SWI2_EGU2_IRQHandler
                0x00000000000290dc        0x4 _build/nrf_sdh.o
                0x00000000000290dc                SWI2_EGU2_IRQHandler
 .text.sd_ble_evt_get
                0x00000000000290e0        0x4 _build/nrf_sdh_ble.o
 .text.nrf_sdh_ble_evts_poll.part.0
                0x00000000000290e4       0x58 _build/nrf_sdh_ble.o
 .text.nrf_sdh_ble_evts_poll
                0x000000000002913c       0x10 _build/nrf_sdh_ble.o
 .text.sd_ble_gap_disconnect
                0x000000000002914c        0x4 _build/simple_ble.o
 .text.sd_ble_gap_sec_params_reply
                0x0000000000029150        0x4 _build/simple_ble.o
 .text.sd_ble_gap_sec_info_reply
                0x0000000000029154        0x4 _build/simple_ble.o
 .text.sd_ble_gap_scan_start
                0x0000000000029158        0x4 _build/simple_ble.o
 .text.sd_ble_gap_phy_update
                0x000000000002915c        0x4 _build/simple_ble.o
 .text.sd_ble_gatts_sys_attr_set
                0x0000000000029160        0x4 _build/simple_ble.o
 .text.sd_power_system_off
                0x0000000000029164        0x4 _build/simple_ble.o
 .text.on_ble_evt
                0x0000000000029168      0x1d0 _build/simple_ble.o
 .text.assert_nrf_callback
                0x0000000000029338       0x20 _build/simple_ble.o
                0x0000000000029338                assert_nrf_callback
 .text.errata_12
                0x0000000000029358       0x40 _build/system_nrf52.o
 .text.errata_16
                0x0000000000029398       0x34 _build/system_nrf52.o
 .text.SystemInit
                0x00000000000293cc      0x25c _build/system_nrf52.o
                0x00000000000293cc                SystemInit
 .text.app_error_fault_handler
                0x0000000000029628       0xcc _build/app_error_weak.o
                0x0000000000029628                app_error_fault_handler
 .text          0x00000000000296f4       0x3c _build/gcc_startup_nrf52.os
                0x00000000000296f4                Reset_Handler
                0x000000000002971c                NMI_Handler
                0x0000000000029720                MemoryManagement_Handler
                0x0000000000029722                BusFault_Handler
                0x0000000000029724                UsageFault_Handler
                0x0000000000029726                SVC_Handler
                0x0000000000029728                DebugMon_Handler
                0x000000000002972a                PendSV_Handler
                0x000000000002972c                SysTick_Handler
                0x000000000002972e                I2S_IRQHandler
                0x000000000002972e                SWI4_EGU4_IRQHandler
                0x000000000002972e                ECB_IRQHandler
                0x000000000002972e                Default_Handler
                0x000000000002972e                CCM_AAR_IRQHandler
                0x000000000002972e                WDT_IRQHandler
                0x000000000002972e                SWI5_EGU5_IRQHandler
                0x000000000002972e                RNG_IRQHandler
                0x000000000002972e                RTC2_IRQHandler
                0x000000000002972e                SWI3_EGU3_IRQHandler
                0x000000000002972e                SWI1_EGU1_IRQHandler
                0x000000000002972e                SPIM2_SPIS2_SPI2_IRQHandler
                0x000000000002972e                NFCT_IRQHandler
                0x000000000002972e                MWU_IRQHandler
                0x000000000002972e                TIMER2_IRQHandler
                0x000000000002972e                COMP_LPCOMP_IRQHandler
                0x000000000002972e                RTC0_IRQHandler
                0x000000000002972e                RADIO_IRQHandler
                0x000000000002972e                PDM_IRQHandler
                0x000000000002972e                TEMP_IRQHandler
                0x000000000002972e                QDEC_IRQHandler
                0x000000000002972e                TIMER3_IRQHandler
                0x000000000002972e                FPU_IRQHandler
                0x000000000002972e                TIMER4_IRQHandler
 .text.exit     0x0000000000029730       0x20 /usr/local/Cellar/arm-none-eabi-gcc/8-2018-q4-major/gcc/bin/../lib/gcc/arm-none-eabi/8.2.1/../../../../arm-none-eabi/lib/thumb/v7e-m+fp/hard/libc.a(lib_a-exit.o)
                0x0000000000029730                exit
 .text.__libc_init_array
                0x0000000000029750       0x48 /usr/local/Cellar/arm-none-eabi-gcc/8-2018-q4-major/gcc/bin/../lib/gcc/arm-none-eabi/8.2.1/../../../../arm-none-eabi/lib/thumb/v7e-m+fp/hard/libc.a(lib_a-init.o)
                0x0000000000029750                __libc_init_array
 .text          0x0000000000029798      0x134 /usr/local/Cellar/arm-none-eabi-gcc/8-2018-q4-major/gcc/bin/../lib/gcc/arm-none-eabi/8.2.1/../../../../arm-none-eabi/lib/thumb/v7e-m+fp/hard/libc.a(lib_a-memcpy.o)
                0x0000000000029798                memcpy
 .text.memset   0x00000000000298cc       0xa0 /usr/local/Cellar/arm-none-eabi-gcc/8-2018-q4-major/gcc/bin/../lib/gcc/arm-none-eabi/8.2.1/../../../../arm-none-eabi/lib/thumb/v7e-m+fp/hard/libc.a(lib_a-memset.o)
                0x00000000000298cc                memset
 .text.printf   0x000000000002996c       0x28 /usr/local/Cellar/arm-none-eabi-gcc/8-2018-q4-major/gcc/bin/../lib/gcc/arm-none-eabi/8.2.1/../../../../arm-none-eabi/lib/thumb/v7e-m+fp/hard/libc.a(lib_a-printf.o)
                0x000000000002996c                printf
 .text.setbuf   0x0000000000029994       0x10 /usr/local/Cellar/arm-none-eabi-gcc/8-2018-q4-major/gcc/bin/../lib/gcc/arm-none-eabi/8.2.1/../../../../arm-none-eabi/lib/thumb/v7e-m+fp/hard/libc.a(lib_a-setbuf.o)
                0x0000000000029994                setbuf
 .text.setvbuf  0x00000000000299a4      0x190 /usr/local/Cellar/arm-none-eabi-gcc/8-2018-q4-major/gcc/bin/../lib/gcc/arm-none-eabi/8.2.1/../../../../arm-none-eabi/lib/thumb/v7e-m+fp/hard/libc.a(lib_a-setvbuf.o)
                0x00000000000299a4                setvbuf
 .text.strcpy   0x0000000000029b34       0xbc /usr/local/Cellar/arm-none-eabi-gcc/8-2018-q4-major/gcc/bin/../lib/gcc/arm-none-eabi/8.2.1/../../../../arm-none-eabi/lib/thumb/v7e-m+fp/hard/libc.a(lib_a-strcpy.o)
                0x0000000000029b34                strcpy
 *fill*         0x0000000000029bf0       0x10 
 .text          0x0000000000029c00       0xdc /usr/local/Cellar/arm-none-eabi-gcc/8-2018-q4-major/gcc/bin/../lib/gcc/arm-none-eabi/8.2.1/../../../../arm-none-eabi/lib/thumb/v7e-m+fp/hard/libc.a(lib_a-strlen.o)
                0x0000000000029c00                strlen
 *fill*         0x0000000000029cdc        0x4 
 .text._vfprintf_r
                0x0000000000029ce0     0x1b54 /usr/local/Cellar/arm-none-eabi-gcc/8-2018-q4-major/gcc/bin/../lib/gcc/arm-none-eabi/8.2.1/../../../../arm-none-eabi/lib/thumb/v7e-m+fp/hard/libc.a(lib_a-vfprintf.o)
                0x0000000000029ce0                _vfprintf_r
 .text.__sbprintf
                0x000000000002b834       0x84 /usr/local/Cellar/arm-none-eabi-gcc/8-2018-q4-major/gcc/bin/../lib/gcc/arm-none-eabi/8.2.1/../../../../arm-none-eabi/lib/thumb/v7e-m+fp/hard/libc.a(lib_a-vfprintf.o)
 .text.__swsetup_r
                0x000000000002b8b8       0xd0 /usr/local/Cellar/arm-none-eabi-gcc/8-2018-q4-major/gcc/bin/../lib/gcc/arm-none-eabi/8.2.1/../../../../arm-none-eabi/lib/thumb/v7e-m+fp/hard/libc.a(lib_a-wsetup.o)
                0x000000000002b8b8                __swsetup_r
 .text.startup.register_fini
                0x000000000002b988       0x14 /usr/local/Cellar/arm-none-eabi-gcc/8-2018-q4-major/gcc/bin/../lib/gcc/arm-none-eabi/8.2.1/../../../../arm-none-eabi/lib/thumb/v7e-m+fp/hard/libc.a(lib_a-__call_atexit.o)
 .text.__call_exitprocs
                0x000000000002b99c       0xb0 /usr/local/Cellar/arm-none-eabi-gcc/8-2018-q4-major/gcc/bin/../lib/gcc/arm-none-eabi/8.2.1/../../../../arm-none-eabi/lib/thumb/v7e-m+fp/hard/libc.a(lib_a-__call_atexit.o)
                0x000000000002b99c                __call_exitprocs
 .text.atexit   0x000000000002ba4c        0xc /usr/local/Cellar/arm-none-eabi-gcc/8-2018-q4-major/gcc/bin/../lib/gcc/arm-none-eabi/8.2.1/../../../../arm-none-eabi/lib/thumb/v7e-m+fp/hard/libc.a(lib_a-atexit.o)
                0x000000000002ba4c                atexit
 .text.quorem   0x000000000002ba58      0x124 /usr/local/Cellar/arm-none-eabi-gcc/8-2018-q4-major/gcc/bin/../lib/gcc/arm-none-eabi/8.2.1/../../../../arm-none-eabi/lib/thumb/v7e-m+fp/hard/libc.a(lib_a-dtoa.o)
 *fill*         0x000000000002bb7c        0x4 
 .text._dtoa_r  0x000000000002bb80      0xe54 /usr/local/Cellar/arm-none-eabi-gcc/8-2018-q4-major/gcc/bin/../lib/gcc/arm-none-eabi/8.2.1/../../../../arm-none-eabi/lib/thumb/v7e-m+fp/hard/libc.a(lib_a-dtoa.o)
                0x000000000002bb80                _dtoa_r
 .text.__sflush_r
                0x000000000002c9d4      0x14c /usr/local/Cellar/arm-none-eabi-gcc/8-2018-q4-major/gcc/bin/../lib/gcc/arm-none-eabi/8.2.1/../../../../arm-none-eabi/lib/thumb/v7e-m+fp/hard/libc.a(lib_a-fflush.o)
                0x000000000002c9d4                __sflush_r
 .text._fflush_r
                0x000000000002cb20       0x5c /usr/local/Cellar/arm-none-eabi-gcc/8-2018-q4-major/gcc/bin/../lib/gcc/arm-none-eabi/8.2.1/../../../../arm-none-eabi/lib/thumb/v7e-m+fp/hard/libc.a(lib_a-fflush.o)
                0x000000000002cb20                _fflush_r
 .text.std      0x000000000002cb7c       0x50 /usr/local/Cellar/arm-none-eabi-gcc/8-2018-q4-major/gcc/bin/../lib/gcc/arm-none-eabi/8.2.1/../../../../arm-none-eabi/lib/thumb/v7e-m+fp/hard/libc.a(lib_a-findfp.o)
 .text._cleanup_r
                0x000000000002cbcc        0xc /usr/local/Cellar/arm-none-eabi-gcc/8-2018-q4-major/gcc/bin/../lib/gcc/arm-none-eabi/8.2.1/../../../../arm-none-eabi/lib/thumb/v7e-m+fp/hard/libc.a(lib_a-findfp.o)
                0x000000000002cbcc                _cleanup_r
 .text.__sinit  0x000000000002cbd8       0x54 /usr/local/Cellar/arm-none-eabi-gcc/8-2018-q4-major/gcc/bin/../lib/gcc/arm-none-eabi/8.2.1/../../../../arm-none-eabi/lib/thumb/v7e-m+fp/hard/libc.a(lib_a-findfp.o)
                0x000000000002cbd8                __sinit
 .text.__sfp_lock_acquire
                0x000000000002cc2c        0xc /usr/local/Cellar/arm-none-eabi-gcc/8-2018-q4-major/gcc/bin/../lib/gcc/arm-none-eabi/8.2.1/../../../../arm-none-eabi/lib/thumb/v7e-m+fp/hard/libc.a(lib_a-findfp.o)
                0x000000000002cc2c                __sfp_lock_acquire
 .text.__sfp_lock_release
                0x000000000002cc38        0xc /usr/local/Cellar/arm-none-eabi-gcc/8-2018-q4-major/gcc/bin/../lib/gcc/arm-none-eabi/8.2.1/../../../../arm-none-eabi/lib/thumb/v7e-m+fp/hard/libc.a(lib_a-findfp.o)
                0x000000000002cc38                __sfp_lock_release
 .text.__libc_fini_array
                0x000000000002cc44       0x34 /usr/local/Cellar/arm-none-eabi-gcc/8-2018-q4-major/gcc/bin/../lib/gcc/arm-none-eabi/8.2.1/../../../../arm-none-eabi/lib/thumb/v7e-m+fp/hard/libc.a(lib_a-fini.o)
                0x000000000002cc44                __libc_fini_array
 .text._malloc_trim_r
                0x000000000002cc78       0xa0 /usr/local/Cellar/arm-none-eabi-gcc/8-2018-q4-major/gcc/bin/../lib/gcc/arm-none-eabi/8.2.1/../../../../arm-none-eabi/lib/thumb/v7e-m+fp/hard/libc.a(lib_a-freer.o)
                0x000000000002cc78                _malloc_trim_r
 .text._free_r  0x000000000002cd18      0x1ec /usr/local/Cellar/arm-none-eabi-gcc/8-2018-q4-major/gcc/bin/../lib/gcc/arm-none-eabi/8.2.1/../../../../arm-none-eabi/lib/thumb/v7e-m+fp/hard/libc.a(lib_a-freer.o)
                0x000000000002cd18                _free_r
 .text._fwalk_reent
                0x000000000002cf04       0x54 /usr/local/Cellar/arm-none-eabi-gcc/8-2018-q4-major/gcc/bin/../lib/gcc/arm-none-eabi/8.2.1/../../../../arm-none-eabi/lib/thumb/v7e-m+fp/hard/libc.a(lib_a-fwalk.o)
                0x000000000002cf04                _fwalk_reent
 .text._localeconv_r
                0x000000000002cf58        0x8 /usr/local/Cellar/arm-none-eabi-gcc/8-2018-q4-major/gcc/bin/../lib/gcc/arm-none-eabi/8.2.1/../../../../arm-none-eabi/lib/thumb/v7e-m+fp/hard/libc.a(lib_a-localeconv.o)
                0x000000000002cf58                _localeconv_r
 .text.__retarget_lock_init_recursive
                0x000000000002cf60        0x4 /usr/local/Cellar/arm-none-eabi-gcc/8-2018-q4-major/gcc/bin/../lib/gcc/arm-none-eabi/8.2.1/../../../../arm-none-eabi/lib/thumb/v7e-m+fp/hard/libc.a(lib_a-lock.o)
                0x000000000002cf60                __retarget_lock_init_recursive
 .text.__retarget_lock_close_recursive
                0x000000000002cf64        0x4 /usr/local/Cellar/arm-none-eabi-gcc/8-2018-q4-major/gcc/bin/../lib/gcc/arm-none-eabi/8.2.1/../../../../arm-none-eabi/lib/thumb/v7e-m+fp/hard/libc.a(lib_a-lock.o)
                0x000000000002cf64                __retarget_lock_close_recursive
 .text.__retarget_lock_acquire_recursive
                0x000000000002cf68        0x4 /usr/local/Cellar/arm-none-eabi-gcc/8-2018-q4-major/gcc/bin/../lib/gcc/arm-none-eabi/8.2.1/../../../../arm-none-eabi/lib/thumb/v7e-m+fp/hard/libc.a(lib_a-lock.o)
                0x000000000002cf68                __retarget_lock_acquire_recursive
 .text.__retarget_lock_release_recursive
                0x000000000002cf6c        0x4 /usr/local/Cellar/arm-none-eabi-gcc/8-2018-q4-major/gcc/bin/../lib/gcc/arm-none-eabi/8.2.1/../../../../arm-none-eabi/lib/thumb/v7e-m+fp/hard/libc.a(lib_a-lock.o)
                0x000000000002cf6c                __retarget_lock_release_recursive
 .text.__swhatbuf_r
                0x000000000002cf70       0x5c /usr/local/Cellar/arm-none-eabi-gcc/8-2018-q4-major/gcc/bin/../lib/gcc/arm-none-eabi/8.2.1/../../../../arm-none-eabi/lib/thumb/v7e-m+fp/hard/libc.a(lib_a-makebuf.o)
                0x000000000002cf70                __swhatbuf_r
 .text.__smakebuf_r
                0x000000000002cfcc       0x94 /usr/local/Cellar/arm-none-eabi-gcc/8-2018-q4-major/gcc/bin/../lib/gcc/arm-none-eabi/8.2.1/../../../../arm-none-eabi/lib/thumb/v7e-m+fp/hard/libc.a(lib_a-makebuf.o)
                0x000000000002cfcc                __smakebuf_r
 .text.malloc   0x000000000002d060       0x10 /usr/local/Cellar/arm-none-eabi-gcc/8-2018-q4-major/gcc/bin/../lib/gcc/arm-none-eabi/8.2.1/../../../../arm-none-eabi/lib/thumb/v7e-m+fp/hard/libc.a(lib_a-malloc.o)
                0x000000000002d060                malloc
 .text._malloc_r
                0x000000000002d070      0x570 /usr/local/Cellar/arm-none-eabi-gcc/8-2018-q4-major/gcc/bin/../lib/gcc/arm-none-eabi/8.2.1/../../../../arm-none-eabi/lib/thumb/v7e-m+fp/hard/libc.a(lib_a-mallocr.o)
                0x000000000002d070                _malloc_r
 .text          0x000000000002d5e0       0xa0 /usr/local/Cellar/arm-none-eabi-gcc/8-2018-q4-major/gcc/bin/../lib/gcc/arm-none-eabi/8.2.1/../../../../arm-none-eabi/lib/thumb/v7e-m+fp/hard/libc.a(lib_a-memchr.o)
                0x000000000002d5e0                memchr
 .text.__malloc_lock
                0x000000000002d680        0xc /usr/local/Cellar/arm-none-eabi-gcc/8-2018-q4-major/gcc/bin/../lib/gcc/arm-none-eabi/8.2.1/../../../../arm-none-eabi/lib/thumb/v7e-m+fp/hard/libc.a(lib_a-mlock.o)
                0x000000000002d680                __malloc_lock
 .text.__malloc_unlock
                0x000000000002d68c        0xc /usr/local/Cellar/arm-none-eabi-gcc/8-2018-q4-major/gcc/bin/../lib/gcc/arm-none-eabi/8.2.1/../../../../arm-none-eabi/lib/thumb/v7e-m+fp/hard/libc.a(lib_a-mlock.o)
                0x000000000002d68c                __malloc_unlock
 .text._Balloc  0x000000000002d698       0x4c /usr/local/Cellar/arm-none-eabi-gcc/8-2018-q4-major/gcc/bin/../lib/gcc/arm-none-eabi/8.2.1/../../../../arm-none-eabi/lib/thumb/v7e-m+fp/hard/libc.a(lib_a-mprec.o)
                0x000000000002d698                _Balloc
 .text._Bfree   0x000000000002d6e4       0x14 /usr/local/Cellar/arm-none-eabi-gcc/8-2018-q4-major/gcc/bin/../lib/gcc/arm-none-eabi/8.2.1/../../../../arm-none-eabi/lib/thumb/v7e-m+fp/hard/libc.a(lib_a-mprec.o)
                0x000000000002d6e4                _Bfree
 .text.__multadd
                0x000000000002d6f8       0x8c /usr/local/Cellar/arm-none-eabi-gcc/8-2018-q4-major/gcc/bin/../lib/gcc/arm-none-eabi/8.2.1/../../../../arm-none-eabi/lib/thumb/v7e-m+fp/hard/libc.a(lib_a-mprec.o)
                0x000000000002d6f8                __multadd
 .text.__hi0bits
                0x000000000002d784       0x40 /usr/local/Cellar/arm-none-eabi-gcc/8-2018-q4-major/gcc/bin/../lib/gcc/arm-none-eabi/8.2.1/../../../../arm-none-eabi/lib/thumb/v7e-m+fp/hard/libc.a(lib_a-mprec.o)
                0x000000000002d784                __hi0bits
 .text.__lo0bits
                0x000000000002d7c4       0x60 /usr/local/Cellar/arm-none-eabi-gcc/8-2018-q4-major/gcc/bin/../lib/gcc/arm-none-eabi/8.2.1/../../../../arm-none-eabi/lib/thumb/v7e-m+fp/hard/libc.a(lib_a-mprec.o)
                0x000000000002d7c4                __lo0bits
 .text.__i2b    0x000000000002d824       0x14 /usr/local/Cellar/arm-none-eabi-gcc/8-2018-q4-major/gcc/bin/../lib/gcc/arm-none-eabi/8.2.1/../../../../arm-none-eabi/lib/thumb/v7e-m+fp/hard/libc.a(lib_a-mprec.o)
                0x000000000002d824                __i2b
 .text.__multiply
                0x000000000002d838      0x130 /usr/local/Cellar/arm-none-eabi-gcc/8-2018-q4-major/gcc/bin/../lib/gcc/arm-none-eabi/8.2.1/../../../../arm-none-eabi/lib/thumb/v7e-m+fp/hard/libc.a(lib_a-mprec.o)
                0x000000000002d838                __multiply
 .text.__pow5mult
                0x000000000002d968       0xa0 /usr/local/Cellar/arm-none-eabi-gcc/8-2018-q4-major/gcc/bin/../lib/gcc/arm-none-eabi/8.2.1/../../../../arm-none-eabi/lib/thumb/v7e-m+fp/hard/libc.a(lib_a-mprec.o)
                0x000000000002d968                __pow5mult
 .text.__lshift
                0x000000000002da08       0xb4 /usr/local/Cellar/arm-none-eabi-gcc/8-2018-q4-major/gcc/bin/../lib/gcc/arm-none-eabi/8.2.1/../../../../arm-none-eabi/lib/thumb/v7e-m+fp/hard/libc.a(lib_a-mprec.o)
                0x000000000002da08                __lshift
 .text.__mcmp   0x000000000002dabc       0x38 /usr/local/Cellar/arm-none-eabi-gcc/8-2018-q4-major/gcc/bin/../lib/gcc/arm-none-eabi/8.2.1/../../../../arm-none-eabi/lib/thumb/v7e-m+fp/hard/libc.a(lib_a-mprec.o)
                0x000000000002dabc                __mcmp
 .text.__mdiff  0x000000000002daf4       0xf8 /usr/local/Cellar/arm-none-eabi-gcc/8-2018-q4-major/gcc/bin/../lib/gcc/arm-none-eabi/8.2.1/../../../../arm-none-eabi/lib/thumb/v7e-m+fp/hard/libc.a(lib_a-mprec.o)
                0x000000000002daf4                __mdiff
 .text.__d2b    0x000000000002dbec       0xc0 /usr/local/Cellar/arm-none-eabi-gcc/8-2018-q4-major/gcc/bin/../lib/gcc/arm-none-eabi/8.2.1/../../../../arm-none-eabi/lib/thumb/v7e-m+fp/hard/libc.a(lib_a-mprec.o)
                0x000000000002dbec                __d2b
 .text.frexp    0x000000000002dcac       0x6c /usr/local/Cellar/arm-none-eabi-gcc/8-2018-q4-major/gcc/bin/../lib/gcc/arm-none-eabi/8.2.1/../../../../arm-none-eabi/lib/thumb/v7e-m+fp/hard/libc.a(lib_a-s_frexp.o)
                0x000000000002dcac                frexp
 .text._sbrk_r  0x000000000002dd18       0x24 /usr/local/Cellar/arm-none-eabi-gcc/8-2018-q4-major/gcc/bin/../lib/gcc/arm-none-eabi/8.2.1/../../../../arm-none-eabi/lib/thumb/v7e-m+fp/hard/libc.a(lib_a-sbrkr.o)
                0x000000000002dd18                _sbrk_r
 .text.__sread  0x000000000002dd3c       0x24 /usr/local/Cellar/arm-none-eabi-gcc/8-2018-q4-major/gcc/bin/../lib/gcc/arm-none-eabi/8.2.1/../../../../arm-none-eabi/lib/thumb/v7e-m+fp/hard/libc.a(lib_a-stdio.o)
                0x000000000002dd3c                __sread
 .text.__swrite
                0x000000000002dd60       0x40 /usr/local/Cellar/arm-none-eabi-gcc/8-2018-q4-major/gcc/bin/../lib/gcc/arm-none-eabi/8.2.1/../../../../arm-none-eabi/lib/thumb/v7e-m+fp/hard/libc.a(lib_a-stdio.o)
                0x000000000002dd60                __swrite
 .text.__sseek  0x000000000002dda0       0x20 /usr/local/Cellar/arm-none-eabi-gcc/8-2018-q4-major/gcc/bin/../lib/gcc/arm-none-eabi/8.2.1/../../../../arm-none-eabi/lib/thumb/v7e-m+fp/hard/libc.a(lib_a-stdio.o)
                0x000000000002dda0                __sseek
 .text.__sclose
                0x000000000002ddc0        0x8 /usr/local/Cellar/arm-none-eabi-gcc/8-2018-q4-major/gcc/bin/../lib/gcc/arm-none-eabi/8.2.1/../../../../arm-none-eabi/lib/thumb/v7e-m+fp/hard/libc.a(lib_a-stdio.o)
                0x000000000002ddc0                __sclose
 .text.strncpy  0x000000000002ddc8       0x74 /usr/local/Cellar/arm-none-eabi-gcc/8-2018-q4-major/gcc/bin/../lib/gcc/arm-none-eabi/8.2.1/../../../../arm-none-eabi/lib/thumb/v7e-m+fp/hard/libc.a(lib_a-strncpy.o)
                0x000000000002ddc8                strncpy
 .text.__sprint_r.part.0
                0x000000000002de3c       0x78 /usr/local/Cellar/arm-none-eabi-gcc/8-2018-q4-major/gcc/bin/../lib/gcc/arm-none-eabi/8.2.1/../../../../arm-none-eabi/lib/thumb/v7e-m+fp/hard/libc.a(lib_a-vfiprintf.o)
 .text.__sprint_r
                0x000000000002deb4       0x14 /usr/local/Cellar/arm-none-eabi-gcc/8-2018-q4-major/gcc/bin/../lib/gcc/arm-none-eabi/8.2.1/../../../../arm-none-eabi/lib/thumb/v7e-m+fp/hard/libc.a(lib_a-vfiprintf.o)
                0x000000000002deb4                __sprint_r
 .text.__register_exitproc
                0x000000000002dec8       0x88 /usr/local/Cellar/arm-none-eabi-gcc/8-2018-q4-major/gcc/bin/../lib/gcc/arm-none-eabi/8.2.1/../../../../arm-none-eabi/lib/thumb/v7e-m+fp/hard/libc.a(lib_a-__atexit.o)
                0x000000000002dec8                __register_exitproc
 .text._calloc_r
                0x000000000002df50       0x60 /usr/local/Cellar/arm-none-eabi-gcc/8-2018-q4-major/gcc/bin/../lib/gcc/arm-none-eabi/8.2.1/../../../../arm-none-eabi/lib/thumb/v7e-m+fp/hard/libc.a(lib_a-callocr.o)
                0x000000000002df50                _calloc_r
 .text._close_r
                0x000000000002dfb0       0x24 /usr/local/Cellar/arm-none-eabi-gcc/8-2018-q4-major/gcc/bin/../lib/gcc/arm-none-eabi/8.2.1/../../../../arm-none-eabi/lib/thumb/v7e-m+fp/hard/libc.a(lib_a-closer.o)
                0x000000000002dfb0                _close_r
 .text._fclose_r
                0x000000000002dfd4       0xd0 /usr/local/Cellar/arm-none-eabi-gcc/8-2018-q4-major/gcc/bin/../lib/gcc/arm-none-eabi/8.2.1/../../../../arm-none-eabi/lib/thumb/v7e-m+fp/hard/libc.a(lib_a-fclose.o)
                0x000000000002dfd4                _fclose_r
 .text.__fputwc
                0x000000000002e0a4       0xa0 /usr/local/Cellar/arm-none-eabi-gcc/8-2018-q4-major/gcc/bin/../lib/gcc/arm-none-eabi/8.2.1/../../../../arm-none-eabi/lib/thumb/v7e-m+fp/hard/libc.a(lib_a-fputwc.o)
                0x000000000002e0a4                __fputwc
 .text._fputwc_r
                0x000000000002e144       0x64 /usr/local/Cellar/arm-none-eabi-gcc/8-2018-q4-major/gcc/bin/../lib/gcc/arm-none-eabi/8.2.1/../../../../arm-none-eabi/lib/thumb/v7e-m+fp/hard/libc.a(lib_a-fputwc.o)
                0x000000000002e144                _fputwc_r
 .text._fstat_r
                0x000000000002e1a8       0x28 /usr/local/Cellar/arm-none-eabi-gcc/8-2018-q4-major/gcc/bin/../lib/gcc/arm-none-eabi/8.2.1/../../../../arm-none-eabi/lib/thumb/v7e-m+fp/hard/libc.a(lib_a-fstatr.o)
                0x000000000002e1a8                _fstat_r
 .text.__sfvwrite_r
                0x000000000002e1d0      0x308 /usr/local/Cellar/arm-none-eabi-gcc/8-2018-q4-major/gcc/bin/../lib/gcc/arm-none-eabi/8.2.1/../../../../arm-none-eabi/lib/thumb/v7e-m+fp/hard/libc.a(lib_a-fvwrite.o)
                0x000000000002e1d0                __sfvwrite_r
 .text._isatty_r
                0x000000000002e4d8       0x24 /usr/local/Cellar/arm-none-eabi-gcc/8-2018-q4-major/gcc/bin/../lib/gcc/arm-none-eabi/8.2.1/../../../../arm-none-eabi/lib/thumb/v7e-m+fp/hard/libc.a(lib_a-isattyr.o)
                0x000000000002e4d8                _isatty_r
 .text.__locale_mb_cur_max
                0x000000000002e4fc        0xc /usr/local/Cellar/arm-none-eabi-gcc/8-2018-q4-major/gcc/bin/../lib/gcc/arm-none-eabi/8.2.1/../../../../arm-none-eabi/lib/thumb/v7e-m+fp/hard/libc.a(lib_a-locale.o)
                0x000000000002e4fc                __locale_mb_cur_max
 .text._lseek_r
                0x000000000002e508       0x2c /usr/local/Cellar/arm-none-eabi-gcc/8-2018-q4-major/gcc/bin/../lib/gcc/arm-none-eabi/8.2.1/../../../../arm-none-eabi/lib/thumb/v7e-m+fp/hard/libc.a(lib_a-lseekr.o)
                0x000000000002e508                _lseek_r
 .text.__ascii_mbtowc
                0x000000000002e534       0x2c /usr/local/Cellar/arm-none-eabi-gcc/8-2018-q4-major/gcc/bin/../lib/gcc/arm-none-eabi/8.2.1/../../../../arm-none-eabi/lib/thumb/v7e-m+fp/hard/libc.a(lib_a-mbtowc_r.o)
                0x000000000002e534                __ascii_mbtowc
 .text.memmove  0x000000000002e560       0xd0 /usr/local/Cellar/arm-none-eabi-gcc/8-2018-q4-major/gcc/bin/../lib/gcc/arm-none-eabi/8.2.1/../../../../arm-none-eabi/lib/thumb/v7e-m+fp/hard/libc.a(lib_a-memmove.o)
                0x000000000002e560                memmove
 .text._read_r  0x000000000002e630       0x2c /usr/local/Cellar/arm-none-eabi-gcc/8-2018-q4-major/gcc/bin/../lib/gcc/arm-none-eabi/8.2.1/../../../../arm-none-eabi/lib/thumb/v7e-m+fp/hard/libc.a(lib_a-readr.o)
                0x000000000002e630                _read_r
 .text._realloc_r
                0x000000000002e65c      0x36c /usr/local/Cellar/arm-none-eabi-gcc/8-2018-q4-major/gcc/bin/../lib/gcc/arm-none-eabi/8.2.1/../../../../arm-none-eabi/lib/thumb/v7e-m+fp/hard/libc.a(lib_a-reallocr.o)
                0x000000000002e65c                _realloc_r
 .text.__swbuf_r
                0x000000000002e9c8       0xb0 /usr/local/Cellar/arm-none-eabi-gcc/8-2018-q4-major/gcc/bin/../lib/gcc/arm-none-eabi/8.2.1/../../../../arm-none-eabi/lib/thumb/v7e-m+fp/hard/libc.a(lib_a-wbuf.o)
                0x000000000002e9c8                __swbuf_r
 .text._wcrtomb_r
                0x000000000002ea78       0x34 /usr/local/Cellar/arm-none-eabi-gcc/8-2018-q4-major/gcc/bin/../lib/gcc/arm-none-eabi/8.2.1/../../../../arm-none-eabi/lib/thumb/v7e-m+fp/hard/libc.a(lib_a-wcrtomb.o)
                0x000000000002ea78                _wcrtomb_r
 .text.__ascii_wctomb
                0x000000000002eaac       0x1c /usr/local/Cellar/arm-none-eabi-gcc/8-2018-q4-major/gcc/bin/../lib/gcc/arm-none-eabi/8.2.1/../../../../arm-none-eabi/lib/thumb/v7e-m+fp/hard/libc.a(lib_a-wctomb_r.o)
                0x000000000002eaac                __ascii_wctomb
 .text._close   0x000000000002eac8       0x10 /usr/local/Cellar/arm-none-eabi-gcc/8-2018-q4-major/gcc/bin/../lib/gcc/arm-none-eabi/8.2.1/../../../../arm-none-eabi/lib/thumb/v7e-m+fp/hard/libnosys.a(close.o)
                0x000000000002eac8                _close
 .text._fstat   0x000000000002ead8       0x10 /usr/local/Cellar/arm-none-eabi-gcc/8-2018-q4-major/gcc/bin/../lib/gcc/arm-none-eabi/8.2.1/../../../../arm-none-eabi/lib/thumb/v7e-m+fp/hard/libnosys.a(fstat.o)
                0x000000000002ead8                _fstat
 .text._isatty  0x000000000002eae8       0x10 /usr/local/Cellar/arm-none-eabi-gcc/8-2018-q4-major/gcc/bin/../lib/gcc/arm-none-eabi/8.2.1/../../../../arm-none-eabi/lib/thumb/v7e-m+fp/hard/libnosys.a(isatty.o)
                0x000000000002eae8                _isatty
 .text._lseek   0x000000000002eaf8       0x10 /usr/local/Cellar/arm-none-eabi-gcc/8-2018-q4-major/gcc/bin/../lib/gcc/arm-none-eabi/8.2.1/../../../../arm-none-eabi/lib/thumb/v7e-m+fp/hard/libnosys.a(lseek.o)
                0x000000000002eaf8                _lseek
 .text._read    0x000000000002eb08       0x10 /usr/local/Cellar/arm-none-eabi-gcc/8-2018-q4-major/gcc/bin/../lib/gcc/arm-none-eabi/8.2.1/../../../../arm-none-eabi/lib/thumb/v7e-m+fp/hard/libnosys.a(read.o)
                0x000000000002eb08                _read
 .text._sbrk    0x000000000002eb18       0x1c /usr/local/Cellar/arm-none-eabi-gcc/8-2018-q4-major/gcc/bin/../lib/gcc/arm-none-eabi/8.2.1/../../../../arm-none-eabi/lib/thumb/v7e-m+fp/hard/libnosys.a(sbrk.o)
                0x000000000002eb18                _sbrk
 .text._exit    0x000000000002eb34        0x4 /usr/local/Cellar/arm-none-eabi-gcc/8-2018-q4-major/gcc/bin/../lib/gcc/arm-none-eabi/8.2.1/../../../../arm-none-eabi/lib/thumb/v7e-m+fp/hard/libnosys.a(_exit.o)
                0x000000000002eb34                _exit
 .text          0x000000000002eb38      0x378 /usr/local/Cellar/arm-none-eabi-gcc/8-2018-q4-major/gcc/bin/../lib/gcc/arm-none-eabi/8.2.1/thumb/v7e-m+fp/hard/libgcc.a(_arm_addsubdf3.o)
                0x000000000002eb38                __aeabi_drsub
                0x000000000002eb40                __subdf3
                0x000000000002eb40                __aeabi_dsub
                0x000000000002eb44                __aeabi_dadd
                0x000000000002eb44                __adddf3
                0x000000000002edbc                __aeabi_ui2d
                0x000000000002edbc                __floatunsidf
                0x000000000002eddc                __floatsidf
                0x000000000002eddc                __aeabi_i2d
                0x000000000002ee00                __extendsfdf2
                0x000000000002ee00                __aeabi_f2d
                0x000000000002ee44                __aeabi_ul2d
                0x000000000002ee44                __floatundidf
                0x000000000002ee54                __aeabi_l2d
                0x000000000002ee54                __floatdidf
 .text          0x000000000002eeb0      0x424 /usr/local/Cellar/arm-none-eabi-gcc/8-2018-q4-major/gcc/bin/../lib/gcc/arm-none-eabi/8.2.1/thumb/v7e-m+fp/hard/libgcc.a(_arm_muldivdf3.o)
                0x000000000002eeb0                __aeabi_dmul
                0x000000000002eeb0                __muldf3
                0x000000000002f104                __aeabi_ddiv
                0x000000000002f104                __divdf3
 .text          0x000000000002f2d4      0x110 /usr/local/Cellar/arm-none-eabi-gcc/8-2018-q4-major/gcc/bin/../lib/gcc/arm-none-eabi/8.2.1/thumb/v7e-m+fp/hard/libgcc.a(_arm_cmpdf2.o)
                0x000000000002f2d4                __gedf2
                0x000000000002f2d4                __gtdf2
                0x000000000002f2dc                __ledf2
                0x000000000002f2dc                __ltdf2
                0x000000000002f2e4                __cmpdf2
                0x000000000002f2e4                __eqdf2
                0x000000000002f2e4                __nedf2
                0x000000000002f360                __aeabi_cdrcmple
                0x000000000002f370                __aeabi_cdcmple
                0x000000000002f370                __aeabi_cdcmpeq
                0x000000000002f380                __aeabi_dcmpeq
                0x000000000002f394                __aeabi_dcmplt
                0x000000000002f3a8                __aeabi_dcmple
                0x000000000002f3bc                __aeabi_dcmpge
                0x000000000002f3d0                __aeabi_dcmpgt
 .text          0x000000000002f3e4       0x2c /usr/local/Cellar/arm-none-eabi-gcc/8-2018-q4-major/gcc/bin/../lib/gcc/arm-none-eabi/8.2.1/thumb/v7e-m+fp/hard/libgcc.a(_arm_unorddf2.o)
                0x000000000002f3e4                __aeabi_dcmpun
                0x000000000002f3e4                __unorddf2
 .text          0x000000000002f410       0x50 /usr/local/Cellar/arm-none-eabi-gcc/8-2018-q4-major/gcc/bin/../lib/gcc/arm-none-eabi/8.2.1/thumb/v7e-m+fp/hard/libgcc.a(_arm_fixdfsi.o)
                0x000000000002f410                __fixdfsi
                0x000000000002f410                __aeabi_d2iz
 .text          0x000000000002f460       0x30 /usr/local/Cellar/arm-none-eabi-gcc/8-2018-q4-major/gcc/bin/../lib/gcc/arm-none-eabi/8.2.1/thumb/v7e-m+fp/hard/libgcc.a(_aeabi_uldivmod.o)
                0x000000000002f460                __aeabi_uldivmod
 .text          0x000000000002f490      0x2d0 /usr/local/Cellar/arm-none-eabi-gcc/8-2018-q4-major/gcc/bin/../lib/gcc/arm-none-eabi/8.2.1/thumb/v7e-m+fp/hard/libgcc.a(_udivmoddi4.o)
                0x000000000002f490                __udivmoddi4
 .text          0x000000000002f760        0x4 /usr/local/Cellar/arm-none-eabi-gcc/8-2018-q4-major/gcc/bin/../lib/gcc/arm-none-eabi/8.2.1/thumb/v7e-m+fp/hard/libgcc.a(_dvmd_tls.o)
                0x000000000002f760                __aeabi_ldiv0
                0x000000000002f760                __aeabi_idiv0
 *(.init)
 .init          0x000000000002f764        0x4 /usr/local/Cellar/arm-none-eabi-gcc/8-2018-q4-major/gcc/bin/../lib/gcc/arm-none-eabi/8.2.1/thumb/v7e-m+fp/hard/crti.o
                0x000000000002f764                _init
 .init          0x000000000002f768        0x8 /usr/local/Cellar/arm-none-eabi-gcc/8-2018-q4-major/gcc/bin/../lib/gcc/arm-none-eabi/8.2.1/thumb/v7e-m+fp/hard/crtn.o
 *(.fini)
 .fini          0x000000000002f770        0x4 /usr/local/Cellar/arm-none-eabi-gcc/8-2018-q4-major/gcc/bin/../lib/gcc/arm-none-eabi/8.2.1/thumb/v7e-m+fp/hard/crti.o
                0x000000000002f770                _fini
 .fini          0x000000000002f774        0x8 /usr/local/Cellar/arm-none-eabi-gcc/8-2018-q4-major/gcc/bin/../lib/gcc/arm-none-eabi/8.2.1/thumb/v7e-m+fp/hard/crtn.o
 *crtbegin.o(.ctors)
 *crtbegin?.o(.ctors)
 *(EXCLUDE_FILE(*crtend.o *crtend?.o) .ctors)
 *(SORT_BY_NAME(.ctors.*))
 *(.ctors)
 *crtbegin.o(.dtors)
 *crtbegin?.o(.dtors)
 *(EXCLUDE_FILE(*crtend.o *crtend?.o) .dtors)
 *(SORT_BY_NAME(.dtors.*))
 *(.dtors)
 *(.rodata*)
 *fill*         0x000000000002f77c        0x4 
 .rodata.delay_machine_code.8692
                0x000000000002f780        0x6 _build/main.o
 .rodata.main.str1.1
                0x000000000002f786       0x26 _build/main.o
 .rodata._DoInit.str1.1
                0x000000000002f7ac       0x14 _build/SEGGER_RTT.o
 .rodata.delay_machine_code.9348
                0x000000000002f7c0        0x6 _build/app_timer.o
 .rodata.app_util_critical_region_enter.str1.1
                0x000000000002f7c6       0x55 _build/app_util_platform.o
 .rodata.HardFault_c_handler.str1.1
                0x000000000002f81b      0x12e _build/hardfault_implementation.o
 *fill*         0x000000000002f949        0x3 
 .rodata.cfsr_msgs.9543
                0x000000000002f94c       0x68 _build/hardfault_implementation.o
 .rodata.str1.1
                0x000000000002f9b4      0x4c0 _build/hardfault_implementation.o
 .rodata.nrf_balloc_init.str1.1
                0x000000000002fe74       0x50 _build/nrf_balloc.o
 .rodata.nrf_drv_clock_uninit.str1.1
                0x000000000002fec4       0x4f _build/nrf_drv_clock.o
 .rodata.str1.1
                0x000000000002ff13        0x6 _build/nrf_drv_clock.o
 .rodata.nrf_fprintf_buffer_flush.str1.1
                0x000000000002ff19       0x46 _build/nrf_fprintf.o
 .rodata._aV2C.7637
                0x000000000002ff5f       0x10 _build/nrf_fprintf_format.o
 .rodata.nrf_fprintf_fmt.str1.1
                0x000000000002ff6f       0x4d _build/nrf_fprintf_format.o
 .rodata.str1.1
                0x000000000002ffbc        0xd _build/nrf_fstorage.o
 *fill*         0x000000000002ffc9        0x7 
 .rodata.delay_machine_code.9624
                0x000000000002ffd0        0x6 _build/nrf_log_backend_rtt.o
 *fill*         0x000000000002ffd6        0x2 
 .rodata.nrf_log_backend_rtt_api
                0x000000000002ffd8        0xc _build/nrf_log_backend_rtt.o
                0x000000000002ffd8                nrf_log_backend_rtt_api
 .rodata.nrf_log_default_backends_init.str1.1
                0x000000000002ffe4       0x5f _build/nrf_log_default_backends.o
 .rodata.str1.1
                0x0000000000030043       0x10 _build/nrf_log_default_backends.o
 .rodata.buf_prealloc.str1.1
                0x0000000000030053       0x57 _build/nrf_log_frontend.o
 *fill*         0x00000000000300aa        0x2 
 .rodata.m_log_push_ringbuf
                0x00000000000300ac        0xc _build/nrf_log_frontend.o
 .rodata.nrf_log_frontend_dequeue.str1.1
                0x00000000000300b8       0x11 _build/nrf_log_frontend.o
 .rodata.str1.1
                0x00000000000300c9        0x4 _build/nrf_log_frontend.o
 *fill*         0x00000000000300cd        0x3 
 .rodata.m_colors
                0x00000000000300d0       0x24 _build/nrf_log_str_formatter.o
 .rodata.nrf_log_hexdump_entry_process.str1.1
                0x00000000000300f4        0xf _build/nrf_log_str_formatter.o
                                         0x11 (size before relaxing)
 .rodata.postfix_process.str1.1
                0x0000000000030103        0x8 _build/nrf_log_str_formatter.o
                                          0xb (size before relaxing)
 .rodata.prefix_process.str1.1
                0x000000000003010b       0x2a _build/nrf_log_str_formatter.o
 *fill*         0x0000000000030135        0x3 
 .rodata.severity_names
                0x0000000000030138       0x14 _build/nrf_log_str_formatter.o
 .rodata.str1.1
                0x000000000003014c       0x4b _build/nrf_log_str_formatter.o
                                         0x51 (size before relaxing)
 .rodata.memobj_op.str1.1
                0x0000000000030197       0x50 _build/nrf_memobj.o
 .rodata.str1.1
                0x00000000000301e7        0x9 _build/nrf_pwr_mgmt.o
 .rodata.nrf_section_iter_init.str1.1
                0x00000000000301f0       0x69 _build/nrf_section_iter.o
 .rodata.m_unknown_str
                0x0000000000030259       0x13 _build/nrf_strerror.o
 .rodata.nrf_strerror_array
                0x000000000003026c      0x128 _build/nrf_strerror.o
 .rodata.str1.1
                0x0000000000030394      0x3ba _build/nrf_strerror.o
 .rodata.nrfx_clock_init.str1.1
                0x000000000003074e       0x4d _build/nrfx_clock.o
 .rodata.str1.1
                0x000000000003079b        0x6 _build/nrfx_clock.o
 .rodata.nrf_gpio_pin_port_decode.isra.0.part.1.str1.1
                0x00000000000307a1       0x43 _build/nrfx_gpiote.o
 .rodata.nrfx_gpiote_out_init.str1.1
                0x00000000000307e4       0x4e _build/nrfx_gpiote.o
 .rodata.str1.1
                0x0000000000030832        0x7 _build/nrfx_gpiote.o
 .rodata.str1.1
                0x0000000000030839        0x4 _build/nrfx_ppi.o
 .rodata.UARTE0_UART0_IRQHandler.str1.1
                0x000000000003083d       0x4f _build/nrfx_prs.o
 .rodata.str1.1
                0x000000000003088c        0x4 _build/nrfx_prs.o
 .rodata.str1.1
                0x0000000000030890        0x4 _build/nrfx_pwm.o
 .rodata.str1.1
                0x0000000000030894        0x6 _build/nrfx_saadc.o
 .rodata.SPIM1_SPIS1_TWIM1_TWIS1_SPI1_TWI1_IRQHandler.str1.1
                0x000000000003089a       0x4c _build/nrfx_spim.o
 .rodata.nrf_gpio_pin_port_decode.isra.0.part.1.str1.1
                0x00000000000308e6       0x43 _build/nrfx_spim.o
 .rodata.str1.1
                0x00000000000308e6        0x5 _build/nrfx_spim.o
 .rodata.str1.1
                0x00000000000308eb        0x6 _build/nrfx_timer.o
 .rodata.SPIM0_SPIS0_TWIM0_TWIS0_SPI0_TWI0_IRQHandler.str1.1
                0x00000000000308f1       0x4c _build/nrfx_twim.o
 .rodata.str1.1
                0x000000000003093d        0x5 _build/nrfx_twim.o
 .rodata.str1.1
                0x0000000000030942        0x5 _build/nrfx_uart.o
 .rodata.str1.1
                0x0000000000030947        0x6 _build/nrfx_uarte.o
 .rodata.data_length_update.str1.1
                0x000000000003094d       0xdf _build/nrf_ble_gatt.o
 .rodata.nrf_ble_gatt_on_ble_evt.str1.1
                0x0000000000030a2c       0x60 _build/nrf_ble_gatt.o
 .rodata.str1.1
                0x0000000000030a8c        0xd _build/nrf_ble_gatt.o
 *fill*         0x0000000000030a99        0x3 
 .rodata.sdh_stack_observers
                0x0000000000030a9c        0xc _build/nrf_sdh.o
 .rodata.str1.1
                0x0000000000030aa8        0x8 _build/nrf_sdh.o
 .rodata.nrf_sdh_ble_evts_poll.part.0.str1.1
                0x0000000000030ab0       0x52 _build/nrf_sdh_ble.o
 *fill*         0x0000000000030b02        0x2 
 .rodata.sdh_ble_observers
                0x0000000000030b04        0xc _build/nrf_sdh_ble.o
 .rodata.str1.1
                0x0000000000030b10        0xc _build/nrf_sdh_ble.o
 .rodata.assert_nrf_callback.str1.1
                0x0000000000030b1c       0x25 _build/simple_ble.o
 .rodata.on_ble_evt.str1.1
                0x0000000000030b41       0x51 _build/simple_ble.o
 .rodata.app_error_fault_handler.str1.1
                0x0000000000030b92       0xab _build/app_error_weak.o
 *fill*         0x0000000000030c3d        0x3 
 .rodata._ctype_
                0x0000000000030c40      0x101 /usr/local/Cellar/arm-none-eabi-gcc/8-2018-q4-major/gcc/bin/../lib/gcc/arm-none-eabi/8.2.1/../../../../arm-none-eabi/lib/thumb/v7e-m+fp/hard/libc.a(lib_a-ctype_.o)
                0x0000000000030c40                _ctype_
 *fill*         0x0000000000030d41        0x3 
 .rodata._global_impure_ptr
                0x0000000000030d44        0x4 /usr/local/Cellar/arm-none-eabi-gcc/8-2018-q4-major/gcc/bin/../lib/gcc/arm-none-eabi/8.2.1/../../../../arm-none-eabi/lib/thumb/v7e-m+fp/hard/libc.a(lib_a-impure.o)
                0x0000000000030d44                _global_impure_ptr
 .rodata._vfprintf_r.str1.4
                0x0000000000030d48       0x42 /usr/local/Cellar/arm-none-eabi-gcc/8-2018-q4-major/gcc/bin/../lib/gcc/arm-none-eabi/8.2.1/../../../../arm-none-eabi/lib/thumb/v7e-m+fp/hard/libc.a(lib_a-vfprintf.o)
 *fill*         0x0000000000030d8a        0x2 
 .rodata.blanks.8687
                0x0000000000030d8c       0x10 /usr/local/Cellar/arm-none-eabi-gcc/8-2018-q4-major/gcc/bin/../lib/gcc/arm-none-eabi/8.2.1/../../../../arm-none-eabi/lib/thumb/v7e-m+fp/hard/libc.a(lib_a-vfprintf.o)
 .rodata.zeroes.8688
                0x0000000000030d9c       0x10 /usr/local/Cellar/arm-none-eabi-gcc/8-2018-q4-major/gcc/bin/../lib/gcc/arm-none-eabi/8.2.1/../../../../arm-none-eabi/lib/thumb/v7e-m+fp/hard/libc.a(lib_a-vfprintf.o)
 .rodata._dtoa_r.str1.4
                0x0000000000030dac        0xd /usr/local/Cellar/arm-none-eabi-gcc/8-2018-q4-major/gcc/bin/../lib/gcc/arm-none-eabi/8.2.1/../../../../arm-none-eabi/lib/thumb/v7e-m+fp/hard/libc.a(lib_a-dtoa.o)
                                         0x12 (size before relaxing)
 *fill*         0x0000000000030db9        0x7 
 .rodata.__mprec_bigtens
                0x0000000000030dc0       0x28 /usr/local/Cellar/arm-none-eabi-gcc/8-2018-q4-major/gcc/bin/../lib/gcc/arm-none-eabi/8.2.1/../../../../arm-none-eabi/lib/thumb/v7e-m+fp/hard/libc.a(lib_a-mprec.o)
                0x0000000000030dc0                __mprec_bigtens
 .rodata.__mprec_tens
                0x0000000000030de8       0xc8 /usr/local/Cellar/arm-none-eabi-gcc/8-2018-q4-major/gcc/bin/../lib/gcc/arm-none-eabi/8.2.1/../../../../arm-none-eabi/lib/thumb/v7e-m+fp/hard/libc.a(lib_a-mprec.o)
                0x0000000000030de8                __mprec_tens
 .rodata.p05.7442
                0x0000000000030eb0        0xc /usr/local/Cellar/arm-none-eabi-gcc/8-2018-q4-major/gcc/bin/../lib/gcc/arm-none-eabi/8.2.1/../../../../arm-none-eabi/lib/thumb/v7e-m+fp/hard/libc.a(lib_a-mprec.o)
 .rodata._setlocale_r.str1.4
                0x0000000000030ebc        0xa /usr/local/Cellar/arm-none-eabi-gcc/8-2018-q4-major/gcc/bin/../lib/gcc/arm-none-eabi/8.2.1/../../../../arm-none-eabi/lib/thumb/v7e-m+fp/hard/libc.a(lib_a-locale.o)
                                          0xd (size before relaxing)
 *fill*         0x0000000000030ec6        0x2 
 .rodata.str1.4
                0x0000000000030ec8        0x4 /usr/local/Cellar/arm-none-eabi-gcc/8-2018-q4-major/gcc/bin/../lib/gcc/arm-none-eabi/8.2.1/../../../../arm-none-eabi/lib/thumb/v7e-m+fp/hard/libc.a(lib_a-locale.o)
                                          0x2 (size before relaxing)
 *(.eh_frame*)
 .eh_frame      0x0000000000030ecc        0x0 /usr/local/Cellar/arm-none-eabi-gcc/8-2018-q4-major/gcc/bin/../lib/gcc/arm-none-eabi/8.2.1/thumb/v7e-m+fp/hard/crtbegin.o
 .eh_frame      0x0000000000030ecc        0x4 /usr/local/Cellar/arm-none-eabi-gcc/8-2018-q4-major/gcc/bin/../lib/gcc/arm-none-eabi/8.2.1/thumb/v7e-m+fp/hard/crtend.o

.glue_7         0x0000000000030ed0        0x0
 .glue_7        0x0000000000030ed0        0x0 linker stubs

.glue_7t        0x0000000000030ed0        0x0
 .glue_7t       0x0000000000030ed0        0x0 linker stubs

.vfp11_veneer   0x0000000000030ed0        0x0
 .vfp11_veneer  0x0000000000030ed0        0x0 linker stubs

.v4_bx          0x0000000000030ed0        0x0
 .v4_bx         0x0000000000030ed0        0x0 linker stubs

.iplt           0x0000000000030ed0        0x0
 .iplt          0x0000000000030ed0        0x0 /usr/local/Cellar/arm-none-eabi-gcc/8-2018-q4-major/gcc/bin/../lib/gcc/arm-none-eabi/8.2.1/thumb/v7e-m+fp/hard/crtbegin.o

.mem_section_dummy_rom

.sdh_soc_observers
                0x0000000000030ed0       0x10
                [!provide]                        PROVIDE (__start_sdh_soc_observers = .)
 *(SORT_BY_NAME(.sdh_soc_observers*))
 .sdh_soc_observers0
                0x0000000000030ed0        0x8 _build/nrf_drv_clock.o
 .sdh_soc_observers1
                0x0000000000030ed8        0x8 _build/simple_ble.o
                [!provide]                        PROVIDE (__stop_sdh_soc_observers = .)

.crypto_data    0x0000000000030ee0        0x0
                [!provide]                        PROVIDE (__start_crypto_data = .)
 *(SORT_BY_NAME(.crypto_data*))
                [!provide]                        PROVIDE (__stop_crypto_data = .)

.log_const_data
                0x0000000000030ee0       0x98
                0x0000000000030ee0                PROVIDE (__start_log_const_data = .)
 *(SORT_BY_NAME(.log_const_data*))
 .log_const_data_CLOCK
                0x0000000000030ee0        0x8 _build/nrfx_clock.o
                0x0000000000030ee0                m_nrf_log_CLOCK_logs_data_const
 .log_const_data_GPIOTE
                0x0000000000030ee8        0x8 _build/nrfx_gpiote.o
                0x0000000000030ee8                m_nrf_log_GPIOTE_logs_data_const
 .log_const_data_PPI
                0x0000000000030ef0        0x8 _build/nrfx_ppi.o
                0x0000000000030ef0                m_nrf_log_PPI_logs_data_const
 .log_const_data_PRS
                0x0000000000030ef8        0x8 _build/nrfx_prs.o
                0x0000000000030ef8                m_nrf_log_PRS_logs_data_const
 .log_const_data_PWM
                0x0000000000030f00        0x8 _build/nrfx_pwm.o
                0x0000000000030f00                m_nrf_log_PWM_logs_data_const
 .log_const_data_SAADC
                0x0000000000030f08        0x8 _build/nrfx_saadc.o
                0x0000000000030f08                m_nrf_log_SAADC_logs_data_const
 .log_const_data_SPIM
                0x0000000000030f10        0x8 _build/nrfx_spim.o
                0x0000000000030f10                m_nrf_log_SPIM_logs_data_const
 .log_const_data_TIMER
                0x0000000000030f18        0x8 _build/nrfx_timer.o
                0x0000000000030f18                m_nrf_log_TIMER_logs_data_const
 .log_const_data_TWIM
                0x0000000000030f20        0x8 _build/nrfx_twim.o
                0x0000000000030f20                m_nrf_log_TWIM_logs_data_const
 .log_const_data_UART
                0x0000000000030f28        0x8 _build/nrfx_uart.o
                0x0000000000030f28                m_nrf_log_UART_logs_data_const
 .log_const_data_UARTE
                0x0000000000030f30        0x8 _build/nrfx_uarte.o
                0x0000000000030f30                m_nrf_log_UARTE_logs_data_const
 .log_const_data_app
                0x0000000000030f38        0x8 _build/nrf_log_frontend.o
                0x0000000000030f38                m_nrf_log_app_logs_data_const
 .log_const_data_clock
                0x0000000000030f40        0x8 _build/nrf_drv_clock.o
                0x0000000000030f40                m_nrf_log_clock_logs_data_const
 .log_const_data_hardfault
                0x0000000000030f48        0x8 _build/hardfault_implementation.o
                0x0000000000030f48                m_nrf_log_hardfault_logs_data_const
 .log_const_data_nrf_ble_gatt
                0x0000000000030f50        0x8 _build/nrf_ble_gatt.o
                0x0000000000030f50                m_nrf_log_nrf_ble_gatt_logs_data_const
 .log_const_data_nrf_fstorage
                0x0000000000030f58        0x8 _build/nrf_fstorage.o
                0x0000000000030f58                m_nrf_log_nrf_fstorage_logs_data_const
 .log_const_data_nrf_sdh
                0x0000000000030f60        0x8 _build/nrf_sdh.o
                0x0000000000030f60                m_nrf_log_nrf_sdh_logs_data_const
 .log_const_data_nrf_sdh_ble
                0x0000000000030f68        0x8 _build/nrf_sdh_ble.o
                0x0000000000030f68                m_nrf_log_nrf_sdh_ble_logs_data_const
 .log_const_data_pwr_mgmt
                0x0000000000030f70        0x8 _build/nrf_pwr_mgmt.o
                0x0000000000030f70                m_nrf_log_pwr_mgmt_logs_data_const
                0x0000000000030f78                PROVIDE (__stop_log_const_data = .)

.nrf_balloc     0x0000000000030f78       0x14
                [!provide]                        PROVIDE (__start_nrf_balloc = .)
 *(.nrf_balloc)
 .nrf_balloc    0x0000000000030f78       0x14 _build/nrf_log_frontend.o
                0x0000000000030f78                log_mempool
                [!provide]                        PROVIDE (__stop_nrf_balloc = .)

.nrf_queue      0x0000000000030f8c       0x28
                [!provide]                        PROVIDE (__start_nrf_queue = .)
 *(.nrf_queue)
 .nrf_queue     0x0000000000030f8c       0x28 _build/kobukiUtilities.o
                0x0000000000030f8c                serial_queues_txq
                0x0000000000030fa0                serial_queues_rxq
                [!provide]                        PROVIDE (__stop_nrf_queue = .)

.sdh_state_observers
                0x0000000000030fb4        0x8
                0x0000000000030fb4                PROVIDE (__start_sdh_state_observers = .)
 *(SORT_BY_NAME(.sdh_state_observers*))
 .sdh_state_observers0
                0x0000000000030fb4        0x8 _build/nrf_drv_clock.o
                0x0000000000030fbc                PROVIDE (__stop_sdh_state_observers = .)

.sdh_stack_observers
                0x0000000000030fbc        0x8
                0x0000000000030fbc                PROVIDE (__start_sdh_stack_observers = .)
 *(SORT_BY_NAME(.sdh_stack_observers*))
 .sdh_stack_observers0
                0x0000000000030fbc        0x8 _build/nrf_sdh_ble.o
                0x0000000000030fc4                PROVIDE (__stop_sdh_stack_observers = .)

.sdh_req_observers
                0x0000000000030fc4        0x0
                0x0000000000030fc4                PROVIDE (__start_sdh_req_observers = .)
 *(SORT_BY_NAME(.sdh_req_observers*))
                0x0000000000030fc4                PROVIDE (__stop_sdh_req_observers = .)

.cli_command    0x0000000000030fc4        0x0
                [!provide]                        PROVIDE (__start_cli_command = .)
 *(.cli_command)
                [!provide]                        PROVIDE (__stop_cli_command = .)

.pwr_mgmt_data  0x0000000000030fc4        0x0
                0x0000000000030fc4                PROVIDE (__start_pwr_mgmt_data = .)
 *(SORT_BY_NAME(.pwr_mgmt_data*))
                0x0000000000030fc4                PROVIDE (__stop_pwr_mgmt_data = .)

.sdh_ble_observers
                0x0000000000030fc4       0x28
                0x0000000000030fc4                PROVIDE (__start_sdh_ble_observers = .)
 *(SORT_BY_NAME(.sdh_ble_observers*))
 .sdh_ble_observers1
                0x0000000000030fc4        0x8 _build/ble_conn_params.o
 .sdh_ble_observers1
                0x0000000000030fcc       0x10 _build/simple_ble.o
 .sdh_ble_observers2
                0x0000000000030fdc        0x8 _build/simple_ble.o
 .sdh_ble_observers3
                0x0000000000030fe4        0x8 _build/simple_ble.o
                0x0000000000030fec                PROVIDE (__stop_sdh_ble_observers = .)

.log_backends   0x0000000000030fec       0x10
 .log_backends  0x0000000000030fec       0x10 _build/nrf_log_default_backends.o

.dfu_trans      0x0000000000030ffc        0x0
                [!provide]                        PROVIDE (__start_dfu_trans = .)
 *(SORT_BY_NAME(.dfu_trans*))
                [!provide]                        PROVIDE (__stop_dfu_trans = .)

.ARM.extab
 *(.ARM.extab* .gnu.linkonce.armextab.*)
                0x0000000000030ffc                __exidx_start = .

.ARM.exidx      0x0000000000030ffc        0x8
 *(.ARM.exidx* .gnu.linkonce.armexidx.*)
 .ARM.exidx     0x0000000000030ffc        0x8 /usr/local/Cellar/arm-none-eabi-gcc/8-2018-q4-major/gcc/bin/../lib/gcc/arm-none-eabi/8.2.1/../../../../arm-none-eabi/lib/thumb/v7e-m+fp/hard/crt0.o
 .ARM.exidx     0x0000000000031004        0x0 /usr/local/Cellar/arm-none-eabi-gcc/8-2018-q4-major/gcc/bin/../lib/gcc/arm-none-eabi/8.2.1/thumb/v7e-m+fp/hard/libgcc.a(_udivmoddi4.o)
                                          0x8 (size before relaxing)
                0x0000000000031004                __exidx_end = .
                0x0000000000031004                __etext = .

.rel.dyn        0x0000000000031004        0x0
 .rel.iplt      0x0000000000031004        0x0 /usr/local/Cellar/arm-none-eabi-gcc/8-2018-q4-major/gcc/bin/../lib/gcc/arm-none-eabi/8.2.1/thumb/v7e-m+fp/hard/crtbegin.o

.data           0x00000000200098a8      0x9d0 load address 0x0000000000031004
                0x00000000200098a8                __data_start__ = .
 *(vtable)
 *(.data*)
 .data.log_backend_cb_rtt_log_backend
                0x00000000200098a8        0x8 _build/nrf_log_default_backends.o
 .data.m_scan_buffer
                0x00000000200098b0        0x8 _build/simple_ble.o
 .data.SystemCoreClock
                0x00000000200098b8        0x4 _build/system_nrf52.o
                0x00000000200098b8                SystemCoreClock
 .data._impure_ptr
                0x00000000200098bc        0x4 /usr/local/Cellar/arm-none-eabi-gcc/8-2018-q4-major/gcc/bin/../lib/gcc/arm-none-eabi/8.2.1/../../../../arm-none-eabi/lib/thumb/v7e-m+fp/hard/libc.a(lib_a-impure.o)
                0x00000000200098bc                _impure_ptr
 .data.impure_data
                0x00000000200098c0      0x428 /usr/local/Cellar/arm-none-eabi-gcc/8-2018-q4-major/gcc/bin/../lib/gcc/arm-none-eabi/8.2.1/../../../../arm-none-eabi/lib/thumb/v7e-m+fp/hard/libc.a(lib_a-impure.o)
 .data.__atexit_recursive_mutex
                0x0000000020009ce8        0x4 /usr/local/Cellar/arm-none-eabi-gcc/8-2018-q4-major/gcc/bin/../lib/gcc/arm-none-eabi/8.2.1/../../../../arm-none-eabi/lib/thumb/v7e-m+fp/hard/libc.a(lib_a-__call_atexit.o)
                0x0000000020009ce8                __atexit_recursive_mutex
 .data.__malloc_av_
                0x0000000020009cec      0x408 /usr/local/Cellar/arm-none-eabi-gcc/8-2018-q4-major/gcc/bin/../lib/gcc/arm-none-eabi/8.2.1/../../../../arm-none-eabi/lib/thumb/v7e-m+fp/hard/libc.a(lib_a-mallocr.o)
                0x0000000020009cec                __malloc_av_
 .data.__malloc_sbrk_base
                0x000000002000a0f4        0x4 /usr/local/Cellar/arm-none-eabi-gcc/8-2018-q4-major/gcc/bin/../lib/gcc/arm-none-eabi/8.2.1/../../../../arm-none-eabi/lib/thumb/v7e-m+fp/hard/libc.a(lib_a-mallocr.o)
                0x000000002000a0f4                __malloc_sbrk_base
 .data.__malloc_trim_threshold
                0x000000002000a0f8        0x4 /usr/local/Cellar/arm-none-eabi-gcc/8-2018-q4-major/gcc/bin/../lib/gcc/arm-none-eabi/8.2.1/../../../../arm-none-eabi/lib/thumb/v7e-m+fp/hard/libc.a(lib_a-mallocr.o)
                0x000000002000a0f8                __malloc_trim_threshold
 .data.__global_locale
                0x000000002000a0fc      0x16c /usr/local/Cellar/arm-none-eabi-gcc/8-2018-q4-major/gcc/bin/../lib/gcc/arm-none-eabi/8.2.1/../../../../arm-none-eabi/lib/thumb/v7e-m+fp/hard/libc.a(lib_a-locale.o)
                0x000000002000a0fc                __global_locale
                0x000000002000a268                . = ALIGN (0x4)
                0x000000002000a268                PROVIDE (__preinit_array_start = .)
 *(.preinit_array)
                0x000000002000a268                PROVIDE (__preinit_array_end = .)
                0x000000002000a268                . = ALIGN (0x4)
                0x000000002000a268                PROVIDE (__init_array_start = .)
 *(SORT_BY_NAME(.init_array.*))
 .init_array.00000
                0x000000002000a268        0x4 /usr/local/Cellar/arm-none-eabi-gcc/8-2018-q4-major/gcc/bin/../lib/gcc/arm-none-eabi/8.2.1/../../../../arm-none-eabi/lib/thumb/v7e-m+fp/hard/libc.a(lib_a-__call_atexit.o)
 *(.init_array)
 .init_array    0x000000002000a26c        0x4 /usr/local/Cellar/arm-none-eabi-gcc/8-2018-q4-major/gcc/bin/../lib/gcc/arm-none-eabi/8.2.1/thumb/v7e-m+fp/hard/crtbegin.o
 .init_array    0x000000002000a270        0x4 _build/before_startup.o
                0x000000002000a274                PROVIDE (__init_array_end = .)
                0x000000002000a274                . = ALIGN (0x4)
                0x000000002000a274                PROVIDE (__fini_array_start = .)
 *(SORT_BY_NAME(.fini_array.*))
 *(.fini_array)
 .fini_array    0x000000002000a274        0x4 /usr/local/Cellar/arm-none-eabi-gcc/8-2018-q4-major/gcc/bin/../lib/gcc/arm-none-eabi/8.2.1/thumb/v7e-m+fp/hard/crtbegin.o
                0x000000002000a278                PROVIDE (__fini_array_end = .)
 *(.jcr*)
                0x000000002000a278                . = ALIGN (0x4)
                0x000000002000a278                __data_end__ = .
LOAD /usr/local/Cellar/arm-none-eabi-gcc/8-2018-q4-major/gcc/bin/../lib/gcc/arm-none-eabi/8.2.1/thumb/v7e-m+fp/hard/crti.o
LOAD /usr/local/Cellar/arm-none-eabi-gcc/8-2018-q4-major/gcc/bin/../lib/gcc/arm-none-eabi/8.2.1/thumb/v7e-m+fp/hard/crtbegin.o
LOAD /usr/local/Cellar/arm-none-eabi-gcc/8-2018-q4-major/gcc/bin/../lib/gcc/arm-none-eabi/8.2.1/../../../../arm-none-eabi/lib/thumb/v7e-m+fp/hard/crt0.o
START GROUP
LOAD _build/main.o
LOAD _build/kobukiActuator.o
LOAD _build/kobukiSensor.o
LOAD _build/kobukiSensorPoll.o
LOAD _build/kobukiUART.o
LOAD _build/kobukiUtilities.o
LOAD _build/max44009.o
LOAD _build/mpu9250.o
LOAD _build/display.o
LOAD _build/SEGGER_RTT.o
LOAD _build/SEGGER_RTT_Syscalls_GCC.o
LOAD _build/SEGGER_RTT_printf.o
LOAD _build/app_error.o
LOAD _build/app_error_handler_gcc.o
LOAD _build/app_pwm.o
LOAD _build/app_scheduler.o
LOAD _build/app_timer.o
LOAD _build/app_uart.o
LOAD _build/app_util_platform.o
LOAD _build/before_startup.o
LOAD _build/ff.o
LOAD _build/hardfault_handler_gcc.o
LOAD _build/hardfault_implementation.o
LOAD _build/mmc_nrf.o
LOAD _build/nrf_assert.o
LOAD _build/nrf_atomic.o
LOAD _build/nrf_balloc.o
LOAD _build/nrf_drv_clock.o
LOAD _build/nrf_drv_ppi.o
LOAD _build/nrf_drv_spi.o
LOAD _build/nrf_drv_twi.o
LOAD _build/nrf_drv_uart.o
LOAD _build/nrf_fprintf.o
LOAD _build/nrf_fprintf_format.o
LOAD _build/nrf_fstorage.o
LOAD _build/nrf_log_backend_rtt.o
LOAD _build/nrf_log_backend_serial.o
LOAD _build/nrf_log_backend_uart.o
LOAD _build/nrf_log_default_backends.o
LOAD _build/nrf_log_frontend.o
LOAD _build/nrf_log_str_formatter.o
LOAD _build/nrf_memobj.o
LOAD _build/nrf_pwr_mgmt.o
LOAD _build/nrf_ringbuf.o
LOAD _build/nrf_queue.o
LOAD _build/nrf_section_iter.o
LOAD _build/nrf_serial.o
LOAD _build/nrf_strerror.o
LOAD _build/nrf_twi_mngr.o
LOAD _build/nrfx_clock.o
LOAD _build/nrfx_gpiote.o
LOAD _build/nrfx_ppi.o
LOAD _build/nrfx_prs.o
LOAD _build/nrfx_pwm.o
LOAD _build/nrfx_saadc.o
LOAD _build/nrfx_spi.o
LOAD _build/nrfx_spim.o
LOAD _build/nrfx_timer.o
LOAD _build/nrfx_twi.o
LOAD _build/nrfx_twim.o
LOAD _build/nrfx_uart.o
LOAD _build/nrfx_uarte.o
LOAD _build/simple_logger.o
LOAD _build/ble_advdata.o
LOAD _build/ble_advertising.o
LOAD _build/ble_conn_params.o
LOAD _build/ble_srv_common.o
LOAD _build/nrf_ble_gatt.o
LOAD _build/nrf_ble_qwr.o
LOAD _build/nrf_sdh.o
LOAD _build/nrf_sdh_ble.o
LOAD _build/simple_ble.o
LOAD _build/system_nrf52.o
LOAD _build/app_error_weak.o
LOAD _build/gcc_startup_nrf52.os
LOAD /usr/local/Cellar/arm-none-eabi-gcc/8-2018-q4-major/gcc/bin/../lib/gcc/arm-none-eabi/8.2.1/../../../../arm-none-eabi/lib/thumb/v7e-m+fp/hard/libc.a
LOAD /usr/local/Cellar/arm-none-eabi-gcc/8-2018-q4-major/gcc/bin/../lib/gcc/arm-none-eabi/8.2.1/../../../../arm-none-eabi/lib/thumb/v7e-m+fp/hard/libnosys.a
LOAD /usr/local/Cellar/arm-none-eabi-gcc/8-2018-q4-major/gcc/bin/../lib/gcc/arm-none-eabi/8.2.1/../../../../arm-none-eabi/lib/thumb/v7e-m+fp/hard/libm.a
LOAD /usr/local/Cellar/arm-none-eabi-gcc/8-2018-q4-major/gcc/bin/../lib/gcc/arm-none-eabi/8.2.1/../../../../arm-none-eabi/lib/thumb/v7e-m+fp/hard/libstdc++.a
END GROUP
START GROUP
LOAD /usr/local/Cellar/arm-none-eabi-gcc/8-2018-q4-major/gcc/bin/../lib/gcc/arm-none-eabi/8.2.1/thumb/v7e-m+fp/hard/libgcc.a
LOAD /usr/local/Cellar/arm-none-eabi-gcc/8-2018-q4-major/gcc/bin/../lib/gcc/arm-none-eabi/8.2.1/../../../../arm-none-eabi/lib/thumb/v7e-m+fp/hard/libc.a
END GROUP
LOAD /usr/local/Cellar/arm-none-eabi-gcc/8-2018-q4-major/gcc/bin/../lib/gcc/arm-none-eabi/8.2.1/thumb/v7e-m+fp/hard/crtend.o
LOAD /usr/local/Cellar/arm-none-eabi-gcc/8-2018-q4-major/gcc/bin/../lib/gcc/arm-none-eabi/8.2.1/thumb/v7e-m+fp/hard/crtn.o
START GROUP
LOAD /usr/local/Cellar/arm-none-eabi-gcc/8-2018-q4-major/gcc/bin/../lib/gcc/arm-none-eabi/8.2.1/thumb/v7e-m+fp/hard/libgcc.a
LOAD /usr/local/Cellar/arm-none-eabi-gcc/8-2018-q4-major/gcc/bin/../lib/gcc/arm-none-eabi/8.2.1/../../../../arm-none-eabi/lib/thumb/v7e-m+fp/hard/libc.a
LOAD /usr/local/Cellar/arm-none-eabi-gcc/8-2018-q4-major/gcc/bin/../lib/gcc/arm-none-eabi/8.2.1/../../../../arm-none-eabi/lib/thumb/v7e-m+fp/hard/libnosys.a
END GROUP

.igot.plt       0x000000002000a278        0x0 load address 0x00000000000319d4
 .igot.plt      0x000000002000a278        0x0 /usr/local/Cellar/arm-none-eabi-gcc/8-2018-q4-major/gcc/bin/../lib/gcc/arm-none-eabi/8.2.1/thumb/v7e-m+fp/hard/crtbegin.o

.bootloader_settings_page
                0x000000000007f000        0x0
                [!provide]                        PROVIDE (__start_bootloader_settings_page = .)
 *(SORT_BY_NAME(.bootloader_settings_page*))
                [!provide]                        PROVIDE (__stop_bootloader_settings_page = .)

.uicr_bootloader_start_address
                0x0000000010001014        0x0
                [!provide]                        PROVIDE (__start_uicr_bootloader_start_address = .)
 *(SORT_BY_NAME(.uicr_bootloader_start_address*))
                [!provide]                        PROVIDE (__stop_uicr_bootloader_start_address = .)
                0x0000000010001014                . = ALIGN (0x4)

.mem_section_dummy_ram

.log_dynamic_data
                0x000000002000a278        0x0
                0x000000002000a278                PROVIDE (__start_log_dynamic_data = .)
 *(SORT_BY_NAME(.log_dynamic_data*))
                [!provide]                        PROVIDE (__stop_log_dynamic_data = .)

.cli_sorted_cmd_ptrs
                0x000000002000a278        0x0
                [!provide]                        PROVIDE (__start_cli_sorted_cmd_ptrs = .)
 *(.cli_sorted_cmd_ptrs)
                [!provide]                        PROVIDE (__stop_cli_sorted_cmd_ptrs = .)

.fs_data        0x000000002000a278        0x0
                0x000000002000a278                PROVIDE (__start_fs_data = .)
 *(.fs_data)
                0x000000002000a278                PROVIDE (__stop_fs_data = .)

.bss            0x000000002000a278     0x1054 load address 0x00000000000319d4
                0x000000002000a278                . = ALIGN (0x4)
                0x000000002000a278                __bss_start__ = .
 *(.bss*)
 .bss           0x000000002000a278       0x1c /usr/local/Cellar/arm-none-eabi-gcc/8-2018-q4-major/gcc/bin/../lib/gcc/arm-none-eabi/8.2.1/thumb/v7e-m+fp/hard/crtbegin.o
 .bss.serial_queues_rxq_nrf_queue_buffer
                0x000000002000a294      0x101 _build/kobukiUtilities.o
 *fill*         0x000000002000a395        0x3 
 .bss.serial_queues_rxq_nrf_queue_cb
                0x000000002000a398        0xc _build/kobukiUtilities.o
 .bss.serial_queues_txq_nrf_queue_buffer
                0x000000002000a3a4      0x101 _build/kobukiUtilities.o
 *fill*         0x000000002000a4a5        0x3 
 .bss.serial_queues_txq_nrf_queue_cb
                0x000000002000a4a8        0xc _build/kobukiUtilities.o
 .bss._acDownBuffer
                0x000000002000a4b4       0x10 _build/SEGGER_RTT.o
 .bss._acUpBuffer
                0x000000002000a4c4      0x200 _build/SEGGER_RTT.o
 .bss.m_error_data.8116
                0x000000002000a6c4       0x20 _build/app_error.o
 .bss.m_op_queue
                0x000000002000a6e4      0x10c _build/app_timer.o
 .bss.m_rtc1_reset
                0x000000002000a7f0        0x1 _build/app_timer.o
 .bss.m_rtc1_running
                0x000000002000a7f1        0x1 _build/app_timer.o
 *fill*         0x000000002000a7f2        0x2 
 .bss.m_ticks_elapsed
                0x000000002000a7f4        0x8 _build/app_timer.o
 .bss.m_ticks_elapsed_q_read_ind
                0x000000002000a7fc        0x1 _build/app_timer.o
 .bss.m_ticks_elapsed_q_write_ind
                0x000000002000a7fd        0x1 _build/app_timer.o
 *fill*         0x000000002000a7fe        0x2 
 .bss.m_ticks_latest
                0x000000002000a800        0x4 _build/app_timer.o
 .bss.mp_timer_id_head
                0x000000002000a804        0x4 _build/app_timer.o
 .bss.m_clock_cb
                0x000000002000a808       0x14 _build/nrf_drv_clock.o
 .bss.m_host_present
                0x000000002000a81c        0x1 _build/nrf_log_backend_rtt.o
 .bss.m_string_buff
                0x000000002000a81d       0x40 _build/nrf_log_backend_rtt.o
 *fill*         0x000000002000a85d        0x3 
 .bss.log_mempool_nrf_balloc_cb
                0x000000002000a860        0x8 _build/nrf_log_frontend.o
 .bss.log_mempool_nrf_balloc_pool_mem
                0x000000002000a868       0xc0 _build/nrf_log_frontend.o
 .bss.log_mempool_nrf_balloc_pool_stack
                0x000000002000a928        0x8 _build/nrf_log_frontend.o
 .bss.m_log_data
                0x000000002000a930      0x424 _build/nrf_log_frontend.o
 .bss.m_log_push_ringbuf_buf
                0x000000002000ad54       0x80 _build/nrf_log_frontend.o
 .bss.m_log_push_ringbuf_cb
                0x000000002000add4       0x18 _build/nrf_log_frontend.o
 .bss.m_clock_cb
                0x000000002000adec        0x8 _build/nrfx_clock.o
 .bss.m_cb      0x000000002000adf4       0x5c _build/nrfx_gpiote.o
 .bss.m_prs_box_4
                0x000000002000ae50        0x8 _build/nrfx_prs.o
 .bss.m_cb      0x000000002000ae58       0x18 _build/nrfx_pwm.o
 .bss.m_cb      0x000000002000ae70       0x30 _build/nrfx_saadc.o
 .bss.m_cb      0x000000002000aea0       0x24 _build/nrfx_spim.o
 .bss.m_cb      0x000000002000aec4       0x18 _build/nrfx_timer.o
 .bss.m_cb      0x000000002000aedc       0x34 _build/nrfx_twim.o
 .bss.m_conn_params_config
                0x000000002000af10       0x1c _build/ble_conn_params.o
 .bss.m_conn_params_instances
                0x000000002000af2c       0x14 _build/ble_conn_params.o
 .bss.m_preferred_conn_params
                0x000000002000af40        0x8 _build/ble_conn_params.o
 .bss.m_nrf_sdh_enabled
                0x000000002000af48        0x1 _build/nrf_sdh.o
 .bss.m_stack_is_enabled
                0x000000002000af49        0x1 _build/nrf_sdh_ble.o
 *fill*         0x000000002000af4a        0x2 
 .bss.m_advertising
                0x000000002000af4c      0x258 _build/simple_ble.o
 .bss.m_gatt    0x000000002000b1a4       0x14 _build/simple_ble.o
 .bss.m_qwr     0x000000002000b1b8        0xc _build/simple_ble.o
 .bss.scan_buffer
                0x000000002000b1c4       0x1f _build/simple_ble.o
 *fill*         0x000000002000b1e3        0x1 
 .bss.__malloc_current_mallinfo
                0x000000002000b1e4       0x28 /usr/local/Cellar/arm-none-eabi-gcc/8-2018-q4-major/gcc/bin/../lib/gcc/arm-none-eabi/8.2.1/../../../../arm-none-eabi/lib/thumb/v7e-m+fp/hard/libc.a(lib_a-mallocr.o)
                0x000000002000b1e4                __malloc_current_mallinfo
 .bss.__malloc_max_sbrked_mem
                0x000000002000b20c        0x4 /usr/local/Cellar/arm-none-eabi-gcc/8-2018-q4-major/gcc/bin/../lib/gcc/arm-none-eabi/8.2.1/../../../../arm-none-eabi/lib/thumb/v7e-m+fp/hard/libc.a(lib_a-mallocr.o)
                0x000000002000b20c                __malloc_max_sbrked_mem
 .bss.__malloc_max_total_mem
                0x000000002000b210        0x4 /usr/local/Cellar/arm-none-eabi-gcc/8-2018-q4-major/gcc/bin/../lib/gcc/arm-none-eabi/8.2.1/../../../../arm-none-eabi/lib/thumb/v7e-m+fp/hard/libc.a(lib_a-mallocr.o)
                0x000000002000b210                __malloc_max_total_mem
 .bss.__malloc_top_pad
                0x000000002000b214        0x4 /usr/local/Cellar/arm-none-eabi-gcc/8-2018-q4-major/gcc/bin/../lib/gcc/arm-none-eabi/8.2.1/../../../../arm-none-eabi/lib/thumb/v7e-m+fp/hard/libc.a(lib_a-mallocr.o)
                0x000000002000b214                __malloc_top_pad
 .bss.heap_end.5501
                0x000000002000b218        0x4 /usr/local/Cellar/arm-none-eabi-gcc/8-2018-q4-major/gcc/bin/../lib/gcc/arm-none-eabi/8.2.1/../../../../arm-none-eabi/lib/thumb/v7e-m+fp/hard/libnosys.a(sbrk.o)
 *(COMMON)
 COMMON         0x000000002000b21c       0x78 _build/SEGGER_RTT.o
                0x000000002000b21c                _SEGGER_RTT
 COMMON         0x000000002000b294        0xc _build/app_util_platform.o
                0x000000002000b294                nrf_nvic_state
 COMMON         0x000000002000b2a0        0x2 _build/simple_ble.o
                0x000000002000b2a0                app
 *fill*         0x000000002000b2a2        0x2 
 COMMON         0x000000002000b2a4       0x21 /usr/local/Cellar/arm-none-eabi-gcc/8-2018-q4-major/gcc/bin/../lib/gcc/arm-none-eabi/8.2.1/../../../../arm-none-eabi/lib/thumb/v7e-m+fp/hard/libc.a(lib_a-lock.o)
                0x000000002000b2a4                __lock___atexit_recursive_mutex
                0x000000002000b2a8                __lock___arc4random_mutex
                0x000000002000b2ac                __lock___env_recursive_mutex
                0x000000002000b2b0                __lock___sinit_recursive_mutex
                0x000000002000b2b4                __lock___malloc_recursive_mutex
                0x000000002000b2b8                __lock___at_quick_exit_mutex
                0x000000002000b2bc                __lock___dd_hash_mutex
                0x000000002000b2c0                __lock___tz_mutex
                0x000000002000b2c4                __lock___sfp_recursive_mutex
 *fill*         0x000000002000b2c5        0x3 
 COMMON         0x000000002000b2c8        0x4 /usr/local/Cellar/arm-none-eabi-gcc/8-2018-q4-major/gcc/bin/../lib/gcc/arm-none-eabi/8.2.1/../../../../arm-none-eabi/lib/thumb/v7e-m+fp/hard/libc.a(lib_a-reent.o)
                0x000000002000b2c8                errno
                0x000000002000b2cc                . = ALIGN (0x4)
                0x000000002000b2cc                __bss_end__ = .

.heap           0x000000002000b2d0     0x2000
                0x000000002000b2d0                __HeapBase = .
                0x000000002000b2d0                __end__ = .
                0x000000002000b2d0                PROVIDE (end = .)
 *(.heap*)
 .heap          0x000000002000b2d0     0x2000 _build/gcc_startup_nrf52.os
                0x000000002000d2d0                __HeapLimit = .

.stack_dummy    0x000000002000b2d0     0x2000
 *(.stack*)
 .stack         0x000000002000b2d0     0x2000 _build/gcc_startup_nrf52.os
                0x0000000020010000                __StackTop = (ORIGIN (RAM) + LENGTH (RAM))
                0x000000002000e000                __StackLimit = (__StackTop - SIZEOF (.stack_dummy))
                0x0000000020010000                PROVIDE (__stack = __StackTop)
                0x0000000000000001                ASSERT ((__StackLimit >= __HeapLimit), region RAM overflowed with stack)
                0x00000000000009d0                DataInitFlashUsed = (__bss_start__ - __data_start__)
                0x000000000000b004                CodeFlashUsed = (__etext - ORIGIN (FLASH))
                0x000000000000b9d4                TotalFlashUsed = (CodeFlashUsed + DataInitFlashUsed)
                0x0000000000000001                ASSERT ((TotalFlashUsed <= LENGTH (FLASH)), region FLASH overflowed with .data and user data)
OUTPUT(_build/blink_nrf_sdk15_s132.elf elf32-littlearm)

.ARM.attributes
                0x0000000000000000       0x30
 .ARM.attributes
                0x0000000000000000       0x1e /usr/local/Cellar/arm-none-eabi-gcc/8-2018-q4-major/gcc/bin/../lib/gcc/arm-none-eabi/8.2.1/thumb/v7e-m+fp/hard/crti.o
 .ARM.attributes
                0x000000000000001e       0x34 /usr/local/Cellar/arm-none-eabi-gcc/8-2018-q4-major/gcc/bin/../lib/gcc/arm-none-eabi/8.2.1/thumb/v7e-m+fp/hard/crtbegin.o
 .ARM.attributes
                0x0000000000000052       0x1c /usr/local/Cellar/arm-none-eabi-gcc/8-2018-q4-major/gcc/bin/../lib/gcc/arm-none-eabi/8.2.1/../../../../arm-none-eabi/lib/thumb/v7e-m+fp/hard/crt0.o
 .ARM.attributes
                0x000000000000006e       0x34 _build/main.o
 .ARM.attributes
                0x00000000000000a2       0x34 _build/kobukiUtilities.o
 .ARM.attributes