Archive member included to satisfy reference by file (symbol)

/usr/local/Cellar/arm-none-eabi-gcc/8-2018-q4-major/gcc/bin/../lib/gcc/arm-none-eabi/8.2.1/../../../../arm-none-eabi/lib/thumb/v7e-m+fp/hard/libc.a(lib_a-abs.o)
                              _build/kobukiActuator.o (abs)
/usr/local/Cellar/arm-none-eabi-gcc/8-2018-q4-major/gcc/bin/../lib/gcc/arm-none-eabi/8.2.1/../../../../arm-none-eabi/lib/thumb/v7e-m+fp/hard/libc.a(lib_a-ctype_.o)
                              _build/nrf_log_str_formatter.o (_ctype_)
/usr/local/Cellar/arm-none-eabi-gcc/8-2018-q4-major/gcc/bin/../lib/gcc/arm-none-eabi/8.2.1/../../../../arm-none-eabi/lib/thumb/v7e-m+fp/hard/libc.a(lib_a-exit.o)
                              /usr/local/Cellar/arm-none-eabi-gcc/8-2018-q4-major/gcc/bin/../lib/gcc/arm-none-eabi/8.2.1/../../../../arm-none-eabi/lib/thumb/v7e-m+fp/hard/crt0.o (exit)
/usr/local/Cellar/arm-none-eabi-gcc/8-2018-q4-major/gcc/bin/../lib/gcc/arm-none-eabi/8.2.1/../../../../arm-none-eabi/lib/thumb/v7e-m+fp/hard/libc.a(lib_a-impure.o)
                              /usr/local/Cellar/arm-none-eabi-gcc/8-2018-q4-major/gcc/bin/../lib/gcc/arm-none-eabi/8.2.1/../../../../arm-none-eabi/lib/thumb/v7e-m+fp/hard/libc.a(lib_a-exit.o) (_global_impure_ptr)
/usr/local/Cellar/arm-none-eabi-gcc/8-2018-q4-major/gcc/bin/../lib/gcc/arm-none-eabi/8.2.1/../../../../arm-none-eabi/lib/thumb/v7e-m+fp/hard/libc.a(lib_a-init.o)
                              /usr/local/Cellar/arm-none-eabi-gcc/8-2018-q4-major/gcc/bin/../lib/gcc/arm-none-eabi/8.2.1/../../../../arm-none-eabi/lib/thumb/v7e-m+fp/hard/crt0.o (__libc_init_array)
/usr/local/Cellar/arm-none-eabi-gcc/8-2018-q4-major/gcc/bin/../lib/gcc/arm-none-eabi/8.2.1/../../../../arm-none-eabi/lib/thumb/v7e-m+fp/hard/libc.a(lib_a-memcmp.o)
                              _build/nrf_twi_mngr.o (memcmp)
/usr/local/Cellar/arm-none-eabi-gcc/8-2018-q4-major/gcc/bin/../lib/gcc/arm-none-eabi/8.2.1/../../../../arm-none-eabi/lib/thumb/v7e-m+fp/hard/libc.a(lib_a-memcpy.o)
                              _build/main.o (memcpy)
/usr/local/Cellar/arm-none-eabi-gcc/8-2018-q4-major/gcc/bin/../lib/gcc/arm-none-eabi/8.2.1/../../../../arm-none-eabi/lib/thumb/v7e-m+fp/hard/libc.a(lib_a-memset.o)
                              /usr/local/Cellar/arm-none-eabi-gcc/8-2018-q4-major/gcc/bin/../lib/gcc/arm-none-eabi/8.2.1/../../../../arm-none-eabi/lib/thumb/v7e-m+fp/hard/crt0.o (memset)
/usr/local/Cellar/arm-none-eabi-gcc/8-2018-q4-major/gcc/bin/../lib/gcc/arm-none-eabi/8.2.1/../../../../arm-none-eabi/lib/thumb/v7e-m+fp/hard/libc.a(lib_a-printf.o)
                              _build/main.o (printf)
/usr/local/Cellar/arm-none-eabi-gcc/8-2018-q4-major/gcc/bin/../lib/gcc/arm-none-eabi/8.2.1/../../../../arm-none-eabi/lib/thumb/v7e-m+fp/hard/libc.a(lib_a-setbuf.o)
                              _build/before_startup.o (setbuf)
/usr/local/Cellar/arm-none-eabi-gcc/8-2018-q4-major/gcc/bin/../lib/gcc/arm-none-eabi/8.2.1/../../../../arm-none-eabi/lib/thumb/v7e-m+fp/hard/libc.a(lib_a-setvbuf.o)
                              /usr/local/Cellar/arm-none-eabi-gcc/8-2018-q4-major/gcc/bin/../lib/gcc/arm-none-eabi/8.2.1/../../../../arm-none-eabi/lib/thumb/v7e-m+fp/hard/libc.a(lib_a-setbuf.o) (setvbuf)
/usr/local/Cellar/arm-none-eabi-gcc/8-2018-q4-major/gcc/bin/../lib/gcc/arm-none-eabi/8.2.1/../../../../arm-none-eabi/lib/thumb/v7e-m+fp/hard/libc.a(lib_a-strcpy.o)
                              _build/SEGGER_RTT.o (strcpy)
/usr/local/Cellar/arm-none-eabi-gcc/8-2018-q4-major/gcc/bin/../lib/gcc/arm-none-eabi/8.2.1/../../../../arm-none-eabi/lib/thumb/v7e-m+fp/hard/libc.a(lib_a-strlen.o)
                              _build/main.o (strlen)
/usr/local/Cellar/arm-none-eabi-gcc/8-2018-q4-major/gcc/bin/../lib/gcc/arm-none-eabi/8.2.1/../../../../arm-none-eabi/lib/thumb/v7e-m+fp/hard/libc.a(lib_a-strtok.o)
                              _build/main.o (strtok)
/usr/local/Cellar/arm-none-eabi-gcc/8-2018-q4-major/gcc/bin/../lib/gcc/arm-none-eabi/8.2.1/../../../../arm-none-eabi/lib/thumb/v7e-m+fp/hard/libc.a(lib_a-strtok_r.o)
                              /usr/local/Cellar/arm-none-eabi-gcc/8-2018-q4-major/gcc/bin/../lib/gcc/arm-none-eabi/8.2.1/../../../../arm-none-eabi/lib/thumb/v7e-m+fp/hard/libc.a(lib_a-strtok.o) (__strtok_r)
/usr/local/Cellar/arm-none-eabi-gcc/8-2018-q4-major/gcc/bin/../lib/gcc/arm-none-eabi/8.2.1/../../../../arm-none-eabi/lib/thumb/v7e-m+fp/hard/libc.a(lib_a-vfprintf.o)
                              /usr/local/Cellar/arm-none-eabi-gcc/8-2018-q4-major/gcc/bin/../lib/gcc/arm-none-eabi/8.2.1/../../../../arm-none-eabi/lib/thumb/v7e-m+fp/hard/libc.a(lib_a-printf.o) (_vfprintf_r)
/usr/local/Cellar/arm-none-eabi-gcc/8-2018-q4-major/gcc/bin/../lib/gcc/arm-none-eabi/8.2.1/../../../../arm-none-eabi/lib/thumb/v7e-m+fp/hard/libc.a(lib_a-vsnprintf.o)
                              _build/simple_logger.o (vsnprintf)
[...]
Memory Configuration

Name             Origin             Length             Attributes
FLASH            0x0000000000026000 0x0000000000059000 xr
RAM              0x00000000200098a8 0x0000000000006758 xrw
bootloader_settings_page 0x000000000007f000 0x0000000000001000 r
uicr_bootloader_start_address 0x0000000010001014 0x0000000000000004 r
*default*        0x0000000000000000 0xffffffffffffffff

Linker script and memory map


.text           0x0000000000026000     0xbba8
 *(.isr_vector)
 .isr_vector    0x0000000000026000      0x200 _build/gcc_startup_nrf52.os
                0x0000000000026000                __isr_vector
 *(.text*)
 .text          0x0000000000026200       0x40 /usr/local/Cellar/arm-none-eabi-gcc/8-2018-q4-major/gcc/bin/../lib/gcc/arm-none-eabi/8.2.1/thumb/v7e-m+fp/hard/crtbegin.o
 .text          0x0000000000026240       0x74 /usr/local/Cellar/arm-none-eabi-gcc/8-2018-q4-major/gcc/bin/../lib/gcc/arm-none-eabi/8.2.1/../../../../arm-none-eabi/lib/thumb/v7e-m+fp/hard/crt0.o
                0x0000000000026240                _mainCRTStartup
                0x0000000000026240                _start
 .text.nrf_drv_uart_rx_enable.constprop.7
                0x00000000000262b4       0x28 _build/main.o
 .text.nrf_drv_uart_rx.constprop.8
                0x00000000000262dc       0x30 _build/main.o
 .text.is_GPGGA
                0x000000000002630c       0x3c _build/main.o
                0x000000000002630c                is_GPGGA
 .text.get_time
                0x0000000000026348       0x18 _build/main.o
                0x0000000000026348                get_time
 .text.get_north
                0x0000000000026360       0x28 _build/main.o
                0x0000000000026360                get_north
 .text.get_west
                0x0000000000026388       0x28 _build/main.o
                0x0000000000026388                get_west
 .text.startup.main
                0x00000000000263b0      0x154 _build/main.o
                0x00000000000263b0                main
 .text._GetAvailWriteSpace
                0x0000000000026504       0x1c _build/SEGGER_RTT.o
 .text._WriteNoCheck
                0x0000000000026520       0x34 _build/SEGGER_RTT.o
 .text._WriteBlocking
                0x0000000000026554       0x52 _build/SEGGER_RTT.o
 *fill*         0x00000000000265a6        0x2 
 .text._DoInit  0x00000000000265a8       0x60 _build/SEGGER_RTT.o
 .text.SEGGER_RTT_WriteNoLock
                0x0000000000026608       0x68 _build/SEGGER_RTT.o
                0x0000000000026608                SEGGER_RTT_WriteNoLock
 .text.SEGGER_RTT_Write
                0x0000000000026670       0x40 _build/SEGGER_RTT.o
                0x0000000000026670                SEGGER_RTT_Write
 .text.SEGGER_RTT_Init
                0x00000000000266b0        0x4 _build/SEGGER_RTT.o
                0x00000000000266b0                SEGGER_RTT_Init
 .text._write_r
                0x00000000000266b4       0x12 _build/SEGGER_RTT_Syscalls_GCC.o
                0x00000000000266b4                _write_r
 *fill*         0x00000000000266c6        0x2 
 .text.app_error_save_and_stop
                0x00000000000266c8       0x58 _build/app_error.o
                0x00000000000266c8                app_error_save_and_stop
 .text.app_error_handler
                0x0000000000026720       0x1a _build/app_error_handler_gcc.o
                0x0000000000026720                app_error_handler
 *fill*         0x000000000002673a        0x2 
 .text.user_op_alloc
                0x000000000002673c       0x2c _build/app_timer.o
 .text.timer_stop_op_schedule
                0x0000000000026768       0x50 _build/app_timer.o
 .text.nrfx_coredep_delay_us.part.0.constprop.4
                0x00000000000267b8       0x10 _build/app_timer.o
 .text.RTC1_IRQHandler
                0x00000000000267c8       0x9c _build/app_timer.o
                0x00000000000267c8                RTC1_IRQHandler
 .text.SWI0_EGU0_IRQHandler
                0x0000000000026864      0x2b0 _build/app_timer.o
                0x0000000000026864                SWI0_EGU0_IRQHandler
 .text.app_timer_start
                0x0000000000026b14       0x8c _build/app_timer.o
                0x0000000000026b14                app_timer_start
 .text.app_timer_stop
                0x0000000000026ba0       0x20 _build/app_timer.o
                0x0000000000026ba0                app_timer_stop
 .text.privilege_level_get
                0x0000000000026bc0       0x1a _build/app_util_platform.o
                0x0000000000026bc0                privilege_level_get
 *fill*         0x0000000000026bda        0x2 
 .text.app_util_critical_region_enter
                0x0000000000026bdc       0x60 _build/app_util_platform.o
                0x0000000000026bdc                app_util_critical_region_enter
 .text.app_util_critical_region_exit
                0x0000000000026c3c       0x40 _build/app_util_platform.o
                0x0000000000026c3c                app_util_critical_region_exit
 .text.startup.called_first
                0x0000000000026c7c       0x10 _build/before_startup.o
                0x0000000000026c7c                called_first
 .text.HardFault_Handler
                0x0000000000026c8c       0x34 _build/hardfault_handler_gcc.o
                0x0000000000026c8c                HardFault_Handler
 .text.HardFault_process
                0x0000000000026cc0       0x24 _build/hardfault_implementation.o
                0x0000000000026cc0                HardFault_process
 .text.HardFault_c_handler
                0x0000000000026ce4      0x104 _build/hardfault_implementation.o
                0x0000000000026ce4                HardFault_c_handler
 .text.nrf_atomic_u32_fetch_store
                0x0000000000026de8       0x14 _build/nrf_atomic.o
                0x0000000000026de8                nrf_atomic_u32_fetch_store
 .text.nrf_atomic_u32_or
                0x0000000000026dfc       0x16 _build/nrf_atomic.o
                0x0000000000026dfc                nrf_atomic_u32_or
 .text.nrf_atomic_u32_fetch_and
                0x0000000000026e12       0x16 _build/nrf_atomic.o
                0x0000000000026e12                nrf_atomic_u32_fetch_and
 .text.nrf_atomic_u32_add
                0x0000000000026e28       0x16 _build/nrf_atomic.o
                0x0000000000026e28                nrf_atomic_u32_add
 .text.nrf_atomic_u32_sub
                0x0000000000026e3e       0x16 _build/nrf_atomic.o
                0x0000000000026e3e                nrf_atomic_u32_sub
 .text.nrf_atomic_flag_set
                0x0000000000026e54        0x6 _build/nrf_atomic.o
                0x0000000000026e54                nrf_atomic_flag_set
 .text.nrf_atomic_flag_clear_fetch
                0x0000000000026e5a        0x6 _build/nrf_atomic.o
                0x0000000000026e5a                nrf_atomic_flag_clear_fetch
 .text.nrf_balloc_init
                0x0000000000026e60       0x7c _build/nrf_balloc.o
                0x0000000000026e60                nrf_balloc_init
 .text.nrf_balloc_alloc
                0x0000000000026edc       0x5c _build/nrf_balloc.o
                0x0000000000026edc                nrf_balloc_alloc
 .text.nrf_balloc_free
                0x0000000000026f38       0x50 _build/nrf_balloc.o
                0x0000000000026f38                nrf_balloc_free
 .text.clock_clk_started_notify
                0x0000000000026f88       0x24 _build/nrf_drv_clock.o
 .text.clock_irq_handler
                0x0000000000026fac       0x1c _build/nrf_drv_clock.o
 .text.soc_evt_handler
                0x0000000000026fc8       0x14 _build/nrf_drv_clock.o
 .text.nrf_drv_clock_init
                0x0000000000026fdc       0x38 _build/nrf_drv_clock.o
                0x0000000000026fdc                nrf_drv_clock_init
 .text.nrf_drv_clock_lfclk_release
                0x0000000000027014       0x64 _build/nrf_drv_clock.o
                0x0000000000027014                nrf_drv_clock_lfclk_release
 .text.sd_state_evt_handler
                0x0000000000027078       0x6c _build/nrf_drv_clock.o
 .text.uarte_evt_handler
                0x00000000000270e4       0x34 _build/nrf_drv_uart.o
 .text.uart_evt_handler
                0x0000000000027118       0x34 _build/nrf_drv_uart.o
 .text.nrf_drv_uart_init
                0x000000000002714c       0x7c _build/nrf_drv_uart.o
                0x000000000002714c                nrf_drv_uart_init
 .text.nrf_fprintf_buffer_flush
                0x00000000000271c8       0x24 _build/nrf_fprintf.o
                0x00000000000271c8                nrf_fprintf_buffer_flush
 .text.nrf_fprintf
                0x00000000000271ec       0x54 _build/nrf_fprintf.o
                0x00000000000271ec                nrf_fprintf
 .text.buffer_add
                0x0000000000027240       0x1e _build/nrf_fprintf_format.o
 *fill*         0x000000000002725e        0x2 
 .text.unsigned_print
                0x0000000000027260       0xb0 _build/nrf_fprintf_format.o
 .text.nrf_fprintf_fmt
                0x0000000000027310      0x2b4 _build/nrf_fprintf_format.o
                0x0000000000027310                nrf_fprintf_fmt
 .text.nrf_log_backend_rtt_flush
                0x00000000000275c4        0x2 _build/nrf_log_backend_rtt.o
 *fill*         0x00000000000275c6        0x2 
 .text.nrf_log_backend_rtt_put
                0x00000000000275c8       0x1c _build/nrf_log_backend_rtt.o
 .text.serial_tx
                0x00000000000275e4       0x50 _build/nrf_log_backend_rtt.o
 .text.nrf_log_backend_rtt_panic_set
                0x0000000000027634        0x2 _build/nrf_log_backend_rtt.o
 .text.nrf_log_backend_rtt_init
                0x0000000000027636        0x4 _build/nrf_log_backend_rtt.o
                0x0000000000027636                nrf_log_backend_rtt_init
 .text.nrf_log_backend_serial_put
                0x000000000002763a       0xc0 _build/nrf_log_backend_serial.o
                0x000000000002763a                nrf_log_backend_serial_put
 *fill*         0x00000000000276fa        0x2 
 .text.nrf_log_default_backends_init
                0x00000000000276fc       0x30 _build/nrf_log_default_backends.o
                0x00000000000276fc                nrf_log_default_backends_init
 .text.invalid_packets_omit
                0x000000000002772c       0x3a _build/nrf_log_frontend.o
 *fill*         0x0000000000027766        0x2 
 .text.buf_prealloc
                0x0000000000027768      0x14c _build/nrf_log_frontend.o
 .text.nrf_log_init
                0x00000000000278b4       0x3c _build/nrf_log_frontend.o
                0x00000000000278b4                nrf_log_init
 .text.nrf_log_module_name_get
                0x00000000000278f0       0x38 _build/nrf_log_frontend.o
                0x00000000000278f0                nrf_log_module_name_get
 .text.nrf_log_color_id_get
                0x0000000000027928       0x2c _build/nrf_log_frontend.o
                0x0000000000027928                nrf_log_color_id_get
 .text.buffer_is_empty
                0x0000000000027954       0x14 _build/nrf_log_frontend.o
                0x0000000000027954                buffer_is_empty
 .text.nrf_log_frontend_dequeue
                0x0000000000027968      0x224 _build/nrf_log_frontend.o
                0x0000000000027968                nrf_log_frontend_dequeue
 .text.std_n    0x0000000000027b8c       0xd4 _build/nrf_log_frontend.o
 .text.nrf_log_frontend_std_0
                0x0000000000027c60        0x8 _build/nrf_log_frontend.o
                0x0000000000027c60                nrf_log_frontend_std_0
 .text.nrf_log_frontend_std_1
                0x0000000000027c68       0x12 _build/nrf_log_frontend.o
                0x0000000000027c68                nrf_log_frontend_std_1
 .text.nrf_log_frontend_std_2
                0x0000000000027c7a       0x14 _build/nrf_log_frontend.o
                0x0000000000027c7a                nrf_log_frontend_std_2
 .text.nrf_log_frontend_std_3
                0x0000000000027c8e       0x18 _build/nrf_log_frontend.o
                0x0000000000027c8e                nrf_log_frontend_std_3
 .text.nrf_log_frontend_std_4
                0x0000000000027ca6       0x1c _build/nrf_log_frontend.o
                0x0000000000027ca6                nrf_log_frontend_std_4
 .text.nrf_log_frontend_std_5
                0x0000000000027cc2       0x20 _build/nrf_log_frontend.o
                0x0000000000027cc2                nrf_log_frontend_std_5
 *fill*         0x0000000000027ce2        0x2 
 .text.nrf_log_backend_add
                0x0000000000027ce4       0x54 _build/nrf_log_frontend.o
                0x0000000000027ce4                nrf_log_backend_add
 .text.nrf_log_panic
                0x0000000000027d38       0x2c _build/nrf_log_frontend.o
                0x0000000000027d38                nrf_log_panic
 .text.postfix_process
                0x0000000000027d64       0x3c _build/nrf_log_str_formatter.o
 .text.prefix_process
                0x0000000000027da0       0x78 _build/nrf_log_str_formatter.o
 .text.nrf_log_std_entry_process
                0x0000000000027e18       0xc8 _build/nrf_log_str_formatter.o
                0x0000000000027e18                nrf_log_std_entry_process
 .text.nrf_log_hexdump_entry_process
                0x0000000000027ee0       0xbc _build/nrf_log_str_formatter.o
                0x0000000000027ee0                nrf_log_hexdump_entry_process
 .text.memobj_op
                0x0000000000027f9c       0xa4 _build/nrf_memobj.o
 .text.nrf_memobj_pool_init
                0x0000000000028040        0x4 _build/nrf_memobj.o
                0x0000000000028040                nrf_memobj_pool_init
 .text.nrf_memobj_free
                0x0000000000028044       0x2c _build/nrf_memobj.o
                0x0000000000028044                nrf_memobj_free
 .text.nrf_memobj_alloc
                0x0000000000028070       0x5e _build/nrf_memobj.o
                0x0000000000028070                nrf_memobj_alloc
 .text.nrf_memobj_get
                0x00000000000280ce        0x8 _build/nrf_memobj.o
                0x00000000000280ce                nrf_memobj_get
 .text.nrf_memobj_put
                0x00000000000280d6       0x1e _build/nrf_memobj.o
                0x00000000000280d6                nrf_memobj_put
 .text.nrf_memobj_write
                0x00000000000280f4       0x28 _build/nrf_memobj.o
                0x00000000000280f4                nrf_memobj_write
 .text.nrf_memobj_read
                0x000000000002811c       0x28 _build/nrf_memobj.o
                0x000000000002811c                nrf_memobj_read
 .text.nrf_ringbuf_init
                0x0000000000028144       0x1c _build/nrf_ringbuf.o
                0x0000000000028144                nrf_ringbuf_init
 .text.nrf_section_iter_init
                0x0000000000028160       0x30 _build/nrf_section_iter.o
                0x0000000000028160                nrf_section_iter_init
 .text.nrf_section_iter_next
                0x0000000000028190       0x38 _build/nrf_section_iter.o
                0x0000000000028190                nrf_section_iter_next
 .text.nrf_strerror_find
                0x00000000000281c8       0x3c _build/nrf_strerror.o
                0x00000000000281c8                nrf_strerror_find
 .text.nrf_strerror_get
                0x0000000000028204       0x14 _build/nrf_strerror.o
                0x0000000000028204                nrf_strerror_get
 .text.nrfx_clock_init
                0x0000000000028218       0x28 _build/nrfx_clock.o
                0x0000000000028218                nrfx_clock_init
 .text.nrfx_clock_enable
                0x0000000000028240       0x3c _build/nrfx_clock.o
                0x0000000000028240                nrfx_clock_enable
 .text.nrfx_clock_lfclk_stop
                0x000000000002827c       0x30 _build/nrfx_clock.o
                0x000000000002827c                nrfx_clock_lfclk_stop
 .text.POWER_CLOCK_IRQHandler
                0x00000000000282ac       0x64 _build/nrfx_clock.o
                0x00000000000282ac                POWER_CLOCK_IRQHandler
 .text.nrf_gpiote_event_clear
                0x0000000000028310       0x18 _build/nrfx_gpiote.o
 .text.nrf_gpio_pin_port_decode.isra.0.part.1
                0x0000000000028328       0x10 _build/nrfx_gpiote.o
 .text.nrf_gpio_cfg_sense_set
                0x0000000000028338       0x2e _build/nrfx_gpiote.o
 *fill*         0x0000000000028366        0x2 
 .text.GPIOTE_IRQHandler
                0x0000000000028368      0x190 _build/nrfx_gpiote.o
                0x0000000000028368                GPIOTE_IRQHandler
 .text.UARTE0_UART0_IRQHandler
                0x00000000000284f8       0x20 _build/nrfx_prs.o
                0x00000000000284f8                UARTE0_UART0_IRQHandler
 .text.nrfx_prs_acquire
                0x0000000000028518       0x50 _build/nrfx_prs.o
                0x0000000000028518                nrfx_prs_acquire
 .text.nrf_pwm_event_clear
                0x0000000000028568       0x10 _build/nrfx_pwm.o
 .text.irq_handler
                0x0000000000028578       0x80 _build/nrfx_pwm.o
 .text.PWM0_IRQHandler
                0x00000000000285f8       0x10 _build/nrfx_pwm.o
                0x00000000000285f8                PWM0_IRQHandler
 .text.PWM1_IRQHandler
                0x0000000000028608       0x10 _build/nrfx_pwm.o
                0x0000000000028608                PWM1_IRQHandler
 .text.PWM2_IRQHandler
                0x0000000000028618       0x10 _build/nrfx_pwm.o
                0x0000000000028618                PWM2_IRQHandler
 .text.nrf_saadc_event_clear
                0x0000000000028628       0x18 _build/nrfx_saadc.o
 .text.SAADC_IRQHandler
                0x0000000000028640      0x16c _build/nrfx_saadc.o
                0x0000000000028640                SAADC_IRQHandler
 .text.nrf_gpio_pin_port_decode.isra.0.part.1
                0x00000000000287ac       0x10 _build/nrfx_spim.o
 .text.nrf_gpio_pin_clear
                0x00000000000287bc       0x1a _build/nrfx_spim.o
 .text.nrf_gpio_pin_set
                0x00000000000287d6       0x1a _build/nrfx_spim.o
 .text.SPIM1_SPIS1_TWIM1_TWIS1_SPI1_TWI1_IRQHandler
                0x00000000000287f0       0x64 _build/nrfx_spim.o
                0x00000000000287f0                SPIM1_SPIS1_TWIM1_TWIS1_SPI1_TWI1_IRQHandler
 .text.irq_handler.constprop.0
                0x0000000000028854       0x4c _build/nrfx_timer.o
 .text.TIMER0_IRQHandler
                0x00000000000288a0       0x10 _build/nrfx_timer.o
                0x00000000000288a0                TIMER0_IRQHandler
 .text.TIMER1_IRQHandler
                0x00000000000288b0       0x10 _build/nrfx_timer.o
                0x00000000000288b0                TIMER1_IRQHandler
 .text.nrf_twim_event_clear
                0x00000000000288c0       0x10 _build/nrfx_twim.o
 .text.SPIM0_SPIS0_TWIM0_TWIS0_SPI0_TWI0_IRQHandler
                0x00000000000288d0      0x158 _build/nrfx_twim.o
                0x00000000000288d0                SPIM0_SPIS0_TWIM0_TWIS0_SPI0_TWI0_IRQHandler
 .text.nrf_uart_event_clear
                0x0000000000028a28       0x10 _build/nrfx_uart.o
 .text.tx_byte  0x0000000000028a38       0x1e _build/nrfx_uart.o
 .text.rx_enable.isra.1
                0x0000000000028a56       0x20 _build/nrfx_uart.o
 .text.rx_byte  0x0000000000028a76       0x2c _build/nrfx_uart.o
 *fill*         0x0000000000028aa2        0x2 
 .text.nrf_gpio_pin_port_decode.isra.3.part.4
                0x0000000000028aa4       0x10 _build/nrfx_uart.o
 .text.rx_done_event.constprop.9
                0x0000000000028ab4       0x20 _build/nrfx_uart.o
 .text.nrfx_uart_0_irq_handler
                0x0000000000028ad4      0x140 _build/nrfx_uart.o
                0x0000000000028ad4                nrfx_uart_0_irq_handler
 .text.nrfx_uart_init
                0x0000000000028c14      0x208 _build/nrfx_uart.o
                0x0000000000028c14                nrfx_uart_init
 .text.nrfx_uart_rx
                0x0000000000028e1c      0x12c _build/nrfx_uart.o
                0x0000000000028e1c                nrfx_uart_rx
 .text.nrfx_uart_rx_enable
                0x0000000000028f48       0x2c _build/nrfx_uart.o
                0x0000000000028f48                nrfx_uart_rx_enable
 .text.nrf_uarte_event_clear
                0x0000000000028f74       0x10 _build/nrfx_uarte.o
 .text.nrf_gpio_pin_port_decode.isra.1.part.2
                0x0000000000028f84       0x10 _build/nrfx_uarte.o
 .text.rx_done_event.constprop.8
                0x0000000000028f94       0x20 _build/nrfx_uarte.o
 .text.nrfx_uarte_0_irq_handler
                0x0000000000028fb4       0xe8 _build/nrfx_uarte.o
                0x0000000000028fb4                nrfx_uarte_0_irq_handler
 .text.nrfx_uarte_init
                0x000000000002909c      0x218 _build/nrfx_uarte.o
                0x000000000002909c                nrfx_uarte_init
 .text.nrfx_uarte_rx
                0x00000000000292b4      0x130 _build/nrfx_uarte.o
                0x00000000000292b4                nrfx_uarte_rx
 .text.ble_advdata_search
                0x00000000000293e4       0x38 _build/ble_advdata.o
                0x00000000000293e4                ble_advdata_search
 .text.ble_advdata_parse
                0x000000000002941c       0x20 _build/ble_advdata.o
                0x000000000002941c                ble_advdata_parse
 .text.sd_ble_gap_adv_set_configure
                0x000000000002943c        0x4 _build/ble_advertising.o
 .text.sd_ble_gap_adv_start
                0x0000000000029440        0x4 _build/ble_advertising.o
 .text.flags_set
                0x0000000000029444       0x2c _build/ble_advertising.o
 .text.ble_advertising_start
                0x0000000000029470      0x21a _build/ble_advertising.o
                0x0000000000029470                ble_advertising_start
 .text.ble_advertising_on_ble_evt
                0x000000000002968a       0x6a _build/ble_advertising.o
                0x000000000002968a                ble_advertising_on_ble_evt
 .text.ble_advertising_on_sys_evt
                0x00000000000296f4        0x2 _build/ble_advertising.o
                0x00000000000296f4                ble_advertising_on_sys_evt
 *fill*         0x00000000000296f6        0x2 
 .text.instance_get
                0x00000000000296f8       0x14 _build/ble_conn_params.o
 .text.send_error_evt
                0x000000000002970c       0x10 _build/ble_conn_params.o
 .text.conn_params_negotiation
                0x000000000002971c       0x48 _build/ble_conn_params.o
 .text.is_conn_params_ok.constprop.3
                0x0000000000029764       0x34 _build/ble_conn_params.o
 .text.ble_evt_handler
                0x0000000000029798       0xe0 _build/ble_conn_params.o
 .text.ble_srv_is_notification_enabled
                0x0000000000029878        0x8 _build/ble_srv_common.o
                0x0000000000029878                ble_srv_is_notification_enabled
 .text.sd_ble_gap_data_length_update
                0x0000000000029880        0x4 _build/nrf_ble_gatt.o
 .text.sd_ble_gattc_exchange_mtu_request
                0x0000000000029884        0x4 _build/nrf_ble_gatt.o
 .text.sd_ble_gatts_exchange_mtu_reply
                0x0000000000029888        0x4 _build/nrf_ble_gatt.o
 .text.data_length_update
                0x000000000002988c       0x80 _build/nrf_ble_gatt.o
 .text.nrf_ble_gatt_on_ble_evt
                0x000000000002990c      0x198 _build/nrf_ble_gatt.o
                0x000000000002990c                nrf_ble_gatt_on_ble_evt
 .text.sd_ble_gatts_rw_authorize_reply
                0x0000000000029aa4        0x4 _build/nrf_ble_qwr.o
 .text.sd_ble_user_mem_reply
                0x0000000000029aa8        0x4 _build/nrf_ble_qwr.o
 .text.user_mem_reply.part.0
                0x0000000000029aac       0x24 _build/nrf_ble_qwr.o
 .text.nrf_ble_qwr_conn_handle_assign
                0x0000000000029ad0       0x16 _build/nrf_ble_qwr.o
                0x0000000000029ad0                nrf_ble_qwr_conn_handle_assign
 .text.nrf_ble_qwr_on_ble_evt
                0x0000000000029ae6       0xa0 _build/nrf_ble_qwr.o
                0x0000000000029ae6                nrf_ble_qwr_on_ble_evt
 *fill*         0x0000000000029b86        0x2 
 .text.nrf_sdh_is_enabled
                0x0000000000029b88        0xc _build/nrf_sdh.o
                0x0000000000029b88                nrf_sdh_is_enabled
 .text.nrf_sdh_evts_poll
                0x0000000000029b94       0x28 _build/nrf_sdh.o
                0x0000000000029b94                nrf_sdh_evts_poll
 .text.SWI2_EGU2_IRQHandler
                0x0000000000029bbc        0x4 _build/nrf_sdh.o
                0x0000000000029bbc                SWI2_EGU2_IRQHandler
 .text.sd_ble_evt_get
                0x0000000000029bc0        0x4 _build/nrf_sdh_ble.o
 .text.nrf_sdh_ble_evts_poll.part.0
                0x0000000000029bc4       0x58 _build/nrf_sdh_ble.o
 .text.nrf_sdh_ble_evts_poll
                0x0000000000029c1c       0x10 _build/nrf_sdh_ble.o
 .text.sd_ble_gap_disconnect
                0x0000000000029c2c        0x4 _build/simple_ble.o
 .text.sd_ble_gap_sec_params_reply
                0x0000000000029c30        0x4 _build/simple_ble.o
 .text.sd_ble_gap_sec_info_reply
                0x0000000000029c34        0x4 _build/simple_ble.o
 .text.sd_ble_gap_scan_start
                0x0000000000029c38        0x4 _build/simple_ble.o
 .text.sd_ble_gap_phy_update
                0x0000000000029c3c        0x4 _build/simple_ble.o
 .text.sd_ble_gatts_sys_attr_set
                0x0000000000029c40        0x4 _build/simple_ble.o
 .text.sd_power_system_off
                0x0000000000029c44        0x4 _build/simple_ble.o
 .text.on_ble_evt
                0x0000000000029c48      0x1d0 _build/simple_ble.o
 .text.assert_nrf_callback
                0x0000000000029e18       0x20 _build/simple_ble.o
                0x0000000000029e18                assert_nrf_callback
 .text.errata_12
                0x0000000000029e38       0x40 _build/system_nrf52.o
 .text.errata_16
                0x0000000000029e78       0x34 _build/system_nrf52.o
 .text.SystemInit
                0x0000000000029eac      0x25c _build/system_nrf52.o
                0x0000000000029eac                SystemInit
 .text.app_error_fault_handler
                0x000000000002a108       0xcc _build/app_error_weak.o
                0x000000000002a108                app_error_fault_handler
 .text          0x000000000002a1d4       0x3c _build/gcc_startup_nrf52.os
                0x000000000002a1d4                Reset_Handler
                0x000000000002a1fc                NMI_Handler
                0x000000000002a200                MemoryManagement_Handler
                0x000000000002a202                BusFault_Handler
                0x000000000002a204                UsageFault_Handler
                0x000000000002a206                SVC_Handler
                0x000000000002a208                DebugMon_Handler
                0x000000000002a20a                PendSV_Handler
                0x000000000002a20c                SysTick_Handler
                0x000000000002a20e                I2S_IRQHandler
                0x000000000002a20e                SWI4_EGU4_IRQHandler
                0x000000000002a20e                ECB_IRQHandler
                0x000000000002a20e                Default_Handler
                0x000000000002a20e                CCM_AAR_IRQHandler
                0x000000000002a20e                WDT_IRQHandler
                0x000000000002a20e                SWI5_EGU5_IRQHandler
                0x000000000002a20e                RNG_IRQHandler
                0x000000000002a20e                RTC2_IRQHandler
                0x000000000002a20e                SWI3_EGU3_IRQHandler
                0x000000000002a20e                SWI1_EGU1_IRQHandler
                0x000000000002a20e                SPIM2_SPIS2_SPI2_IRQHandler
                0x000000000002a20e                NFCT_IRQHandler
                0x000000000002a20e                MWU_IRQHandler
                0x000000000002a20e                TIMER2_IRQHandler
                0x000000000002a20e                COMP_LPCOMP_IRQHandler
                0x000000000002a20e                RTC0_IRQHandler
                0x000000000002a20e                RADIO_IRQHandler
                0x000000000002a20e                PDM_IRQHandler
                0x000000000002a20e                TEMP_IRQHandler
                0x000000000002a20e                QDEC_IRQHandler
                0x000000000002a20e                TIMER3_IRQHandler
                0x000000000002a20e                FPU_IRQHandler
                0x000000000002a20e                TIMER4_IRQHandler
 .text.exit     0x000000000002a210       0x20 /usr/local/Cellar/arm-none-eabi-gcc/8-2018-q4-major/gcc/bin/../lib/gcc/arm-none-eabi/8.2.1/../../../../arm-none-eabi/lib/thumb/v7e-m+fp/hard/libc.a(lib_a-exit.o)
                0x000000000002a210                exit
 .text.__libc_init_array
                0x000000000002a230       0x48 /usr/local/Cellar/arm-none-eabi-gcc/8-2018-q4-major/gcc/bin/../lib/gcc/arm-none-eabi/8.2.1/../../../../arm-none-eabi/lib/thumb/v7e-m+fp/hard/libc.a(lib_a-init.o)
                0x000000000002a230                __libc_init_array
 .text          0x000000000002a278      0x134 /usr/local/Cellar/arm-none-eabi-gcc/8-2018-q4-major/gcc/bin/../lib/gcc/arm-none-eabi/8.2.1/../../../../arm-none-eabi/lib/thumb/v7e-m+fp/hard/libc.a(lib_a-memcpy.o)
                0x000000000002a278                memcpy
 .text.memset   0x000000000002a3ac       0xa0 /usr/local/Cellar/arm-none-eabi-gcc/8-2018-q4-major/gcc/bin/../lib/gcc/arm-none-eabi/8.2.1/../../../../arm-none-eabi/lib/thumb/v7e-m+fp/hard/libc.a(lib_a-memset.o)
                0x000000000002a3ac                memset
 .text.printf   0x000000000002a44c       0x28 /usr/local/Cellar/arm-none-eabi-gcc/8-2018-q4-major/gcc/bin/../lib/gcc/arm-none-eabi/8.2.1/../../../../arm-none-eabi/lib/thumb/v7e-m+fp/hard/libc.a(lib_a-printf.o)
                0x000000000002a44c                printf
 .text.setbuf   0x000000000002a474       0x10 /usr/local/Cellar/arm-none-eabi-gcc/8-2018-q4-major/gcc/bin/../lib/gcc/arm-none-eabi/8.2.1/../../../../arm-none-eabi/lib/thumb/v7e-m+fp/hard/libc.a(lib_a-setbuf.o)
                0x000000000002a474                setbuf
 .text.setvbuf  0x000000000002a484      0x190 /usr/local/Cellar/arm-none-eabi-gcc/8-2018-q4-major/gcc/bin/../lib/gcc/arm-none-eabi/8.2.1/../../../../arm-none-eabi/lib/thumb/v7e-m+fp/hard/libc.a(lib_a-setvbuf.o)
                0x000000000002a484                setvbuf
 .text.strcpy   0x000000000002a614       0xbc /usr/local/Cellar/arm-none-eabi-gcc/8-2018-q4-major/gcc/bin/../lib/gcc/arm-none-eabi/8.2.1/../../../../arm-none-eabi/lib/thumb/v7e-m+fp/hard/libc.a(lib_a-strcpy.o)
                0x000000000002a614                strcpy
 *fill*         0x000000000002a6d0       0x30 
 .text          0x000000000002a700       0xdc /usr/local/Cellar/arm-none-eabi-gcc/8-2018-q4-major/gcc/bin/../lib/gcc/arm-none-eabi/8.2.1/../../../../arm-none-eabi/lib/thumb/v7e-m+fp/hard/libc.a(lib_a-strlen.o)
                0x000000000002a700                strlen
 .text.strtok   0x000000000002a7dc       0x10 /usr/local/Cellar/arm-none-eabi-gcc/8-2018-q4-major/gcc/bin/../lib/gcc/arm-none-eabi/8.2.1/../../../../arm-none-eabi/lib/thumb/v7e-m+fp/hard/libc.a(lib_a-strtok.o)
                0x000000000002a7dc                strtok
 .text.__strtok_r
                0x000000000002a7ec       0x68 /usr/local/Cellar/arm-none-eabi-gcc/8-2018-q4-major/gcc/bin/../lib/gcc/arm-none-eabi/8.2.1/../../../../arm-none-eabi/lib/thumb/v7e-m+fp/hard/libc.a(lib_a-strtok_r.o)
                0x000000000002a7ec                __strtok_r
 *fill*         0x000000000002a854        0x4 
 .text._vfprintf_r
                0x000000000002a858     0x1b54 /usr/local/Cellar/arm-none-eabi-gcc/8-2018-q4-major/gcc/bin/../lib/gcc/arm-none-eabi/8.2.1/../../../../arm-none-eabi/lib/thumb/v7e-m+fp/hard/libc.a(lib_a-vfprintf.o)
                0x000000000002a858                _vfprintf_r
 .text.__sbprintf
                0x000000000002c3ac       0x84 /usr/local/Cellar/arm-none-eabi-gcc/8-2018-q4-major/gcc/bin/../lib/gcc/arm-none-eabi/8.2.1/../../../../arm-none-eabi/lib/thumb/v7e-m+fp/hard/libc.a(lib_a-vfprintf.o)
 .text.__swsetup_r
                0x000000000002c430       0xd0 /usr/local/Cellar/arm-none-eabi-gcc/8-2018-q4-major/gcc/bin/../lib/gcc/arm-none-eabi/8.2.1/../../../../arm-none-eabi/lib/thumb/v7e-m+fp/hard/libc.a(lib_a-wsetup.o)
                0x000000000002c430                __swsetup_r
 .text.startup.register_fini
                0x000000000002c500       0x14 /usr/local/Cellar/arm-none-eabi-gcc/8-2018-q4-major/gcc/bin/../lib/gcc/arm-none-eabi/8.2.1/../../../../arm-none-eabi/lib/thumb/v7e-m+fp/hard/libc.a(lib_a-__call_atexit.o)
 .text.__call_exitprocs
                0x000000000002c514       0xb0 /usr/local/Cellar/arm-none-eabi-gcc/8-2018-q4-major/gcc/bin/../lib/gcc/arm-none-eabi/8.2.1/../../../../arm-none-eabi/lib/thumb/v7e-m+fp/hard/libc.a(lib_a-__call_atexit.o)
                0x000000000002c514                __call_exitprocs
 .text.atexit   0x000000000002c5c4        0xc /usr/local/Cellar/arm-none-eabi-gcc/8-2018-q4-major/gcc/bin/../lib/gcc/arm-none-eabi/8.2.1/../../../../arm-none-eabi/lib/thumb/v7e-m+fp/hard/libc.a(lib_a-atexit.o)
                0x000000000002c5c4                atexit
 .text.quorem   0x000000000002c5d0      0x124 /usr/local/Cellar/arm-none-eabi-gcc/8-2018-q4-major/gcc/bin/../lib/gcc/arm-none-eabi/8.2.1/../../../../arm-none-eabi/lib/thumb/v7e-m+fp/hard/libc.a(lib_a-dtoa.o)
 *fill*         0x000000000002c6f4        0x4 
 .text._dtoa_r  0x000000000002c6f8      0xe54 /usr/local/Cellar/arm-none-eabi-gcc/8-2018-q4-major/gcc/bin/../lib/gcc/arm-none-eabi/8.2.1/../../../../arm-none-eabi/lib/thumb/v7e-m+fp/hard/libc.a(lib_a-dtoa.o)
                0x000000000002c6f8                _dtoa_r
 .text.__sflush_r
                0x000000000002d54c      0x14c /usr/local/Cellar/arm-none-eabi-gcc/8-2018-q4-major/gcc/bin/../lib/gcc/arm-none-eabi/8.2.1/../../../../arm-none-eabi/lib/thumb/v7e-m+fp/hard/libc.a(lib_a-fflush.o)
                0x000000000002d54c                __sflush_r
 .text._fflush_r
                0x000000000002d698       0x5c /usr/local/Cellar/arm-none-eabi-gcc/8-2018-q4-major/gcc/bin/../lib/gcc/arm-none-eabi/8.2.1/../../../../arm-none-eabi/lib/thumb/v7e-m+fp/hard/libc.a(lib_a-fflush.o)
                0x000000000002d698                _fflush_r
 .text.std      0x000000000002d6f4       0x50 /usr/local/Cellar/arm-none-eabi-gcc/8-2018-q4-major/gcc/bin/../lib/gcc/arm-none-eabi/8.2.1/../../../../arm-none-eabi/lib/thumb/v7e-m+fp/hard/libc.a(lib_a-findfp.o)
 .text._cleanup_r
                0x000000000002d744        0xc /usr/local/Cellar/arm-none-eabi-gcc/8-2018-q4-major/gcc/bin/../lib/gcc/arm-none-eabi/8.2.1/../../../../arm-none-eabi/lib/thumb/v7e-m+fp/hard/libc.a(lib_a-findfp.o)
                0x000000000002d744                _cleanup_r
 .text.__sinit  0x000000000002d750       0x54 /usr/local/Cellar/arm-none-eabi-gcc/8-2018-q4-major/gcc/bin/../lib/gcc/arm-none-eabi/8.2.1/../../../../arm-none-eabi/lib/thumb/v7e-m+fp/hard/libc.a(lib_a-findfp.o)
                0x000000000002d750                __sinit
 .text.__sfp_lock_acquire
                0x000000000002d7a4        0xc /usr/local/Cellar/arm-none-eabi-gcc/8-2018-q4-major/gcc/bin/../lib/gcc/arm-none-eabi/8.2.1/../../../../arm-none-eabi/lib/thumb/v7e-m+fp/hard/libc.a(lib_a-findfp.o)
                0x000000000002d7a4                __sfp_lock_acquire
 .text.__sfp_lock_release
                0x000000000002d7b0        0xc /usr/local/Cellar/arm-none-eabi-gcc/8-2018-q4-major/gcc/bin/../lib/gcc/arm-none-eabi/8.2.1/../../../../arm-none-eabi/lib/thumb/v7e-m+fp/hard/libc.a(lib_a-findfp.o)
                0x000000000002d7b0                __sfp_lock_release
 .text.__libc_fini_array
                0x000000000002d7bc       0x34 /usr/local/Cellar/arm-none-eabi-gcc/8-2018-q4-major/gcc/bin/../lib/gcc/arm-none-eabi/8.2.1/../../../../arm-none-eabi/lib/thumb/v7e-m+fp/hard/libc.a(lib_a-fini.o)
                0x000000000002d7bc                __libc_fini_array
 .text._malloc_trim_r
                0x000000000002d7f0       0xa0 /usr/local/Cellar/arm-none-eabi-gcc/8-2018-q4-major/gcc/bin/../lib/gcc/arm-none-eabi/8.2.1/../../../../arm-none-eabi/lib/thumb/v7e-m+fp/hard/libc.a(lib_a-freer.o)
                0x000000000002d7f0                _malloc_trim_r
 .text._free_r  0x000000000002d890      0x1ec /usr/local/Cellar/arm-none-eabi-gcc/8-2018-q4-major/gcc/bin/../lib/gcc/arm-none-eabi/8.2.1/../../../../arm-none-eabi/lib/thumb/v7e-m+fp/hard/libc.a(lib_a-freer.o)
                0x000000000002d890                _free_r
 .text._fwalk_reent
                0x000000000002da7c       0x54 /usr/local/Cellar/arm-none-eabi-gcc/8-2018-q4-major/gcc/bin/../lib/gcc/arm-none-eabi/8.2.1/../../../../arm-none-eabi/lib/thumb/v7e-m+fp/hard/libc.a(lib_a-fwalk.o)
                0x000000000002da7c                _fwalk_reent
 .text._localeconv_r
                0x000000000002dad0        0x8 /usr/local/Cellar/arm-none-eabi-gcc/8-2018-q4-major/gcc/bin/../lib/gcc/arm-none-eabi/8.2.1/../../../../arm-none-eabi/lib/thumb/v7e-m+fp/hard/libc.a(lib_a-localeconv.o)
                0x000000000002dad0                _localeconv_r
 .text.__retarget_lock_init_recursive
                0x000000000002dad8        0x4 /usr/local/Cellar/arm-none-eabi-gcc/8-2018-q4-major/gcc/bin/../lib/gcc/arm-none-eabi/8.2.1/../../../../arm-none-eabi/lib/thumb/v7e-m+fp/hard/libc.a(lib_a-lock.o)
                0x000000000002dad8                __retarget_lock_init_recursive
 .text.__retarget_lock_close_recursive
                0x000000000002dadc        0x4 /usr/local/Cellar/arm-none-eabi-gcc/8-2018-q4-major/gcc/bin/../lib/gcc/arm-none-eabi/8.2.1/../../../../arm-none-eabi/lib/thumb/v7e-m+fp/hard/libc.a(lib_a-lock.o)
                0x000000000002dadc                __retarget_lock_close_recursive
 .text.__retarget_lock_acquire_recursive
                0x000000000002dae0        0x4 /usr/local/Cellar/arm-none-eabi-gcc/8-2018-q4-major/gcc/bin/../lib/gcc/arm-none-eabi/8.2.1/../../../../arm-none-eabi/lib/thumb/v7e-m+fp/hard/libc.a(lib_a-lock.o)
                0x000000000002dae0                __retarget_lock_acquire_recursive
 .text.__retarget_lock_release_recursive
                0x000000000002dae4        0x4 /usr/local/Cellar/arm-none-eabi-gcc/8-2018-q4-major/gcc/bin/../lib/gcc/arm-none-eabi/8.2.1/../../../../arm-none-eabi/lib/thumb/v7e-m+fp/hard/libc.a(lib_a-lock.o)
                0x000000000002dae4                __retarget_lock_release_recursive
 .text.__swhatbuf_r
                0x000000000002dae8       0x5c /usr/local/Cellar/arm-none-eabi-gcc/8-2018-q4-major/gcc/bin/../lib/gcc/arm-none-eabi/8.2.1/../../../../arm-none-eabi/lib/thumb/v7e-m+fp/hard/libc.a(lib_a-makebuf.o)
                0x000000000002dae8                __swhatbuf_r
 .text.__smakebuf_r
                0x000000000002db44       0x94 /usr/local/Cellar/arm-none-eabi-gcc/8-2018-q4-major/gcc/bin/../lib/gcc/arm-none-eabi/8.2.1/../../../../arm-none-eabi/lib/thumb/v7e-m+fp/hard/libc.a(lib_a-makebuf.o)
                0x000000000002db44                __smakebuf_r
 .text.malloc   0x000000000002dbd8       0x10 /usr/local/Cellar/arm-none-eabi-gcc/8-2018-q4-major/gcc/bin/../lib/gcc/arm-none-eabi/8.2.1/../../../../arm-none-eabi/lib/thumb/v7e-m+fp/hard/libc.a(lib_a-malloc.o)
                0x000000000002dbd8                malloc
 .text._malloc_r
                0x000000000002dbe8      0x570 /usr/local/Cellar/arm-none-eabi-gcc/8-2018-q4-major/gcc/bin/../lib/gcc/arm-none-eabi/8.2.1/../../../../arm-none-eabi/lib/thumb/v7e-m+fp/hard/libc.a(lib_a-mallocr.o)
                0x000000000002dbe8                _malloc_r
 *fill*         0x000000000002e158        0x8 
 .text          0x000000000002e160       0xa0 /usr/local/Cellar/arm-none-eabi-gcc/8-2018-q4-major/gcc/bin/../lib/gcc/arm-none-eabi/8.2.1/../../../../arm-none-eabi/lib/thumb/v7e-m+fp/hard/libc.a(lib_a-memchr.o)
                0x000000000002e160                memchr
 .text.__malloc_lock
                0x000000000002e200        0xc /usr/local/Cellar/arm-none-eabi-gcc/8-2018-q4-major/gcc/bin/../lib/gcc/arm-none-eabi/8.2.1/../../../../arm-none-eabi/lib/thumb/v7e-m+fp/hard/libc.a(lib_a-mlock.o)
                0x000000000002e200                __malloc_lock
 .text.__malloc_unlock
                0x000000000002e20c        0xc /usr/local/Cellar/arm-none-eabi-gcc/8-2018-q4-major/gcc/bin/../lib/gcc/arm-none-eabi/8.2.1/../../../../arm-none-eabi/lib/thumb/v7e-m+fp/hard/libc.a(lib_a-mlock.o)
                0x000000000002e20c                __malloc_unlock
 .text._Balloc  0x000000000002e218       0x4c /usr/local/Cellar/arm-none-eabi-gcc/8-2018-q4-major/gcc/bin/../lib/gcc/arm-none-eabi/8.2.1/../../../../arm-none-eabi/lib/thumb/v7e-m+fp/hard/libc.a(lib_a-mprec.o)
                0x000000000002e218                _Balloc
 .text._Bfree   0x000000000002e264       0x14 /usr/local/Cellar/arm-none-eabi-gcc/8-2018-q4-major/gcc/bin/../lib/gcc/arm-none-eabi/8.2.1/../../../../arm-none-eabi/lib/thumb/v7e-m+fp/hard/libc.a(lib_a-mprec.o)
                0x000000000002e264                _Bfree
 .text.__multadd
                0x000000000002e278       0x8c /usr/local/Cellar/arm-none-eabi-gcc/8-2018-q4-major/gcc/bin/../lib/gcc/arm-none-eabi/8.2.1/../../../../arm-none-eabi/lib/thumb/v7e-m+fp/hard/libc.a(lib_a-mprec.o)
                0x000000000002e278                __multadd
 .text.__hi0bits
                0x000000000002e304       0x40 /usr/local/Cellar/arm-none-eabi-gcc/8-2018-q4-major/gcc/bin/../lib/gcc/arm-none-eabi/8.2.1/../../../../arm-none-eabi/lib/thumb/v7e-m+fp/hard/libc.a(lib_a-mprec.o)
                0x000000000002e304                __hi0bits
 .text.__lo0bits
                0x000000000002e344       0x60 /usr/local/Cellar/arm-none-eabi-gcc/8-2018-q4-major/gcc/bin/../lib/gcc/arm-none-eabi/8.2.1/../../../../arm-none-eabi/lib/thumb/v7e-m+fp/hard/libc.a(lib_a-mprec.o)
                0x000000000002e344                __lo0bits
 .text.__i2b    0x000000000002e3a4       0x14 /usr/local/Cellar/arm-none-eabi-gcc/8-2018-q4-major/gcc/bin/../lib/gcc/arm-none-eabi/8.2.1/../../../../arm-none-eabi/lib/thumb/v7e-m+fp/hard/libc.a(lib_a-mprec.o)
                0x000000000002e3a4                __i2b
 .text.__multiply
                0x000000000002e3b8      0x130 /usr/local/Cellar/arm-none-eabi-gcc/8-2018-q4-major/gcc/bin/../lib/gcc/arm-none-eabi/8.2.1/../../../../arm-none-eabi/lib/thumb/v7e-m+fp/hard/libc.a(lib_a-mprec.o)
                0x000000000002e3b8                __multiply
 .text.__pow5mult
                0x000000000002e4e8       0xa0 /usr/local/Cellar/arm-none-eabi-gcc/8-2018-q4-major/gcc/bin/../lib/gcc/arm-none-eabi/8.2.1/../../../../arm-none-eabi/lib/thumb/v7e-m+fp/hard/libc.a(lib_a-mprec.o)
                0x000000000002e4e8                __pow5mult
 .text.__lshift
                0x000000000002e588       0xb4 /usr/local/Cellar/arm-none-eabi-gcc/8-2018-q4-major/gcc/bin/../lib/gcc/arm-none-eabi/8.2.1/../../../../arm-none-eabi/lib/thumb/v7e-m+fp/hard/libc.a(lib_a-mprec.o)
                0x000000000002e588                __lshift
 .text.__mcmp   0x000000000002e63c       0x38 /usr/local/Cellar/arm-none-eabi-gcc/8-2018-q4-major/gcc/bin/../lib/gcc/arm-none-eabi/8.2.1/../../../../arm-none-eabi/lib/thumb/v7e-m+fp/hard/libc.a(lib_a-mprec.o)
                0x000000000002e63c                __mcmp
 .text.__mdiff  0x000000000002e674       0xf8 /usr/local/Cellar/arm-none-eabi-gcc/8-2018-q4-major/gcc/bin/../lib/gcc/arm-none-eabi/8.2.1/../../../../arm-none-eabi/lib/thumb/v7e-m+fp/hard/libc.a(lib_a-mprec.o)
                0x000000000002e674                __mdiff
 .text.__d2b    0x000000000002e76c       0xc0 /usr/local/Cellar/arm-none-eabi-gcc/8-2018-q4-major/gcc/bin/../lib/gcc/arm-none-eabi/8.2.1/../../../../arm-none-eabi/lib/thumb/v7e-m+fp/hard/libc.a(lib_a-mprec.o)
                0x000000000002e76c                __d2b
 .text.frexp    0x000000000002e82c       0x6c /usr/local/Cellar/arm-none-eabi-gcc/8-2018-q4-major/gcc/bin/../lib/gcc/arm-none-eabi/8.2.1/../../../../arm-none-eabi/lib/thumb/v7e-m+fp/hard/libc.a(lib_a-s_frexp.o)
                0x000000000002e82c                frexp
 .text._sbrk_r  0x000000000002e898       0x24 /usr/local/Cellar/arm-none-eabi-gcc/8-2018-q4-major/gcc/bin/../lib/gcc/arm-none-eabi/8.2.1/../../../../arm-none-eabi/lib/thumb/v7e-m+fp/hard/libc.a(lib_a-sbrkr.o)
                0x000000000002e898                _sbrk_r
 .text.__sread  0x000000000002e8bc       0x24 /usr/local/Cellar/arm-none-eabi-gcc/8-2018-q4-major/gcc/bin/../lib/gcc/arm-none-eabi/8.2.1/../../../../arm-none-eabi/lib/thumb/v7e-m+fp/hard/libc.a(lib_a-stdio.o)
                0x000000000002e8bc                __sread
 .text.__swrite
                0x000000000002e8e0       0x40 /usr/local/Cellar/arm-none-eabi-gcc/8-2018-q4-major/gcc/bin/../lib/gcc/arm-none-eabi/8.2.1/../../../../arm-none-eabi/lib/thumb/v7e-m+fp/hard/libc.a(lib_a-stdio.o)
                0x000000000002e8e0                __swrite
 .text.__sseek  0x000000000002e920       0x20 /usr/local/Cellar/arm-none-eabi-gcc/8-2018-q4-major/gcc/bin/../lib/gcc/arm-none-eabi/8.2.1/../../../../arm-none-eabi/lib/thumb/v7e-m+fp/hard/libc.a(lib_a-stdio.o)
                0x000000000002e920                __sseek
 .text.__sclose
                0x000000000002e940        0x8 /usr/local/Cellar/arm-none-eabi-gcc/8-2018-q4-major/gcc/bin/../lib/gcc/arm-none-eabi/8.2.1/../../../../arm-none-eabi/lib/thumb/v7e-m+fp/hard/libc.a(lib_a-stdio.o)
                0x000000000002e940                __sclose
 .text.strncpy  0x000000000002e948       0x74 /usr/local/Cellar/arm-none-eabi-gcc/8-2018-q4-major/gcc/bin/../lib/gcc/arm-none-eabi/8.2.1/../../../../arm-none-eabi/lib/thumb/v7e-m+fp/hard/libc.a(lib_a-strncpy.o)
                0x000000000002e948                strncpy
 .text.__sprint_r.part.0
                0x000000000002e9bc       0x78 /usr/local/Cellar/arm-none-eabi-gcc/8-2018-q4-major/gcc/bin/../lib/gcc/arm-none-eabi/8.2.1/../../../../arm-none-eabi/lib/thumb/v7e-m+fp/hard/libc.a(lib_a-vfiprintf.o)
 .text.__sprint_r
                0x000000000002ea34       0x14 /usr/local/Cellar/arm-none-eabi-gcc/8-2018-q4-major/gcc/bin/../lib/gcc/arm-none-eabi/8.2.1/../../../../arm-none-eabi/lib/thumb/v7e-m+fp/hard/libc.a(lib_a-vfiprintf.o)
                0x000000000002ea34                __sprint_r
 .text.__register_exitproc
                0x000000000002ea48       0x88 /usr/local/Cellar/arm-none-eabi-gcc/8-2018-q4-major/gcc/bin/../lib/gcc/arm-none-eabi/8.2.1/../../../../arm-none-eabi/lib/thumb/v7e-m+fp/hard/libc.a(lib_a-__atexit.o)
                0x000000000002ea48                __register_exitproc
 .text._calloc_r
                0x000000000002ead0       0x60 /usr/local/Cellar/arm-none-eabi-gcc/8-2018-q4-major/gcc/bin/../lib/gcc/arm-none-eabi/8.2.1/../../../../arm-none-eabi/lib/thumb/v7e-m+fp/hard/libc.a(lib_a-callocr.o)
                0x000000000002ead0                _calloc_r
 .text._close_r
                0x000000000002eb30       0x24 /usr/local/Cellar/arm-none-eabi-gcc/8-2018-q4-major/gcc/bin/../lib/gcc/arm-none-eabi/8.2.1/../../../../arm-none-eabi/lib/thumb/v7e-m+fp/hard/libc.a(lib_a-closer.o)
                0x000000000002eb30                _close_r
 .text._fclose_r
                0x000000000002eb54       0xd0 /usr/local/Cellar/arm-none-eabi-gcc/8-2018-q4-major/gcc/bin/../lib/gcc/arm-none-eabi/8.2.1/../../../../arm-none-eabi/lib/thumb/v7e-m+fp/hard/libc.a(lib_a-fclose.o)
                0x000000000002eb54                _fclose_r
 .text.__fputwc
                0x000000000002ec24       0xa0 /usr/local/Cellar/arm-none-eabi-gcc/8-2018-q4-major/gcc/bin/../lib/gcc/arm-none-eabi/8.2.1/../../../../arm-none-eabi/lib/thumb/v7e-m+fp/hard/libc.a(lib_a-fputwc.o)
                0x000000000002ec24                __fputwc
 .text._fputwc_r
                0x000000000002ecc4       0x64 /usr/local/Cellar/arm-none-eabi-gcc/8-2018-q4-major/gcc/bin/../lib/gcc/arm-none-eabi/8.2.1/../../../../arm-none-eabi/lib/thumb/v7e-m+fp/hard/libc.a(lib_a-fputwc.o)
                0x000000000002ecc4                _fputwc_r
 .text._fstat_r
                0x000000000002ed28       0x28 /usr/local/Cellar/arm-none-eabi-gcc/8-2018-q4-major/gcc/bin/../lib/gcc/arm-none-eabi/8.2.1/../../../../arm-none-eabi/lib/thumb/v7e-m+fp/hard/libc.a(lib_a-fstatr.o)
                0x000000000002ed28                _fstat_r
 .text.__sfvwrite_r
                0x000000000002ed50      0x308 /usr/local/Cellar/arm-none-eabi-gcc/8-2018-q4-major/gcc/bin/../lib/gcc/arm-none-eabi/8.2.1/../../../../arm-none-eabi/lib/thumb/v7e-m+fp/hard/libc.a(lib_a-fvwrite.o)
                0x000000000002ed50                __sfvwrite_r
 .text._isatty_r
                0x000000000002f058       0x24 /usr/local/Cellar/arm-none-eabi-gcc/8-2018-q4-major/gcc/bin/../lib/gcc/arm-none-eabi/8.2.1/../../../../arm-none-eabi/lib/thumb/v7e-m+fp/hard/libc.a(lib_a-isattyr.o)
                0x000000000002f058                _isatty_r
 .text.__locale_mb_cur_max
                0x000000000002f07c        0xc /usr/local/Cellar/arm-none-eabi-gcc/8-2018-q4-major/gcc/bin/../lib/gcc/arm-none-eabi/8.2.1/../../../../arm-none-eabi/lib/thumb/v7e-m+fp/hard/libc.a(lib_a-locale.o)
                0x000000000002f07c                __locale_mb_cur_max
 .text._lseek_r
                0x000000000002f088       0x2c /usr/local/Cellar/arm-none-eabi-gcc/8-2018-q4-major/gcc/bin/../lib/gcc/arm-none-eabi/8.2.1/../../../../arm-none-eabi/lib/thumb/v7e-m+fp/hard/libc.a(lib_a-lseekr.o)
                0x000000000002f088                _lseek_r
 .text.__ascii_mbtowc
                0x000000000002f0b4       0x2c /usr/local/Cellar/arm-none-eabi-gcc/8-2018-q4-major/gcc/bin/../lib/gcc/arm-none-eabi/8.2.1/../../../../arm-none-eabi/lib/thumb/v7e-m+fp/hard/libc.a(lib_a-mbtowc_r.o)
                0x000000000002f0b4                __ascii_mbtowc
 .text.memmove  0x000000000002f0e0       0xd0 /usr/local/Cellar/arm-none-eabi-gcc/8-2018-q4-major/gcc/bin/../lib/gcc/arm-none-eabi/8.2.1/../../../../arm-none-eabi/lib/thumb/v7e-m+fp/hard/libc.a(lib_a-memmove.o)
                0x000000000002f0e0                memmove
 .text._read_r  0x000000000002f1b0       0x2c /usr/local/Cellar/arm-none-eabi-gcc/8-2018-q4-major/gcc/bin/../lib/gcc/arm-none-eabi/8.2.1/../../../../arm-none-eabi/lib/thumb/v7e-m+fp/hard/libc.a(lib_a-readr.o)
                0x000000000002f1b0                _read_r
 .text._realloc_r
                0x000000000002f1dc      0x36c /usr/local/Cellar/arm-none-eabi-gcc/8-2018-q4-major/gcc/bin/../lib/gcc/arm-none-eabi/8.2.1/../../../../arm-none-eabi/lib/thumb/v7e-m+fp/hard/libc.a(lib_a-reallocr.o)
                0x000000000002f1dc                _realloc_r
 .text.__swbuf_r
                0x000000000002f548       0xb0 /usr/local/Cellar/arm-none-eabi-gcc/8-2018-q4-major/gcc/bin/../lib/gcc/arm-none-eabi/8.2.1/../../../../arm-none-eabi/lib/thumb/v7e-m+fp/hard/libc.a(lib_a-wbuf.o)
                0x000000000002f548                __swbuf_r
 .text._wcrtomb_r
                0x000000000002f5f8       0x34 /usr/local/Cellar/arm-none-eabi-gcc/8-2018-q4-major/gcc/bin/../lib/gcc/arm-none-eabi/8.2.1/../../../../arm-none-eabi/lib/thumb/v7e-m+fp/hard/libc.a(lib_a-wcrtomb.o)
                0x000000000002f5f8                _wcrtomb_r
 .text.__ascii_wctomb
                0x000000000002f62c       0x1c /usr/local/Cellar/arm-none-eabi-gcc/8-2018-q4-major/gcc/bin/../lib/gcc/arm-none-eabi/8.2.1/../../../../arm-none-eabi/lib/thumb/v7e-m+fp/hard/libc.a(lib_a-wctomb_r.o)
                0x000000000002f62c                __ascii_wctomb
 .text._close   0x000000000002f648       0x10 /usr/local/Cellar/arm-none-eabi-gcc/8-2018-q4-major/gcc/bin/../lib/gcc/arm-none-eabi/8.2.1/../../../../arm-none-eabi/lib/thumb/v7e-m+fp/hard/libnosys.a(close.o)
                0x000000000002f648                _close
 .text._fstat   0x000000000002f658       0x10 /usr/local/Cellar/arm-none-eabi-gcc/8-2018-q4-major/gcc/bin/../lib/gcc/arm-none-eabi/8.2.1/../../../../arm-none-eabi/lib/thumb/v7e-m+fp/hard/libnosys.a(fstat.o)
                0x000000000002f658                _fstat
 .text._isatty  0x000000000002f668       0x10 /usr/local/Cellar/arm-none-eabi-gcc/8-2018-q4-major/gcc/bin/../lib/gcc/arm-none-eabi/8.2.1/../../../../arm-none-eabi/lib/thumb/v7e-m+fp/hard/libnosys.a(isatty.o)
                0x000000000002f668                _isatty
 .text._lseek   0x000000000002f678       0x10 /usr/local/Cellar/arm-none-eabi-gcc/8-2018-q4-major/gcc/bin/../lib/gcc/arm-none-eabi/8.2.1/../../../../arm-none-eabi/lib/thumb/v7e-m+fp/hard/libnosys.a(lseek.o)
                0x000000000002f678                _lseek
 .text._read    0x000000000002f688       0x10 /usr/local/Cellar/arm-none-eabi-gcc/8-2018-q4-major/gcc/bin/../lib/gcc/arm-none-eabi/8.2.1/../../../../arm-none-eabi/lib/thumb/v7e-m+fp/hard/libnosys.a(read.o)
                0x000000000002f688                _read
 .text._sbrk    0x000000000002f698       0x1c /usr/local/Cellar/arm-none-eabi-gcc/8-2018-q4-major/gcc/bin/../lib/gcc/arm-none-eabi/8.2.1/../../../../arm-none-eabi/lib/thumb/v7e-m+fp/hard/libnosys.a(sbrk.o)
                0x000000000002f698                _sbrk
 .text._exit    0x000000000002f6b4        0x4 /usr/local/Cellar/arm-none-eabi-gcc/8-2018-q4-major/gcc/bin/../lib/gcc/arm-none-eabi/8.2.1/../../../../arm-none-eabi/lib/thumb/v7e-m+fp/hard/libnosys.a(_exit.o)
                0x000000000002f6b4                _exit
 .text          0x000000000002f6b8      0x378 /usr/local/Cellar/arm-none-eabi-gcc/8-2018-q4-major/gcc/bin/../lib/gcc/arm-none-eabi/8.2.1/thumb/v7e-m+fp/hard/libgcc.a(_arm_addsubdf3.o)
                0x000000000002f6b8                __aeabi_drsub
                0x000000000002f6c0                __subdf3
                0x000000000002f6c0                __aeabi_dsub
                0x000000000002f6c4                __aeabi_dadd
                0x000000000002f6c4                __adddf3
                0x000000000002f93c                __aeabi_ui2d
                0x000000000002f93c                __floatunsidf
                0x000000000002f95c                __floatsidf
                0x000000000002f95c                __aeabi_i2d
                0x000000000002f980                __extendsfdf2
                0x000000000002f980                __aeabi_f2d
                0x000000000002f9c4                __aeabi_ul2d
                0x000000000002f9c4                __floatundidf
                0x000000000002f9d4                __aeabi_l2d
                0x000000000002f9d4                __floatdidf
 .text          0x000000000002fa30      0x424 /usr/local/Cellar/arm-none-eabi-gcc/8-2018-q4-major/gcc/bin/../lib/gcc/arm-none-eabi/8.2.1/thumb/v7e-m+fp/hard/libgcc.a(_arm_muldivdf3.o)
                0x000000000002fa30                __aeabi_dmul
                0x000000000002fa30                __muldf3
                0x000000000002fc84                __aeabi_ddiv
                0x000000000002fc84                __divdf3
 .text          0x000000000002fe54      0x110 /usr/local/Cellar/arm-none-eabi-gcc/8-2018-q4-major/gcc/bin/../lib/gcc/arm-none-eabi/8.2.1/thumb/v7e-m+fp/hard/libgcc.a(_arm_cmpdf2.o)
                0x000000000002fe54                __gedf2
                0x000000000002fe54                __gtdf2
                0x000000000002fe5c                __ledf2
                0x000000000002fe5c                __ltdf2
                0x000000000002fe64                __cmpdf2
                0x000000000002fe64                __eqdf2
                0x000000000002fe64                __nedf2
                0x000000000002fee0                __aeabi_cdrcmple
                0x000000000002fef0                __aeabi_cdcmple
                0x000000000002fef0                __aeabi_cdcmpeq
                0x000000000002ff00                __aeabi_dcmpeq
                0x000000000002ff14                __aeabi_dcmplt
                0x000000000002ff28                __aeabi_dcmple
                0x000000000002ff3c                __aeabi_dcmpge
                0x000000000002ff50                __aeabi_dcmpgt
 .text          0x000000000002ff64       0x2c /usr/local/Cellar/arm-none-eabi-gcc/8-2018-q4-major/gcc/bin/../lib/gcc/arm-none-eabi/8.2.1/thumb/v7e-m+fp/hard/libgcc.a(_arm_unorddf2.o)
                0x000000000002ff64                __aeabi_dcmpun
                0x000000000002ff64                __unorddf2
 .text          0x000000000002ff90       0x50 /usr/local/Cellar/arm-none-eabi-gcc/8-2018-q4-major/gcc/bin/../lib/gcc/arm-none-eabi/8.2.1/thumb/v7e-m+fp/hard/libgcc.a(_arm_fixdfsi.o)
                0x000000000002ff90                __fixdfsi
                0x000000000002ff90                __aeabi_d2iz
 .text          0x000000000002ffe0       0x30 /usr/local/Cellar/arm-none-eabi-gcc/8-2018-q4-major/gcc/bin/../lib/gcc/arm-none-eabi/8.2.1/thumb/v7e-m+fp/hard/libgcc.a(_aeabi_uldivmod.o)
                0x000000000002ffe0                __aeabi_uldivmod
 .text          0x0000000000030010      0x2d0 /usr/local/Cellar/arm-none-eabi-gcc/8-2018-q4-major/gcc/bin/../lib/gcc/arm-none-eabi/8.2.1/thumb/v7e-m+fp/hard/libgcc.a(_udivmoddi4.o)
                0x0000000000030010                __udivmoddi4
 .text          0x00000000000302e0        0x4 /usr/local/Cellar/arm-none-eabi-gcc/8-2018-q4-major/gcc/bin/../lib/gcc/arm-none-eabi/8.2.1/thumb/v7e-m+fp/hard/libgcc.a(_dvmd_tls.o)
                0x00000000000302e0                __aeabi_ldiv0
                0x00000000000302e0                __aeabi_idiv0
 *(.init)
 .init          0x00000000000302e4        0x4 /usr/local/Cellar/arm-none-eabi-gcc/8-2018-q4-major/gcc/bin/../lib/gcc/arm-none-eabi/8.2.1/thumb/v7e-m+fp/hard/crti.o
                0x00000000000302e4                _init
 .init          0x00000000000302e8        0x8 /usr/local/Cellar/arm-none-eabi-gcc/8-2018-q4-major/gcc/bin/../lib/gcc/arm-none-eabi/8.2.1/thumb/v7e-m+fp/hard/crtn.o
 *(.fini)
 .fini          0x00000000000302f0        0x4 /usr/local/Cellar/arm-none-eabi-gcc/8-2018-q4-major/gcc/bin/../lib/gcc/arm-none-eabi/8.2.1/thumb/v7e-m+fp/hard/crti.o
                0x00000000000302f0                _fini
 .fini          0x00000000000302f4        0x8 /usr/local/Cellar/arm-none-eabi-gcc/8-2018-q4-major/gcc/bin/../lib/gcc/arm-none-eabi/8.2.1/thumb/v7e-m+fp/hard/crtn.o
 *crtbegin.o(.ctors)
 *crtbegin?.o(.ctors)
 *(EXCLUDE_FILE(*crtend.o *crtend?.o) .ctors)
 *(SORT_BY_NAME(.ctors.*))
 *(.ctors)
 *crtbegin.o(.dtors)
 *crtbegin?.o(.dtors)
 *(EXCLUDE_FILE(*crtend.o *crtend?.o) .dtors)
 *(SORT_BY_NAME(.dtors.*))
 *(.dtors)
 *(.rodata*)
 .rodata        0x00000000000302fc        0x7 _build/main.o
 .rodata.main.str1.1
                0x0000000000030303       0xa9 _build/main.o
                                         0xaf (size before relaxing)
 .rodata.nrf_drv_uart_rx_enable.constprop.7.str1.1
                0x00000000000303ac       0x4e _build/main.o
 .rodata._DoInit.str1.1
                0x00000000000303fa       0x14 _build/SEGGER_RTT.o
 *fill*         0x000000000003040e        0x2 
 .rodata.delay_machine_code.9348
                0x0000000000030410        0x6 _build/app_timer.o
 .rodata.app_util_critical_region_enter.str1.1
                0x0000000000030416       0x55 _build/app_util_platform.o
 .rodata.HardFault_c_handler.str1.1
                0x000000000003046b      0x12e _build/hardfault_implementation.o
 *fill*         0x0000000000030599        0x3 
 .rodata.cfsr_msgs.9543
                0x000000000003059c       0x68 _build/hardfault_implementation.o
 .rodata.str1.1
                0x0000000000030604      0x4c0 _build/hardfault_implementation.o
 .rodata.nrf_balloc_init.str1.1
                0x0000000000030ac4       0x50 _build/nrf_balloc.o
 .rodata.nrf_drv_clock_uninit.str1.1
                0x0000000000030b14       0x4f _build/nrf_drv_clock.o
 .rodata.str1.1
                0x0000000000030b63        0x6 _build/nrf_drv_clock.o
 .rodata.nrf_fprintf_buffer_flush.str1.1
                0x0000000000030b69       0x46 _build/nrf_fprintf.o
 .rodata._aV2C.7637
                0x0000000000030baf       0x10 _build/nrf_fprintf_format.o
 .rodata.nrf_fprintf_fmt.str1.1
                0x0000000000030bbf       0x4d _build/nrf_fprintf_format.o
 .rodata.str1.1
                0x0000000000030c0c        0xd _build/nrf_fstorage.o
 *fill*         0x0000000000030c19        0x7 
 .rodata.delay_machine_code.9624
                0x0000000000030c20        0x6 _build/nrf_log_backend_rtt.o
 *fill*         0x0000000000030c26        0x2 
 .rodata.nrf_log_backend_rtt_api
                0x0000000000030c28        0xc _build/nrf_log_backend_rtt.o
                0x0000000000030c28                nrf_log_backend_rtt_api
 .rodata.nrf_log_default_backends_init.str1.1
                0x0000000000030c34       0x5f _build/nrf_log_default_backends.o
 .rodata.str1.1
                0x0000000000030c93       0x10 _build/nrf_log_default_backends.o
 .rodata.buf_prealloc.str1.1
                0x0000000000030ca3       0x57 _build/nrf_log_frontend.o
 *fill*         0x0000000000030cfa        0x2 
 .rodata.m_log_push_ringbuf
                0x0000000000030cfc        0xc _build/nrf_log_frontend.o
 .rodata.nrf_log_frontend_dequeue.str1.1
                0x0000000000030d08       0x11 _build/nrf_log_frontend.o
 .rodata.str1.1
                0x0000000000030d19        0x4 _build/nrf_log_frontend.o
 *fill*         0x0000000000030d1d        0x3 
 .rodata.m_colors
                0x0000000000030d20       0x24 _build/nrf_log_str_formatter.o
 .rodata.nrf_log_hexdump_entry_process.str1.1
                0x0000000000030d44        0xf _build/nrf_log_str_formatter.o
                                         0x11 (size before relaxing)
 .rodata.postfix_process.str1.1
                0x0000000000030d53        0x8 _build/nrf_log_str_formatter.o
                                          0xb (size before relaxing)
 .rodata.prefix_process.str1.1
                0x0000000000030d5b       0x2a _build/nrf_log_str_formatter.o
 *fill*         0x0000000000030d85        0x3 
 .rodata.severity_names
                0x0000000000030d88       0x14 _build/nrf_log_str_formatter.o
 .rodata.str1.1
                0x0000000000030d9c       0x4b _build/nrf_log_str_formatter.o
                                         0x51 (size before relaxing)
 .rodata.memobj_op.str1.1
                0x0000000000030de7       0x50 _build/nrf_memobj.o
 .rodata.str1.1
                0x0000000000030e37        0x9 _build/nrf_pwr_mgmt.o
 .rodata.nrf_section_iter_init.str1.1
                0x0000000000030e40       0x69 _build/nrf_section_iter.o
 .rodata.m_unknown_str
                0x0000000000030ea9       0x13 _build/nrf_strerror.o
 .rodata.nrf_strerror_array
                0x0000000000030ebc      0x128 _build/nrf_strerror.o
 .rodata.str1.1
                0x0000000000030fe4      0x3ba _build/nrf_strerror.o
 .rodata.nrfx_clock_init.str1.1
                0x000000000003139e       0x4d _build/nrfx_clock.o
 .rodata.str1.1
                0x00000000000313eb        0x6 _build/nrfx_clock.o
 .rodata.nrf_gpio_pin_port_decode.isra.0.part.1.str1.1
                0x00000000000313f1       0x43 _build/nrfx_gpiote.o
 .rodata.str1.1
                0x0000000000031434        0x7 _build/nrfx_gpiote.o
 .rodata.str1.1
                0x000000000003143b        0x4 _build/nrfx_ppi.o
 .rodata.UARTE0_UART0_IRQHandler.str1.1
                0x000000000003143f       0x4f _build/nrfx_prs.o
 .rodata.str1.1
                0x000000000003148e        0x4 _build/nrfx_prs.o
 .rodata.str1.1
                0x0000000000031492        0x4 _build/nrfx_pwm.o
 .rodata.str1.1
                0x0000000000031496        0x6 _build/nrfx_saadc.o
 .rodata.SPIM1_SPIS1_TWIM1_TWIS1_SPI1_TWI1_IRQHandler.str1.1
                0x000000000003149c       0x4c _build/nrfx_spim.o
 .rodata.nrf_gpio_pin_port_decode.isra.0.part.1.str1.1
                0x00000000000314e8       0x43 _build/nrfx_spim.o
 .rodata.str1.1
                0x00000000000314e8        0x5 _build/nrfx_spim.o
 .rodata.str1.1
                0x00000000000314ed        0x6 _build/nrfx_timer.o
 .rodata.SPIM0_SPIS0_TWIM0_TWIS0_SPI0_TWI0_IRQHandler.str1.1
                0x00000000000314f3       0x4c _build/nrfx_twim.o
 .rodata.str1.1
                0x000000000003153f        0x5 _build/nrfx_twim.o
 .rodata.nrf_gpio_pin_port_decode.isra.3.part.4.str1.1
                0x0000000000031544       0x43 _build/nrfx_uart.o
 .rodata.nrfx_uart_init.str1.1
                0x0000000000031544       0x90 _build/nrfx_uart.o
 .rodata.str1.1
                0x00000000000315d4        0x5 _build/nrfx_uart.o
 .rodata.nrf_gpio_pin_port_decode.isra.1.part.2.str1.1
                0x00000000000315d9       0x43 _build/nrfx_uarte.o
 .rodata.nrfx_uarte_init.str1.1
                0x00000000000315d9       0x4d _build/nrfx_uarte.o
                                         0x91 (size before relaxing)
 .rodata.str1.1
                0x0000000000031626        0x6 _build/nrfx_uarte.o
 .rodata.data_length_update.str1.1
                0x000000000003162c       0xdf _build/nrf_ble_gatt.o
 .rodata.nrf_ble_gatt_on_ble_evt.str1.1
                0x000000000003170b       0x60 _build/nrf_ble_gatt.o
 .rodata.str1.1
                0x000000000003176b        0xd _build/nrf_ble_gatt.o
 .rodata.sdh_stack_observers
                0x0000000000031778        0xc _build/nrf_sdh.o
 .rodata.str1.1
                0x0000000000031784        0x8 _build/nrf_sdh.o
 .rodata.nrf_sdh_ble_evts_poll.part.0.str1.1
                0x000000000003178c       0x52 _build/nrf_sdh_ble.o
 *fill*         0x00000000000317de        0x2 
 .rodata.sdh_ble_observers
                0x00000000000317e0        0xc _build/nrf_sdh_ble.o
 .rodata.str1.1
                0x00000000000317ec        0xc _build/nrf_sdh_ble.o
 .rodata.assert_nrf_callback.str1.1
                0x00000000000317f8       0x25 _build/simple_ble.o
 .rodata.on_ble_evt.str1.1
                0x000000000003181d       0x51 _build/simple_ble.o
 .rodata.app_error_fault_handler.str1.1
                0x000000000003186e       0xab _build/app_error_weak.o
 *fill*         0x0000000000031919        0x3 
 .rodata._ctype_
                0x000000000003191c      0x101 /usr/local/Cellar/arm-none-eabi-gcc/8-2018-q4-major/gcc/bin/../lib/gcc/arm-none-eabi/8.2.1/../../../../arm-none-eabi/lib/thumb/v7e-m+fp/hard/libc.a(lib_a-ctype_.o)
                0x000000000003191c                _ctype_
 *fill*         0x0000000000031a1d        0x3 
 .rodata._global_impure_ptr
                0x0000000000031a20        0x4 /usr/local/Cellar/arm-none-eabi-gcc/8-2018-q4-major/gcc/bin/../lib/gcc/arm-none-eabi/8.2.1/../../../../arm-none-eabi/lib/thumb/v7e-m+fp/hard/libc.a(lib_a-impure.o)
                0x0000000000031a20                _global_impure_ptr
 .rodata._vfprintf_r.str1.4
                0x0000000000031a24       0x42 /usr/local/Cellar/arm-none-eabi-gcc/8-2018-q4-major/gcc/bin/../lib/gcc/arm-none-eabi/8.2.1/../../../../arm-none-eabi/lib/thumb/v7e-m+fp/hard/libc.a(lib_a-vfprintf.o)
 *fill*         0x0000000000031a66        0x2 
 .rodata.blanks.8687
                0x0000000000031a68       0x10 /usr/local/Cellar/arm-none-eabi-gcc/8-2018-q4-major/gcc/bin/../lib/gcc/arm-none-eabi/8.2.1/../../../../arm-none-eabi/lib/thumb/v7e-m+fp/hard/libc.a(lib_a-vfprintf.o)
 .rodata.zeroes.8688
                0x0000000000031a78       0x10 /usr/local/Cellar/arm-none-eabi-gcc/8-2018-q4-major/gcc/bin/../lib/gcc/arm-none-eabi/8.2.1/../../../../arm-none-eabi/lib/thumb/v7e-m+fp/hard/libc.a(lib_a-vfprintf.o)
 .rodata._dtoa_r.str1.4
                0x0000000000031a88        0xd /usr/local/Cellar/arm-none-eabi-gcc/8-2018-q4-major/gcc/bin/../lib/gcc/arm-none-eabi/8.2.1/../../../../arm-none-eabi/lib/thumb/v7e-m+fp/hard/libc.a(lib_a-dtoa.o)
                                         0x12 (size before relaxing)
 *fill*         0x0000000000031a95        0x3 
 .rodata.__mprec_bigtens
                0x0000000000031a98       0x28 /usr/local/Cellar/arm-none-eabi-gcc/8-2018-q4-major/gcc/bin/../lib/gcc/arm-none-eabi/8.2.1/../../../../arm-none-eabi/lib/thumb/v7e-m+fp/hard/libc.a(lib_a-mprec.o)
                0x0000000000031a98                __mprec_bigtens
 .rodata.__mprec_tens
                0x0000000000031ac0       0xc8 /usr/local/Cellar/arm-none-eabi-gcc/8-2018-q4-major/gcc/bin/../lib/gcc/arm-none-eabi/8.2.1/../../../../arm-none-eabi/lib/thumb/v7e-m+fp/hard/libc.a(lib_a-mprec.o)
                0x0000000000031ac0                __mprec_tens
 .rodata.p05.7442
                0x0000000000031b88        0xc /usr/local/Cellar/arm-none-eabi-gcc/8-2018-q4-major/gcc/bin/../lib/gcc/arm-none-eabi/8.2.1/../../../../arm-none-eabi/lib/thumb/v7e-m+fp/hard/libc.a(lib_a-mprec.o)
 .rodata._setlocale_r.str1.4
                0x0000000000031b94        0xa /usr/local/Cellar/arm-none-eabi-gcc/8-2018-q4-major/gcc/bin/../lib/gcc/arm-none-eabi/8.2.1/../../../../arm-none-eabi/lib/thumb/v7e-m+fp/hard/libc.a(lib_a-locale.o)
                                          0xd (size before relaxing)
 *fill*         0x0000000000031b9e        0x2 
 .rodata.str1.4
                0x0000000000031ba0        0x4 /usr/local/Cellar/arm-none-eabi-gcc/8-2018-q4-major/gcc/bin/../lib/gcc/arm-none-eabi/8.2.1/../../../../arm-none-eabi/lib/thumb/v7e-m+fp/hard/libc.a(lib_a-locale.o)
                                          0x2 (size before relaxing)
 *(.eh_frame*)
 .eh_frame      0x0000000000031ba4        0x0 /usr/local/Cellar/arm-none-eabi-gcc/8-2018-q4-major/gcc/bin/../lib/gcc/arm-none-eabi/8.2.1/thumb/v7e-m+fp/hard/crtbegin.o
 .eh_frame      0x0000000000031ba4        0x4 /usr/local/Cellar/arm-none-eabi-gcc/8-2018-q4-major/gcc/bin/../lib/gcc/arm-none-eabi/8.2.1/thumb/v7e-m+fp/hard/crtend.o

.glue_7         0x0000000000031ba8        0x0
 .glue_7        0x0000000000031ba8        0x0 linker stubs

.glue_7t        0x0000000000031ba8        0x0
 .glue_7t       0x0000000000031ba8        0x0 linker stubs

.vfp11_veneer   0x0000000000031ba8        0x0
 .vfp11_veneer  0x0000000000031ba8        0x0 linker stubs

.v4_bx          0x0000000000031ba8        0x0
 .v4_bx         0x0000000000031ba8        0x0 linker stubs

.iplt           0x0000000000031ba8        0x0
 .iplt          0x0000000000031ba8        0x0 /usr/local/Cellar/arm-none-eabi-gcc/8-2018-q4-major/gcc/bin/../lib/gcc/arm-none-eabi/8.2.1/thumb/v7e-m+fp/hard/crtbegin.o

.mem_section_dummy_rom

.sdh_soc_observers
                0x0000000000031ba8       0x10
                [!provide]                        PROVIDE (__start_sdh_soc_observers = .)
 *(SORT_BY_NAME(.sdh_soc_observers*))
 .sdh_soc_observers0
                0x0000000000031ba8        0x8 _build/nrf_drv_clock.o
 .sdh_soc_observers1
                0x0000000000031bb0        0x8 _build/simple_ble.o
                [!provide]                        PROVIDE (__stop_sdh_soc_observers = .)

.crypto_data    0x0000000000031bb8        0x0
                [!provide]                        PROVIDE (__start_crypto_data = .)
 *(SORT_BY_NAME(.crypto_data*))
                [!provide]                        PROVIDE (__stop_crypto_data = .)

.log_const_data
                0x0000000000031bb8       0x98
                0x0000000000031bb8                PROVIDE (__start_log_const_data = .)
 *(SORT_BY_NAME(.log_const_data*))
 .log_const_data_CLOCK
                0x0000000000031bb8        0x8 _build/nrfx_clock.o
                0x0000000000031bb8                m_nrf_log_CLOCK_logs_data_const
 .log_const_data_GPIOTE
                0x0000000000031bc0        0x8 _build/nrfx_gpiote.o
                0x0000000000031bc0                m_nrf_log_GPIOTE_logs_data_const
 .log_const_data_PPI
                0x0000000000031bc8        0x8 _build/nrfx_ppi.o
                0x0000000000031bc8                m_nrf_log_PPI_logs_data_const
 .log_const_data_PRS
                0x0000000000031bd0        0x8 _build/nrfx_prs.o
                0x0000000000031bd0                m_nrf_log_PRS_logs_data_const
 .log_const_data_PWM
                0x0000000000031bd8        0x8 _build/nrfx_pwm.o
                0x0000000000031bd8                m_nrf_log_PWM_logs_data_const
 .log_const_data_SAADC
                0x0000000000031be0        0x8 _build/nrfx_saadc.o
                0x0000000000031be0                m_nrf_log_SAADC_logs_data_const
 .log_const_data_SPIM
                0x0000000000031be8        0x8 _build/nrfx_spim.o
                0x0000000000031be8                m_nrf_log_SPIM_logs_data_const
 .log_const_data_TIMER
                0x0000000000031bf0        0x8 _build/nrfx_timer.o
                0x0000000000031bf0                m_nrf_log_TIMER_logs_data_const
 .log_const_data_TWIM
                0x0000000000031bf8        0x8 _build/nrfx_twim.o
                0x0000000000031bf8                m_nrf_log_TWIM_logs_data_const
 .log_const_data_UART
                0x0000000000031c00        0x8 _build/nrfx_uart.o
                0x0000000000031c00                m_nrf_log_UART_logs_data_const
 .log_const_data_UARTE
                0x0000000000031c08        0x8 _build/nrfx_uarte.o
                0x0000000000031c08                m_nrf_log_UARTE_logs_data_const
 .log_const_data_app
                0x0000000000031c10        0x8 _build/nrf_log_frontend.o
                0x0000000000031c10                m_nrf_log_app_logs_data_const
 .log_const_data_clock
                0x0000000000031c18        0x8 _build/nrf_drv_clock.o
                0x0000000000031c18                m_nrf_log_clock_logs_data_const
 .log_const_data_hardfault
                0x0000000000031c20        0x8 _build/hardfault_implementation.o
                0x0000000000031c20                m_nrf_log_hardfault_logs_data_const
 .log_const_data_nrf_ble_gatt
                0x0000000000031c28        0x8 _build/nrf_ble_gatt.o
                0x0000000000031c28                m_nrf_log_nrf_ble_gatt_logs_data_const
 .log_const_data_nrf_fstorage
                0x0000000000031c30        0x8 _build/nrf_fstorage.o
                0x0000000000031c30                m_nrf_log_nrf_fstorage_logs_data_const
 .log_const_data_nrf_sdh
                0x0000000000031c38        0x8 _build/nrf_sdh.o
                0x0000000000031c38                m_nrf_log_nrf_sdh_logs_data_const
 .log_const_data_nrf_sdh_ble
                0x0000000000031c40        0x8 _build/nrf_sdh_ble.o
                0x0000000000031c40                m_nrf_log_nrf_sdh_ble_logs_data_const
 .log_const_data_pwr_mgmt
                0x0000000000031c48        0x8 _build/nrf_pwr_mgmt.o
                0x0000000000031c48                m_nrf_log_pwr_mgmt_logs_data_const
                0x0000000000031c50                PROVIDE (__stop_log_const_data = .)

.nrf_balloc     0x0000000000031c50       0x14
                [!provide]                        PROVIDE (__start_nrf_balloc = .)
 *(.nrf_balloc)
 .nrf_balloc    0x0000000000031c50       0x14 _build/nrf_log_frontend.o
                0x0000000000031c50                log_mempool
                [!provide]                        PROVIDE (__stop_nrf_balloc = .)

.nrf_queue      0x0000000000031c64       0x28
                [!provide]                        PROVIDE (__start_nrf_queue = .)
 *(.nrf_queue)
 .nrf_queue     0x0000000000031c64       0x28 _build/kobukiUtilities.o
                0x0000000000031c64                serial_queues_txq
                0x0000000000031c78                serial_queues_rxq
                [!provide]                        PROVIDE (__stop_nrf_queue = .)

.sdh_state_observers
                0x0000000000031c8c        0x8
                0x0000000000031c8c                PROVIDE (__start_sdh_state_observers = .)
 *(SORT_BY_NAME(.sdh_state_observers*))
 .sdh_state_observers0
                0x0000000000031c8c        0x8 _build/nrf_drv_clock.o
                0x0000000000031c94                PROVIDE (__stop_sdh_state_observers = .)

.sdh_stack_observers
                0x0000000000031c94        0x8
                0x0000000000031c94                PROVIDE (__start_sdh_stack_observers = .)
 *(SORT_BY_NAME(.sdh_stack_observers*))
 .sdh_stack_observers0
                0x0000000000031c94        0x8 _build/nrf_sdh_ble.o
                0x0000000000031c9c                PROVIDE (__stop_sdh_stack_observers = .)

.sdh_req_observers
                0x0000000000031c9c        0x0
                0x0000000000031c9c                PROVIDE (__start_sdh_req_observers = .)
 *(SORT_BY_NAME(.sdh_req_observers*))
                0x0000000000031c9c                PROVIDE (__stop_sdh_req_observers = .)

.cli_command    0x0000000000031c9c        0x0
                [!provide]                        PROVIDE (__start_cli_command = .)
 *(.cli_command)
                [!provide]                        PROVIDE (__stop_cli_command = .)

.pwr_mgmt_data  0x0000000000031c9c        0x0
                0x0000000000031c9c                PROVIDE (__start_pwr_mgmt_data = .)
 *(SORT_BY_NAME(.pwr_mgmt_data*))
                0x0000000000031c9c                PROVIDE (__stop_pwr_mgmt_data = .)

.sdh_ble_observers
                0x0000000000031c9c       0x28
                0x0000000000031c9c                PROVIDE (__start_sdh_ble_observers = .)
 *(SORT_BY_NAME(.sdh_ble_observers*))
 .sdh_ble_observers1
                0x0000000000031c9c        0x8 _build/ble_conn_params.o
 .sdh_ble_observers1
                0x0000000000031ca4       0x10 _build/simple_ble.o
 .sdh_ble_observers2
                0x0000000000031cb4        0x8 _build/simple_ble.o
 .sdh_ble_observers3
                0x0000000000031cbc        0x8 _build/simple_ble.o
                0x0000000000031cc4                PROVIDE (__stop_sdh_ble_observers = .)

.log_backends   0x0000000000031cc4       0x10
 .log_backends  0x0000000000031cc4       0x10 _build/nrf_log_default_backends.o

.dfu_trans      0x0000000000031cd4        0x0
                [!provide]                        PROVIDE (__start_dfu_trans = .)
 *(SORT_BY_NAME(.dfu_trans*))
                [!provide]                        PROVIDE (__stop_dfu_trans = .)

.ARM.extab
 *(.ARM.extab* .gnu.linkonce.armextab.*)
                0x0000000000031cd4                __exidx_start = .

.ARM.exidx      0x0000000000031cd4        0x8
 *(.ARM.exidx* .gnu.linkonce.armexidx.*)
 .ARM.exidx     0x0000000000031cd4        0x8 /usr/local/Cellar/arm-none-eabi-gcc/8-2018-q4-major/gcc/bin/../lib/gcc/arm-none-eabi/8.2.1/../../../../arm-none-eabi/lib/thumb/v7e-m+fp/hard/crt0.o
 .ARM.exidx     0x0000000000031cdc        0x0 /usr/local/Cellar/arm-none-eabi-gcc/8-2018-q4-major/gcc/bin/../lib/gcc/arm-none-eabi/8.2.1/thumb/v7e-m+fp/hard/libgcc.a(_udivmoddi4.o)
                                          0x8 (size before relaxing)
                0x0000000000031cdc                __exidx_end = .
                0x0000000000031cdc                __etext = .

.rel.dyn        0x0000000000031cdc        0x0
 .rel.iplt      0x0000000000031cdc        0x0 /usr/local/Cellar/arm-none-eabi-gcc/8-2018-q4-major/gcc/bin/../lib/gcc/arm-none-eabi/8.2.1/thumb/v7e-m+fp/hard/crtbegin.o

.data           0x00000000200098a8      0xa08 load address 0x0000000000031cdc
                0x00000000200098a8                __data_start__ = .
 *(vtable)
 *(.data*)
 .data.config   0x00000000200098a8       0x20 _build/main.o
 .data.uart_instance
                0x00000000200098c8       0x14 _build/main.o
 .data.log_backend_cb_rtt_log_backend
                0x00000000200098dc        0x8 _build/nrf_log_default_backends.o
 .data.m_scan_buffer
                0x00000000200098e4        0x8 _build/simple_ble.o
 .data.SystemCoreClock
                0x00000000200098ec        0x4 _build/system_nrf52.o
                0x00000000200098ec                SystemCoreClock
 .data._impure_ptr
                0x00000000200098f0        0x4 /usr/local/Cellar/arm-none-eabi-gcc/8-2018-q4-major/gcc/bin/../lib/gcc/arm-none-eabi/8.2.1/../../../../arm-none-eabi/lib/thumb/v7e-m+fp/hard/libc.a(lib_a-impure.o)
                0x00000000200098f0                _impure_ptr
 *fill*         0x00000000200098f4        0x4 
 .data.impure_data
                0x00000000200098f8      0x428 /usr/local/Cellar/arm-none-eabi-gcc/8-2018-q4-major/gcc/bin/../lib/gcc/arm-none-eabi/8.2.1/../../../../arm-none-eabi/lib/thumb/v7e-m+fp/hard/libc.a(lib_a-impure.o)
 .data.__atexit_recursive_mutex
                0x0000000020009d20        0x4 /usr/local/Cellar/arm-none-eabi-gcc/8-2018-q4-major/gcc/bin/../lib/gcc/arm-none-eabi/8.2.1/../../../../arm-none-eabi/lib/thumb/v7e-m+fp/hard/libc.a(lib_a-__call_atexit.o)
                0x0000000020009d20                __atexit_recursive_mutex
 .data.__malloc_av_
                0x0000000020009d24      0x408 /usr/local/Cellar/arm-none-eabi-gcc/8-2018-q4-major/gcc/bin/../lib/gcc/arm-none-eabi/8.2.1/../../../../arm-none-eabi/lib/thumb/v7e-m+fp/hard/libc.a(lib_a-mallocr.o)
                0x0000000020009d24                __malloc_av_
 .data.__malloc_sbrk_base
                0x000000002000a12c        0x4 /usr/local/Cellar/arm-none-eabi-gcc/8-2018-q4-major/gcc/bin/../lib/gcc/arm-none-eabi/8.2.1/../../../../arm-none-eabi/lib/thumb/v7e-m+fp/hard/libc.a(lib_a-mallocr.o)
                0x000000002000a12c                __malloc_sbrk_base
 .data.__malloc_trim_threshold
                0x000000002000a130        0x4 /usr/local/Cellar/arm-none-eabi-gcc/8-2018-q4-major/gcc/bin/../lib/gcc/arm-none-eabi/8.2.1/../../../../arm-none-eabi/lib/thumb/v7e-m+fp/hard/libc.a(lib_a-mallocr.o)
                0x000000002000a130                __malloc_trim_threshold
 .data.__global_locale
                0x000000002000a134      0x16c /usr/local/Cellar/arm-none-eabi-gcc/8-2018-q4-major/gcc/bin/../lib/gcc/arm-none-eabi/8.2.1/../../../../arm-none-eabi/lib/thumb/v7e-m+fp/hard/libc.a(lib_a-locale.o)
                0x000000002000a134                __global_locale
                0x000000002000a2a0                . = ALIGN (0x4)
                0x000000002000a2a0                PROVIDE (__preinit_array_start = .)
 *(.preinit_array)
                0x000000002000a2a0                PROVIDE (__preinit_array_end = .)
                0x000000002000a2a0                . = ALIGN (0x4)
                0x000000002000a2a0                PROVIDE (__init_array_start = .)
 *(SORT_BY_NAME(.init_array.*))
 .init_array.00000
                0x000000002000a2a0        0x4 /usr/local/Cellar/arm-none-eabi-gcc/8-2018-q4-major/gcc/bin/../lib/gcc/arm-none-eabi/8.2.1/../../../../arm-none-eabi/lib/thumb/v7e-m+fp/hard/libc.a(lib_a-__call_atexit.o)
 *(.init_array)
 .init_array    0x000000002000a2a4        0x4 /usr/local/Cellar/arm-none-eabi-gcc/8-2018-q4-major/gcc/bin/../lib/gcc/arm-none-eabi/8.2.1/thumb/v7e-m+fp/hard/crtbegin.o
 .init_array    0x000000002000a2a8        0x4 _build/before_startup.o
                0x000000002000a2ac                PROVIDE (__init_array_end = .)
                0x000000002000a2ac                . = ALIGN (0x4)
                0x000000002000a2ac                PROVIDE (__fini_array_start = .)
 *(SORT_BY_NAME(.fini_array.*))
 *(.fini_array)
 .fini_array    0x000000002000a2ac        0x4 /usr/local/Cellar/arm-none-eabi-gcc/8-2018-q4-major/gcc/bin/../lib/gcc/arm-none-eabi/8.2.1/thumb/v7e-m+fp/hard/crtbegin.o
                0x000000002000a2b0                PROVIDE (__fini_array_end = .)
 *(.jcr*)
                0x000000002000a2b0                . = ALIGN (0x4)
                0x000000002000a2b0                __data_end__ = .
LOAD /usr/local/Cellar/arm-none-eabi-gcc/8-2018-q4-major/gcc/bin/../lib/gcc/arm-none-eabi/8.2.1/thumb/v7e-m+fp/hard/crti.o
LOAD /usr/local/Cellar/arm-none-eabi-gcc/8-2018-q4-major/gcc/bin/../lib/gcc/arm-none-eabi/8.2.1/thumb/v7e-m+fp/hard/crtbegin.o
LOAD /usr/local/Cellar/arm-none-eabi-gcc/8-2018-q4-major/gcc/bin/../lib/gcc/arm-none-eabi/8.2.1/../../../../arm-none-eabi/lib/thumb/v7e-m+fp/hard/crt0.o
START GROUP
LOAD _build/main.o
LOAD _build/kobukiActuator.o
LOAD _build/kobukiSensor.o
LOAD _build/kobukiSensorPoll.o
LOAD _build/kobukiUART.o
LOAD _build/kobukiUtilities.o
LOAD _build/max44009.o
LOAD _build/mpu9250.o
LOAD _build/display.o
LOAD _build/SEGGER_RTT.o
LOAD _build/SEGGER_RTT_Syscalls_GCC.o
LOAD _build/SEGGER_RTT_printf.o
LOAD _build/app_error.o
LOAD _build/app_error_handler_gcc.o
LOAD _build/app_pwm.o
LOAD _build/app_scheduler.o
LOAD _build/app_timer.o
LOAD _build/app_uart.o
LOAD _build/app_util_platform.o
LOAD _build/before_startup.o
LOAD _build/ff.o
LOAD _build/hardfault_handler_gcc.o
LOAD _build/hardfault_implementation.o
LOAD _build/mmc_nrf.o
LOAD _build/nrf_assert.o
LOAD _build/nrf_atomic.o
LOAD _build/nrf_balloc.o
LOAD _build/nrf_drv_clock.o
LOAD _build/nrf_drv_ppi.o
LOAD _build/nrf_drv_spi.o
LOAD _build/nrf_drv_twi.o
LOAD _build/nrf_drv_uart.o
LOAD _build/nrf_fprintf.o
LOAD _build/nrf_fprintf_format.o
LOAD _build/nrf_fstorage.o
LOAD _build/nrf_log_backend_rtt.o
LOAD _build/nrf_log_backend_serial.o
LOAD _build/nrf_log_backend_uart.o
LOAD _build/nrf_log_default_backends.o
LOAD _build/nrf_log_frontend.o
LOAD _build/nrf_log_str_formatter.o
LOAD _build/nrf_memobj.o
LOAD _build/nrf_pwr_mgmt.o
LOAD _build/nrf_ringbuf.o
LOAD _build/nrf_queue.o
LOAD _build/nrf_section_iter.o
LOAD _build/nrf_serial.o
LOAD _build/nrf_strerror.o
LOAD _build/nrf_twi_mngr.o
LOAD _build/nrfx_clock.o
LOAD _build/nrfx_gpiote.o
LOAD _build/nrfx_ppi.o
LOAD _build/nrfx_prs.o
LOAD _build/nrfx_pwm.o
LOAD _build/nrfx_saadc.o
LOAD _build/nrfx_spi.o
LOAD _build/nrfx_spim.o
LOAD _build/nrfx_timer.o
LOAD _build/nrfx_twi.o
LOAD _build/nrfx_twim.o
LOAD _build/nrfx_uart.o
LOAD _build/nrfx_uarte.o
LOAD _build/simple_logger.o
LOAD _build/ble_advdata.o
LOAD _build/ble_advertising.o
LOAD _build/ble_conn_params.o
LOAD _build/ble_srv_common.o
LOAD _build/nrf_ble_gatt.o
LOAD _build/nrf_ble_qwr.o
LOAD _build/nrf_sdh.o
LOAD _build/nrf_sdh_ble.o
LOAD _build/simple_ble.o
LOAD _build/system_nrf52.o
LOAD _build/app_error_weak.o
LOAD _build/gcc_startup_nrf52.os
LOAD /usr/local/Cellar/arm-none-eabi-gcc/8-2018-q4-major/gcc/bin/../lib/gcc/arm-none-eabi/8.2.1/../../../../arm-none-eabi/lib/thumb/v7e-m+fp/hard/libc.a
LOAD /usr/local/Cellar/arm-none-eabi-gcc/8-2018-q4-major/gcc/bin/../lib/gcc/arm-none-eabi/8.2.1/../../../../arm-none-eabi/lib/thumb/v7e-m+fp/hard/libnosys.a
LOAD /usr/local/Cellar/arm-none-eabi-gcc/8-2018-q4-major/gcc/bin/../lib/gcc/arm-none-eabi/8.2.1/../../../../arm-none-eabi/lib/thumb/v7e-m+fp/hard/libm.a
LOAD /usr/local/Cellar/arm-none-eabi-gcc/8-2018-q4-major/gcc/bin/../lib/gcc/arm-none-eabi/8.2.1/../../../../arm-none-eabi/lib/thumb/v7e-m+fp/hard/libstdc++.a
END GROUP
START GROUP
LOAD /usr/local/Cellar/arm-none-eabi-gcc/8-2018-q4-major/gcc/bin/../lib/gcc/arm-none-eabi/8.2.1/thumb/v7e-m+fp/hard/libgcc.a
LOAD /usr/local/Cellar/arm-none-eabi-gcc/8-2018-q4-major/gcc/bin/../lib/gcc/arm-none-eabi/8.2.1/../../../../arm-none-eabi/lib/thumb/v7e-m+fp/hard/libc.a
END GROUP
LOAD /usr/local/Cellar/arm-none-eabi-gcc/8-2018-q4-major/gcc/bin/../lib/gcc/arm-none-eabi/8.2.1/thumb/v7e-m+fp/hard/crtend.o
LOAD /usr/local/Cellar/arm-none-eabi-gcc/8-2018-q4-major/gcc/bin/../lib/gcc/arm-none-eabi/8.2.1/thumb/v7e-m+fp/hard/crtn.o
START GROUP
LOAD /usr/local/Cellar/arm-none-eabi-gcc/8-2018-q4-major/gcc/bin/../lib/gcc/arm-none-eabi/8.2.1/thumb/v7e-m+fp/hard/libgcc.a
LOAD /usr/local/Cellar/arm-none-eabi-gcc/8-2018-q4-major/gcc/bin/../lib/gcc/arm-none-eabi/8.2.1/../../../../arm-none-eabi/lib/thumb/v7e-m+fp/hard/libc.a
LOAD /usr/local/Cellar/arm-none-eabi-gcc/8-2018-q4-major/gcc/bin/../lib/gcc/arm-none-eabi/8.2.1/../../../../arm-none-eabi/lib/thumb/v7e-m+fp/hard/libnosys.a
END GROUP

.igot.plt       0x000000002000a2b0        0x0 load address 0x00000000000326e4
 .igot.plt      0x000000002000a2b0        0x0 /usr/local/Cellar/arm-none-eabi-gcc/8-2018-q4-major/gcc/bin/../lib/gcc/arm-none-eabi/8.2.1/thumb/v7e-m+fp/hard/crtbegin.o

.bootloader_settings_page
                0x000000000007f000        0x0
                [!provide]                        PROVIDE (__start_bootloader_settings_page = .)
 *(SORT_BY_NAME(.bootloader_settings_page*))
                [!provide]                        PROVIDE (__stop_bootloader_settings_page = .)

.uicr_bootloader_start_address
                0x0000000010001014        0x0
                [!provide]                        PROVIDE (__start_uicr_bootloader_start_address = .)
 *(SORT_BY_NAME(.uicr_bootloader_start_address*))
                [!provide]                        PROVIDE (__stop_uicr_bootloader_start_address = .)
                0x0000000010001014                . = ALIGN (0x4)

.mem_section_dummy_ram

.log_dynamic_data
                0x000000002000a2b0        0x0
                0x000000002000a2b0                PROVIDE (__start_log_dynamic_data = .)
 *(SORT_BY_NAME(.log_dynamic_data*))
                [!provide]                        PROVIDE (__stop_log_dynamic_data = .)

.cli_sorted_cmd_ptrs
                0x000000002000a2b0        0x0
                [!provide]                        PROVIDE (__start_cli_sorted_cmd_ptrs = .)
 *(.cli_sorted_cmd_ptrs)
                [!provide]                        PROVIDE (__stop_cli_sorted_cmd_ptrs = .)

.fs_data        0x000000002000a2b0        0x0
                0x000000002000a2b0                PROVIDE (__start_fs_data = .)
 *(.fs_data)
                0x000000002000a2b0                PROVIDE (__stop_fs_data = .)

.bss            0x000000002000a2b0     0x10cc load address 0x00000000000326e4
                0x000000002000a2b0                . = ALIGN (0x4)
                0x000000002000a2b0                __bss_start__ = .
 *(.bss*)
 .bss           0x000000002000a2b0       0x1c /usr/local/Cellar/arm-none-eabi-gcc/8-2018-q4-major/gcc/bin/../lib/gcc/arm-none-eabi/8.2.1/thumb/v7e-m+fp/hard/crtbegin.o
 .bss.serial_queues_rxq_nrf_queue_buffer
                0x000000002000a2cc      0x101 _build/kobukiUtilities.o
 *fill*         0x000000002000a3cd        0x3 
 .bss.serial_queues_rxq_nrf_queue_cb
                0x000000002000a3d0        0xc _build/kobukiUtilities.o
 .bss.serial_queues_txq_nrf_queue_buffer
                0x000000002000a3dc      0x101 _build/kobukiUtilities.o
 *fill*         0x000000002000a4dd        0x3 
 .bss.serial_queues_txq_nrf_queue_cb
                0x000000002000a4e0        0xc _build/kobukiUtilities.o
 .bss._acDownBuffer
                0x000000002000a4ec       0x10 _build/SEGGER_RTT.o
 .bss._acUpBuffer
                0x000000002000a4fc      0x200 _build/SEGGER_RTT.o
 .bss.m_error_data.8116
                0x000000002000a6fc       0x20 _build/app_error.o
 .bss.m_op_queue
                0x000000002000a71c      0x10c _build/app_timer.o
 .bss.m_rtc1_reset
                0x000000002000a828        0x1 _build/app_timer.o
 .bss.m_rtc1_running
                0x000000002000a829        0x1 _build/app_timer.o
 *fill*         0x000000002000a82a        0x2 
 .bss.m_ticks_elapsed
                0x000000002000a82c        0x8 _build/app_timer.o
 .bss.m_ticks_elapsed_q_read_ind
                0x000000002000a834        0x1 _build/app_timer.o
 .bss.m_ticks_elapsed_q_write_ind
                0x000000002000a835        0x1 _build/app_timer.o
 *fill*         0x000000002000a836        0x2 
 .bss.m_ticks_latest
                0x000000002000a838        0x4 _build/app_timer.o
 .bss.mp_timer_id_head
                0x000000002000a83c        0x4 _build/app_timer.o
 .bss.m_clock_cb
                0x000000002000a840       0x14 _build/nrf_drv_clock.o
 .bss.m_contexts
                0x000000002000a854        0x4 _build/nrf_drv_uart.o
 .bss.m_handlers
                0x000000002000a858        0x4 _build/nrf_drv_uart.o
 .bss.m_host_present
                0x000000002000a85c        0x1 _build/nrf_log_backend_rtt.o
 .bss.m_string_buff
                0x000000002000a85d       0x40 _build/nrf_log_backend_rtt.o
 *fill*         0x000000002000a89d        0x3 
 .bss.log_mempool_nrf_balloc_cb
                0x000000002000a8a0        0x8 _build/nrf_log_frontend.o
 .bss.log_mempool_nrf_balloc_pool_mem
                0x000000002000a8a8       0xc0 _build/nrf_log_frontend.o
 .bss.log_mempool_nrf_balloc_pool_stack
                0x000000002000a968        0x8 _build/nrf_log_frontend.o
 .bss.m_log_data
                0x000000002000a970      0x424 _build/nrf_log_frontend.o
 .bss.m_log_push_ringbuf_buf
                0x000000002000ad94       0x80 _build/nrf_log_frontend.o
 .bss.m_log_push_ringbuf_cb
                0x000000002000ae14       0x18 _build/nrf_log_frontend.o
 .bss.m_clock_cb
                0x000000002000ae2c        0x8 _build/nrfx_clock.o
 .bss.m_cb      0x000000002000ae34       0x5c _build/nrfx_gpiote.o
 .bss.m_prs_box_4
                0x000000002000ae90        0x8 _build/nrfx_prs.o
 .bss.m_cb      0x000000002000ae98       0x18 _build/nrfx_pwm.o
 .bss.m_cb      0x000000002000aeb0       0x30 _build/nrfx_saadc.o
 .bss.m_cb      0x000000002000aee0       0x24 _build/nrfx_spim.o
 .bss.m_cb      0x000000002000af04       0x18 _build/nrfx_timer.o
 .bss.m_cb      0x000000002000af1c       0x34 _build/nrfx_twim.o
 .bss.m_cb      0x000000002000af50       0x2c _build/nrfx_uart.o
 .bss.m_cb      0x000000002000af7c       0x24 _build/nrfx_uarte.o
 .bss.m_conn_params_config
                0x000000002000afa0       0x1c _build/ble_conn_params.o
 .bss.m_conn_params_instances
                0x000000002000afbc       0x14 _build/ble_conn_params.o
 .bss.m_preferred_conn_params
                0x000000002000afd0        0x8 _build/ble_conn_params.o
 .bss.m_nrf_sdh_enabled
                0x000000002000afd8        0x1 _build/nrf_sdh.o
 .bss.m_stack_is_enabled
                0x000000002000afd9        0x1 _build/nrf_sdh_ble.o
 *fill*         0x000000002000afda        0x2 
 .bss.m_advertising
                0x000000002000afdc      0x258 _build/simple_ble.o
 .bss.m_gatt    0x000000002000b234       0x14 _build/simple_ble.o
 .bss.m_qwr     0x000000002000b248        0xc _build/simple_ble.o
 .bss.scan_buffer
                0x000000002000b254       0x1f _build/simple_ble.o
 *fill*         0x000000002000b273        0x1 
 .bss.__malloc_current_mallinfo
                0x000000002000b274       0x28 /usr/local/Cellar/arm-none-eabi-gcc/8-2018-q4-major/gcc/bin/../lib/gcc/arm-none-eabi/8.2.1/../../../../arm-none-eabi/lib/thumb/v7e-m+fp/hard/libc.a(lib_a-mallocr.o)
                0x000000002000b274                __malloc_current_mallinfo
 .bss.__malloc_max_sbrked_mem
                0x000000002000b29c        0x4 /usr/local/Cellar/arm-none-eabi-gcc/8-2018-q4-major/gcc/bin/../lib/gcc/arm-none-eabi/8.2.1/../../../../arm-none-eabi/lib/thumb/v7e-m+fp/hard/libc.a(lib_a-mallocr.o)
                0x000000002000b29c                __malloc_max_sbrked_mem
 .bss.__malloc_max_total_mem
                0x000000002000b2a0        0x4 /usr/local/Cellar/arm-none-eabi-gcc/8-2018-q4-major/gcc/bin/../lib/gcc/arm-none-eabi/8.2.1/../../../../arm-none-eabi/lib/thumb/v7e-m+fp/hard/libc.a(lib_a-mallocr.o)
                0x000000002000b2a0                __malloc_max_total_mem
 .bss.__malloc_top_pad
                0x000000002000b2a4        0x4 /usr/local/Cellar/arm-none-eabi-gcc/8-2018-q4-major/gcc/bin/../lib/gcc/arm-none-eabi/8.2.1/../../../../arm-none-eabi/lib/thumb/v7e-m+fp/hard/libc.a(lib_a-mallocr.o)
                0x000000002000b2a4                __malloc_top_pad
 .bss.heap_end.5501